Component: ARM Compiler 5.06 update 6 (build 750) Tool: armlink [4d35ed]

==============================================================================

Section Cross References

    startup_stm32f030x6.o(STACK) refers (Special) to heapauxi.o(.text) for __use_two_region_memory
    startup_stm32f030x6.o(HEAP) refers (Special) to heapauxi.o(.text) for __use_two_region_memory
    startup_stm32f030x6.o(RESET) refers (Special) to heapauxi.o(.text) for __use_two_region_memory
    startup_stm32f030x6.o(RESET) refers to startup_stm32f030x6.o(STACK) for __initial_sp
    startup_stm32f030x6.o(RESET) refers to startup_stm32f030x6.o(.text) for Reset_Handler
    startup_stm32f030x6.o(RESET) refers to stm32f0xx_it.o(i.NMI_Handler) for NMI_Handler
    startup_stm32f030x6.o(RESET) refers to stm32f0xx_it.o(i.HardFault_Handler) for HardFault_Handler
    startup_stm32f030x6.o(RESET) refers to stm32f0xx_it.o(i.SVC_Handler) for SVC_Handler
    startup_stm32f030x6.o(RESET) refers to stm32f0xx_it.o(i.PendSV_Handler) for PendSV_Handler
    startup_stm32f030x6.o(RESET) refers to stm32f0xx_it.o(i.SysTick_Handler) for SysTick_Handler
    startup_stm32f030x6.o(RESET) refers to stm32f0xx_it.o(i.USART1_IRQHandler) for USART1_IRQHandler
    startup_stm32f030x6.o(.text) refers (Special) to heapauxi.o(.text) for __use_two_region_memory
    startup_stm32f030x6.o(.text) refers to system_stm32f0xx.o(i.SystemInit) for SystemInit
    startup_stm32f030x6.o(.text) refers to __main.o(!!!main) for __main
    startup_stm32f030x6.o(.text) refers to startup_stm32f030x6.o(HEAP) for Heap_Mem
    startup_stm32f030x6.o(.text) refers to startup_stm32f030x6.o(STACK) for Stack_Mem
    main.o(i.SystemClock_Config) refers to rt_memclr.o(.text) for __aeabi_memclr4
    main.o(i.SystemClock_Config) refers to stm32f0xx_hal_rcc.o(i.HAL_RCC_OscConfig) for HAL_RCC_OscConfig
    main.o(i.SystemClock_Config) refers to stm32f0xx_hal_rcc.o(i.HAL_RCC_ClockConfig) for HAL_RCC_ClockConfig
    main.o(i.SystemClock_Config) refers to stm32f0xx_hal_rcc_ex.o(i.HAL_RCCEx_PeriphCLKConfig) for HAL_RCCEx_PeriphCLKConfig
    main.o(i.main) refers to stm32f0xx_hal.o(i.HAL_Init) for HAL_Init
    main.o(i.main) refers to main.o(i.SystemClock_Config) for SystemClock_Config
    main.o(i.main) refers to gpio.o(i.MX_GPIO_Init) for MX_GPIO_Init
    main.o(i.main) refers to usart.o(i.MX_USART1_UART_Init) for MX_USART1_UART_Init
    main.o(i.main) refers to cs1237.o(i.CS1237_Init) for CS1237_Init
    main.o(i.main) refers to cs1237.o(i.CS1237_SetGain) for CS1237_SetGain
    main.o(i.main) refers to rt_memclr.o(.text) for __aeabi_memclr4
    main.o(i.main) refers to pressure_threshold_store.o(i.PressureThreshold_Load) for PressureThreshold_Load
    main.o(i.main) refers to pressure_threshold_store.o(i.PressureThreshold_SetRuntime) for PressureThreshold_SetRuntime
    main.o(i.main) refers to pressure_auto_zero.o(i.PressureAutoZero_Init) for PressureAutoZero_Init
    main.o(i.main) refers to calibration_protocol.o(i.CalibrationProtocol_Init) for CalibrationProtocol_Init
    main.o(i.main) refers to calibration_protocol.o(i.CalibrationProtocol_Process) for CalibrationProtocol_Process
    main.o(i.main) refers to cs1237.o(i.CS1237_ReadMedianChecked) for CS1237_ReadMedianChecked
    main.o(i.main) refers to stm32f0xx_hal_gpio.o(i.HAL_GPIO_ReadPin) for HAL_GPIO_ReadPin
    main.o(i.main) refers to protocol.o(i.CS1237UartProtocol_PackDeviceCode) for CS1237UartProtocol_PackDeviceCode
    main.o(i.main) refers to pressure_auto_zero.o(i.PressureAutoZero_Update) for PressureAutoZero_Update
    main.o(i.main) refers to pressure_auto_zero.o(i.PressureAutoZero_IsReady) for PressureAutoZero_IsReady
    main.o(i.main) refers to pressure_auto_zero.o(i.PressureAutoZero_GetBootEmptyRaw) for PressureAutoZero_GetBootEmptyRaw
    main.o(i.main) refers to pressure_auto_zero.o(i.PressureAutoZero_GetSessionZeroRaw) for PressureAutoZero_GetSessionZeroRaw
    main.o(i.main) refers to weight_calibration.o(i.WeightCalibration_ApplySessionX10) for WeightCalibration_ApplySessionX10
    main.o(i.main) refers to pressure_threshold_store.o(i.PressureThreshold_GetRuntime) for PressureThreshold_GetRuntime
    main.o(i.main) refers to protocol.o(i.CS1237UartProtocol_BuildReportFrame) for CS1237UartProtocol_BuildReportFrame
    main.o(i.main) refers to stm32f0xx_hal_uart.o(i.HAL_UART_Transmit) for HAL_UART_Transmit
    main.o(i.main) refers to stm32f0xx_hal.o(i.HAL_Delay) for HAL_Delay
    main.o(i.main) refers to main.o(.data) for .data
    main.o(i.main) refers to usart.o(.bss) for huart1
    gpio.o(i.MX_GPIO_Init) refers to rt_memclr.o(.text) for __aeabi_memclr4
    gpio.o(i.MX_GPIO_Init) refers to stm32f0xx_hal_gpio.o(i.HAL_GPIO_WritePin) for HAL_GPIO_WritePin
    gpio.o(i.MX_GPIO_Init) refers to stm32f0xx_hal_gpio.o(i.HAL_GPIO_Init) for HAL_GPIO_Init
    adc.o(i.HAL_ADC_MspDeInit) refers to stm32f0xx_hal_gpio.o(i.HAL_GPIO_DeInit) for HAL_GPIO_DeInit
[...]
    ../Core/Src/system_stm32f0xx.c           0x00000000   Number         0  system_stm32f0xx.o ABSOLUTE
    ../Core/Src/usart.c                      0x00000000   Number         0  usart.o ABSOLUTE
    ../Core/Src/weight_calibration.c         0x00000000   Number         0  weight_calibration.o ABSOLUTE
    ../Drivers/STM32F0xx_HAL_Driver/Src/stm32f0xx_hal.c 0x00000000   Number         0  stm32f0xx_hal.o ABSOLUTE
    ../Drivers/STM32F0xx_HAL_Driver/Src/stm32f0xx_hal_adc.c 0x00000000   Number         0  stm32f0xx_hal_adc.o ABSOLUTE
    ../Drivers/STM32F0xx_HAL_Driver/Src/stm32f0xx_hal_adc_ex.c 0x00000000   Number         0  stm32f0xx_hal_adc_ex.o ABSOLUTE
    ../Drivers/STM32F0xx_HAL_Driver/Src/stm32f0xx_hal_cortex.c 0x00000000   Number         0  stm32f0xx_hal_cortex.o ABSOLUTE
    ../Drivers/STM32F0xx_HAL_Driver/Src/stm32f0xx_hal_dma.c 0x00000000   Number         0  stm32f0xx_hal_dma.o ABSOLUTE
    ../Drivers/STM32F0xx_HAL_Driver/Src/stm32f0xx_hal_exti.c 0x00000000   Number         0  stm32f0xx_hal_exti.o ABSOLUTE
    ../Drivers/STM32F0xx_HAL_Driver/Src/stm32f0xx_hal_flash.c 0x00000000   Number         0  stm32f0xx_hal_flash.o ABSOLUTE
    ../Drivers/STM32F0xx_HAL_Driver/Src/stm32f0xx_hal_flash_ex.c 0x00000000   Number         0  stm32f0xx_hal_flash_ex.o ABSOLUTE
    ../Drivers/STM32F0xx_HAL_Driver/Src/stm32f0xx_hal_gpio.c 0x00000000   Number         0  stm32f0xx_hal_gpio.o ABSOLUTE
    ../Drivers/STM32F0xx_HAL_Driver/Src/stm32f0xx_hal_i2c.c 0x00000000   Number         0  stm32f0xx_hal_i2c.o ABSOLUTE
    ../Drivers/STM32F0xx_HAL_Driver/Src/stm32f0xx_hal_i2c_ex.c 0x00000000   Number         0  stm32f0xx_hal_i2c_ex.o ABSOLUTE
    ../Drivers/STM32F0xx_HAL_Driver/Src/stm32f0xx_hal_pwr.c 0x00000000   Number         0  stm32f0xx_hal_pwr.o ABSOLUTE
    ../Drivers/STM32F0xx_HAL_Driver/Src/stm32f0xx_hal_pwr_ex.c 0x00000000   Number         0  stm32f0xx_hal_pwr_ex.o ABSOLUTE
    ../Drivers/STM32F0xx_HAL_Driver/Src/stm32f0xx_hal_rcc.c 0x00000000   Number         0  stm32f0xx_hal_rcc.o ABSOLUTE
    ../Drivers/STM32F0xx_HAL_Driver/Src/stm32f0xx_hal_rcc_ex.c 0x00000000   Number         0  stm32f0xx_hal_rcc_ex.o ABSOLUTE
    ../Drivers/STM32F0xx_HAL_Driver/Src/stm32f0xx_hal_uart.c 0x00000000   Number         0  stm32f0xx_hal_uart.o ABSOLUTE
    ../Drivers/STM32F0xx_HAL_Driver/Src/stm32f0xx_hal_uart_ex.c 0x00000000   Number         0  stm32f0xx_hal_uart_ex.o ABSOLUTE
    ../clib/angel/boardlib.s                 0x00000000   Number         0  boardinit1.o ABSOLUTE
    ../clib/angel/boardlib.s                 0x00000000   Number         0  boardshut.o ABSOLUTE
    ../clib/angel/boardlib.s                 0x00000000   Number         0  boardinit2.o ABSOLUTE
    ../clib/angel/boardlib.s                 0x00000000   Number         0  boardinit3.o ABSOLUTE
    ../clib/angel/handlers.s                 0x00000000   Number         0  __scatter_zi.o ABSOLUTE
    ../clib/angel/handlers.s                 0x00000000   Number         0  __scatter_copy.o ABSOLUTE
    ../clib/angel/kernel.s                   0x00000000   Number         0  rtexit.o ABSOLUTE
    ../clib/angel/kernel.s                   0x00000000   Number         0  rtexit2.o ABSOLUTE
    ../clib/angel/kernel.s                   0x00000000   Number         0  __rtentry.o ABSOLUTE
    ../clib/angel/kernel.s                   0x00000000   Number         0  __rtentry2.o ABSOLUTE
    ../clib/angel/kernel.s                   0x00000000   Number         0  __rtentry4.o ABSOLUTE
    ../clib/angel/rt.s                       0x00000000   Number         0  rt_raise.o ABSOLUTE
    ../clib/angel/rt.s                       0x00000000   Number         0  aeabi_idiv0.o ABSOLUTE
    ../clib/angel/rt.s                       0x00000000   Number         0  aeabi_ldiv0.o ABSOLUTE
    ../clib/angel/rt.s                       0x00000000   Number         0  aeabi_ldiv0_sigfpe.o ABSOLUTE
    ../clib/angel/rt.s                       0x00000000   Number         0  rt_div0.o ABSOLUTE
    ../clib/angel/rt.s                       0x00000000   Number         0  aeabi_idiv0_sigfpe.o ABSOLUTE
    ../clib/angel/scatterp.s                 0x00000000   Number         0  __scatter.o ABSOLUTE
    ../clib/angel/startup.s                  0x00000000   Number         0  __main.o ABSOLUTE
    ../clib/angel/sys.s                      0x00000000   Number         0  libspace.o ABSOLUTE
    ../clib/angel/sys.s                      0x00000000   Number         0  tempstk.o ABSOLUTE
    ../clib/angel/sys.s                      0x00000000   Number         0  use_no_semi.o ABSOLUTE
    ../clib/angel/sys.s                      0x00000000   Number         0  indicate_semi.o ABSOLUTE
    ../clib/angel/sys.s                      0x00000000   Number         0  sys_stackheap_outer.o ABSOLUTE
    ../clib/angel/sysapp.c                   0x00000000   Number         0  sys_command.o ABSOLUTE
    ../clib/angel/sysapp.c                   0x00000000   Number         0  sys_exit.o ABSOLUTE
    ../clib/angel/sysapp.c                   0x00000000   Number         0  sys_wrch.o ABSOLUTE
    ../clib/armsys.c                         0x00000000   Number         0  no_argv.o ABSOLUTE
    ../clib/armsys.c                         0x00000000   Number         0  argv_veneer.o ABSOLUTE
    ../clib/armsys.c                         0x00000000   Number         0  _get_argv_nomalloc.o ABSOLUTE
    ../clib/division.c                       0x00000000   Number         0  llsdiv.o ABSOLUTE
    ../clib/division.c                       0x00000000   Number         0  lludiv.o ABSOLUTE
    ../clib/division.s                       0x00000000   Number         0  aeabi_sdiv.o ABSOLUTE
    ../clib/division.s                       0x00000000   Number         0  aeabi_sdiv_div0.o ABSOLUTE
    ../clib/heapalloc.c                      0x00000000   Number         0  hrguard.o ABSOLUTE
    ../clib/heapaux.c                        0x00000000   Number         0  heapauxi.o ABSOLUTE
    ../clib/libinit.s                        0x00000000   Number         0  libinit2.o ABSOLUTE
    ../clib/libinit.s                        0x00000000   Number         0  libshutdown.o ABSOLUTE
    ../clib/libinit.s                        0x00000000   Number         0  libinit.o ABSOLUTE
    ../clib/libinit.s                        0x00000000   Number         0  libshutdown2.o ABSOLUTE
    ../clib/longlong.c                       0x00000000   Number         0  llushr.o ABSOLUTE
    ../clib/longlong.c                       0x00000000   Number         0  llmul.o ABSOLUTE
    ../clib/memcpset.c                       0x00000000   Number         0  rt_memclr.o ABSOLUTE
    ../clib/signal.c                         0x00000000   Number         0  defsig_exit.o ABSOLUTE
    ../clib/signal.c                         0x00000000   Number         0  __raise.o ABSOLUTE
    ../clib/signal.c                         0x00000000   Number         0  defsig_other.o ABSOLUTE
    ../clib/signal.c                         0x00000000   Number         0  defsig_general.o ABSOLUTE
    ../clib/signal.c                         0x00000000   Number         0  defsig_fpe_inner.o ABSOLUTE
    ../clib/signal.c                         0x00000000   Number         0  defsig_segv_inner.o ABSOLUTE
    ../clib/signal.c                         0x00000000   Number         0  defsig_abrt_inner.o ABSOLUTE
    ../clib/signal.c                         0x00000000   Number         0  defsig_rtred_inner.o ABSOLUTE
    ../clib/signal.c                         0x00000000   Number         0  defsig_rtmem_inner.o ABSOLUTE
    ../clib/signal.c                         0x00000000   Number         0  defsig_rtmem_outer.o ABSOLUTE
    ../clib/signal.c                         0x00000000   Number         0  defsig_stak_inner.o ABSOLUTE
    ../clib/signal.c                         0x00000000   Number         0  defsig_rtmem_formal.o ABSOLUTE
    ../clib/signal.c                         0x00000000   Number         0  defsig_cppl_inner.o ABSOLUTE
    ../clib/signal.c                         0x00000000   Number         0  defsig_pvfn_inner.o ABSOLUTE
    ../clib/signal.c                         0x00000000   Number         0  defsig_fpe_formal.o ABSOLUTE
    ../clib/signal.c                         0x00000000   Number         0  defsig_fpe_outer.o ABSOLUTE
    ../clib/signal.s                         0x00000000   Number         0  defsig.o ABSOLUTE
    ../clib/stdlib.c                         0x00000000   Number         0  exit.o ABSOLUTE
    ../fplib/cfplib/fpinit.c                 0x00000000   Number         0  fpinit.o ABSOLUTE
    ..\Core\Src\adc.c                        0x00000000   Number         0  adc.o ABSOLUTE
    ..\Core\Src\calibration_protocol.c       0x00000000   Number         0  calibration_protocol.o ABSOLUTE
    ..\Core\Src\cs1237.c                     0x00000000   Number         0  cs1237.o ABSOLUTE
    ..\Core\Src\gpio.c                       0x00000000   Number         0  gpio.o ABSOLUTE
    ..\Core\Src\main.c                       0x00000000   Number         0  main.o ABSOLUTE
    ..\Core\Src\pressure_auto_zero.c         0x00000000   Number         0  pressure_auto_zero.o ABSOLUTE
    ..\Core\Src\pressure_threshold_store.c   0x00000000   Number         0  pressure_threshold_store.o ABSOLUTE
    ..\Core\Src\pressure_zero_store.c        0x00000000   Number         0  pressure_zero_store.o ABSOLUTE
    ..\Core\Src\protocol.c                   0x00000000   Number         0  protocol.o ABSOLUTE
    ..\Core\Src\stm32f0xx_hal_msp.c          0x00000000   Number         0  stm32f0xx_hal_msp.o ABSOLUTE
    ..\Core\Src\stm32f0xx_it.c               0x00000000   Number         0  stm32f0xx_it.o ABSOLUTE
    ..\Core\Src\system_stm32f0xx.c           0x00000000   Number         0  system_stm32f0xx.o ABSOLUTE
    ..\Core\Src\usart.c                      0x00000000   Number         0  usart.o ABSOLUTE
    ..\Core\Src\weight_calibration.c         0x00000000   Number         0  weight_calibration.o ABSOLUTE
    ..\Drivers\STM32F0xx_HAL_Driver\Src\stm32f0xx_hal.c 0x00000000   Number         0  stm32f0xx_hal.o ABSOLUTE
    ..\Drivers\STM32F0xx_HAL_Driver\Src\stm32f0xx_hal_adc.c 0x00000000   Number         0  stm32f0xx_hal_adc.o ABSOLUTE
    ..\Drivers\STM32F0xx_HAL_Driver\Src\stm32f0xx_hal_adc_ex.c 0x00000000   Number         0  stm32f0xx_hal_adc_ex.o ABSOLUTE
    ..\Drivers\STM32F0xx_HAL_Driver\Src\stm32f0xx_hal_cortex.c 0x00000000   Number         0  stm32f0xx_hal_cortex.o ABSOLUTE
    ..\Drivers\STM32F0xx_HAL_Driver\Src\stm32f0xx_hal_dma.c 0x00000000   Number         0  stm32f0xx_hal_dma.o ABSOLUTE
    ..\Drivers\STM32F0xx_HAL_Driver\Src\stm32f0xx_hal_exti.c 0x00000000   Number         0  stm32f0xx_hal_exti.o ABSOLUTE
    ..\Drivers\STM32F0xx_HAL_Driver\Src\stm32f0xx_hal_flash.c 0x00000000   Number         0  stm32f0xx_hal_flash.o ABSOLUTE
    ..\Drivers\STM32F0xx_HAL_Driver\Src\stm32f0xx_hal_flash_ex.c 0x00000000   Number         0  stm32f0xx_hal_flash_ex.o ABSOLUTE
    ..\Drivers\STM32F0xx_HAL_Driver\Src\stm32f0xx_hal_gpio.c 0x00000000   Number         0  stm32f0xx_hal_gpio.o ABSOLUTE
    ..\Drivers\STM32F0xx_HAL_Driver\Src\stm32f0xx_hal_i2c.c 0x00000000   Number         0  stm32f0xx_hal_i2c.o ABSOLUTE
    ..\Drivers\STM32F0xx_HAL_Driver\Src\stm32f0xx_hal_i2c_ex.c 0x00000000   Number         0  stm32f0xx_hal_i2c_ex.o ABSOLUTE
    ..\Drivers\STM32F0xx_HAL_Driver\Src\stm32f0xx_hal_pwr.c 0x00000000   Number         0  stm32f0xx_hal_pwr.o ABSOLUTE
    ..\Drivers\STM32F0xx_HAL_Driver\Src\stm32f0xx_hal_pwr_ex.c 0x00000000   Number         0  stm32f0xx_hal_pwr_ex.o ABSOLUTE
    ..\Drivers\STM32F0xx_HAL_Driver\Src\stm32f0xx_hal_rcc.c 0x00000000   Number         0  stm32f0xx_hal_rcc.o ABSOLUTE
    ..\Drivers\STM32F0xx_HAL_Driver\Src\stm32f0xx_hal_rcc_ex.c 0x00000000   Number         0  stm32f0xx_hal_rcc_ex.o ABSOLUTE
    ..\Drivers\STM32F0xx_HAL_Driver\Src\stm32f0xx_hal_uart.c 0x00000000   Number         0  stm32f0xx_hal_uart.o ABSOLUTE
    ..\Drivers\STM32F0xx_HAL_Driver\Src\stm32f0xx_hal_uart_ex.c 0x00000000   Number         0  stm32f0xx_hal_uart_ex.o ABSOLUTE
    dc.s                                     0x00000000   Number         0  dc.o ABSOLUTE
    startup_stm32f030x6.s                    0x00000000   Number         0  startup_stm32f030x6.o ABSOLUTE
    RESET                                    0x08000000   Section      176  startup_stm32f030x6.o(RESET)
    !!!main                                  0x080000b0   Section        8  __main.o(!!!main)
    !!!scatter                               0x080000b8   Section       60  __scatter.o(!!!scatter)
    !!handler_copy                           0x080000f4   Section       26  __scatter_copy.o(!!handler_copy)
    !!handler_zi                             0x08000110   Section       28  __scatter_zi.o(!!handler_zi)
    .ARM.Collect$$libinit$$00000000          0x0800012c   Section        2  libinit.o(.ARM.Collect$$libinit$$00000000)
    .ARM.Collect$$libinit$$00000002          0x0800012e   Section        0  libinit2.o(.ARM.Collect$$libinit$$00000002)
    .ARM.Collect$$libinit$$00000004          0x0800012e   Section        0  libinit2.o(.ARM.Collect$$libinit$$00000004)
    .ARM.Collect$$libinit$$0000000A          0x0800012e   Section        0  libinit2.o(.ARM.Collect$$libinit$$0000000A)
    .ARM.Collect$$libinit$$0000000C          0x0800012e   Section        0  libinit2.o(.ARM.Collect$$libinit$$0000000C)
    .ARM.Collect$$libinit$$0000000E          0x0800012e   Section        0  libinit2.o(.ARM.Collect$$libinit$$0000000E)
    .ARM.Collect$$libinit$$00000011          0x0800012e   Section        0  libinit2.o(.ARM.Collect$$libinit$$00000011)
    .ARM.Collect$$libinit$$00000013          0x0800012e   Section        0  libinit2.o(.ARM.Collect$$libinit$$00000013)
    .ARM.Collect$$libinit$$00000015          0x0800012e   Section        0  libinit2.o(.ARM.Collect$$libinit$$00000015)
    .ARM.Collect$$libinit$$00000017          0x0800012e   Section        0  libinit2.o(.ARM.Collect$$libinit$$00000017)
    .ARM.Collect$$libinit$$00000019          0x0800012e   Section        0  libinit2.o(.ARM.Collect$$libinit$$00000019)
    .ARM.Collect$$libinit$$0000001B          0x0800012e   Section        0  libinit2.o(.ARM.Collect$$libinit$$0000001B)
    .ARM.Collect$$libinit$$0000001D          0x0800012e   Section        0  libinit2.o(.ARM.Collect$$libinit$$0000001D)
    .ARM.Collect$$libinit$$0000001F          0x0800012e   Section        0  libinit2.o(.ARM.Collect$$libinit$$0000001F)
    .ARM.Collect$$libinit$$00000021          0x0800012e   Section        0  libinit2.o(.ARM.Collect$$libinit$$00000021)
    .ARM.Collect$$libinit$$00000023          0x0800012e   Section        0  libinit2.o(.ARM.Collect$$libinit$$00000023)
    .ARM.Collect$$libinit$$00000025          0x0800012e   Section        0  libinit2.o(.ARM.Collect$$libinit$$00000025)
    .ARM.Collect$$libinit$$0000002C          0x0800012e   Section        0  libinit2.o(.ARM.Collect$$libinit$$0000002C)
    .ARM.Collect$$libinit$$0000002E          0x0800012e   Section        0  libinit2.o(.ARM.Collect$$libinit$$0000002E)
    .ARM.Collect$$libinit$$00000030          0x0800012e   Section        0  libinit2.o(.ARM.Collect$$libinit$$00000030)
    .ARM.Collect$$libinit$$00000032          0x0800012e   Section        0  libinit2.o(.ARM.Collect$$libinit$$00000032)
    .ARM.Collect$$libinit$$00000033          0x0800012e   Section        2  libinit2.o(.ARM.Collect$$libinit$$00000033)
    .ARM.Collect$$libshutdown$$00000000      0x08000130   Section        2  libshutdown.o(.ARM.Collect$$libshutdown$$00000000)
    .ARM.Collect$$libshutdown$$00000002      0x08000132   Section        0  libshutdown2.o(.ARM.Collect$$libshutdown$$00000002)
    .ARM.Collect$$libshutdown$$00000004      0x08000132   Section        0  libshutdown2.o(.ARM.Collect$$libshutdown$$00000004)
    .ARM.Collect$$libshutdown$$00000007      0x08000132   Section        0  libshutdown2.o(.ARM.Collect$$libshutdown$$00000007)
    .ARM.Collect$$libshutdown$$0000000A      0x08000132   Section        0  libshutdown2.o(.ARM.Collect$$libshutdown$$0000000A)
    .ARM.Collect$$libshutdown$$0000000C      0x08000132   Section        0  libshutdown2.o(.ARM.Collect$$libshutdown$$0000000C)
    .ARM.Collect$$libshutdown$$0000000F      0x08000132   Section        0  libshutdown2.o(.ARM.Collect$$libshutdown$$0000000F)
    .ARM.Collect$$libshutdown$$00000010      0x08000132   Section        2  libshutdown2.o(.ARM.Collect$$libshutdown$$00000010)
    .ARM.Collect$$rtentry$$00000000          0x08000134   Section        0  __rtentry.o(.ARM.Collect$$rtentry$$00000000)
    .ARM.Collect$$rtentry$$00000002          0x08000134   Section        0  __rtentry2.o(.ARM.Collect$$rtentry$$00000002)
    .ARM.Collect$$rtentry$$00000004          0x08000134   Section        6  __rtentry4.o(.ARM.Collect$$rtentry$$00000004)
    .ARM.Collect$$rtentry$$00000009          0x0800013a   Section        0  __rtentry2.o(.ARM.Collect$$rtentry$$00000009)
    .ARM.Collect$$rtentry$$0000000A          0x0800013a   Section        4  __rtentry2.o(.ARM.Collect$$rtentry$$0000000A)
    .ARM.Collect$$rtentry$$0000000C          0x0800013e   Section        0  __rtentry2.o(.ARM.Collect$$rtentry$$0000000C)
    .ARM.Collect$$rtentry$$0000000D          0x0800013e   Section        8  __rtentry2.o(.ARM.Collect$$rtentry$$0000000D)
    .ARM.Collect$$rtexit$$00000000           0x08000146   Section        2  rtexit.o(.ARM.Collect$$rtexit$$00000000)
    .ARM.Collect$$rtexit$$00000002           0x08000148   Section        0  rtexit2.o(.ARM.Collect$$rtexit$$00000002)
    .ARM.Collect$$rtexit$$00000003           0x08000148   Section        4  rtexit2.o(.ARM.Collect$$rtexit$$00000003)
    .ARM.Collect$$rtexit$$00000004           0x0800014c   Section        6  rtexit2.o(.ARM.Collect$$rtexit$$00000004)
    .text                                    0x08000154   Section       56  startup_stm32f030x6.o(.text)
    .text                                    0x0800018c   Section        0  llushr.o(.text)
    .text                                    0x080001ae   Section        0  llmul.o(.text)
    .text                                    0x080001de   Section        0  llsdiv.o(.text)
    .text                                    0x0800024e   Section        0  lludiv.o(.text)
    .text                                    0x08000350   Section        0  rt_memclr.o(.text)
    .text                                    0x08000390   Section      346  aeabi_sdiv.o(.text)
    .text                                    0x080004ea   Section        0  heapauxi.o(.text)
    .text                                    0x080004f0   Section       62  sys_stackheap_outer.o(.text)
    .text                                    0x0800052e   Section        0  exit.o(.text)
    .text                                    0x08000540   Section        8  libspace.o(.text)
    .text                                    0x08000548   Section        0  sys_exit.o(.text)
    .text                                    0x08000554   Section        2  use_no_semi.o(.text)
    .text                                    0x08000556   Section        0  indicate_semi.o(.text)
    i.CS1237UartProtocol_BuildReportFrame    0x08000556   Section        0  protocol.o(i.CS1237UartProtocol_BuildReportFrame)
    i.CS1237UartProtocol_Crc16Modbus         0x080005b8   Section        0  protocol.o(i.CS1237UartProtocol_Crc16Modbus)
    i.CS1237UartProtocol_IsKnownDeviceCode   0x080005f8   Section        0  protocol.o(i.CS1237UartProtocol_IsKnownDeviceCode)
    i.CS1237UartProtocol_PackDeviceCode      0x08000610   Section        0  protocol.o(i.CS1237UartProtocol_PackDeviceCode)
    i.CS1237UartProtocol_WriteU16LittleEndian 0x08000628   Section        0  protocol.o(i.CS1237UartProtocol_WriteU16LittleEndian)
    CS1237UartProtocol_WriteU16LittleEndian  0x08000629   Thumb Code     8  protocol.o(i.CS1237UartProtocol_WriteU16LittleEndian)
    i.CS1237UartProtocol_WriteU32LittleEndian 0x08000630   Section        0  protocol.o(i.CS1237UartProtocol_WriteU32LittleEndian)
    CS1237UartProtocol_WriteU32LittleEndian  0x08000631   Thumb Code    16  protocol.o(i.CS1237UartProtocol_WriteU32LittleEndian)
    i.CS1237_DelayShort                      0x08000640   Section        0  cs1237.o(i.CS1237_DelayShort)
    CS1237_DelayShort                        0x08000641   Thumb Code    24  cs1237.o(i.CS1237_DelayShort)
    i.CS1237_EnableGpioClock                 0x08000658   Section        0  cs1237.o(i.CS1237_EnableGpioClock)
    CS1237_EnableGpioClock                   0x08000659   Thumb Code    68  cs1237.o(i.CS1237_EnableGpioClock)
    i.CS1237_GPIO_Init                       0x080006ac   Section        0  cs1237.o(i.CS1237_GPIO_Init)
    i.CS1237_Init                            0x080006ec   Section        0  cs1237.o(i.CS1237_Init)
    i.CS1237_PulseClock                      0x08000708   Section        0  cs1237.o(i.CS1237_PulseClock)
    CS1237_PulseClock                        0x08000709   Thumb Code    20  cs1237.o(i.CS1237_PulseClock)
    i.CS1237_ReadDataFrame                   0x0800071c   Section        0  cs1237.o(i.CS1237_ReadDataFrame)
    CS1237_ReadDataFrame                     0x0800071d   Thumb Code   194  cs1237.o(i.CS1237_ReadDataFrame)
    i.CS1237_ReadDataPin                     0x080007e4   Section        0  cs1237.o(i.CS1237_ReadDataPin)
    CS1237_ReadDataPin                       0x080007e5   Thumb Code    14  cs1237.o(i.CS1237_ReadDataPin)
    i.CS1237_ReadMedianChecked               0x080007f4   Section        0  cs1237.o(i.CS1237_ReadMedianChecked)
    i.CS1237_ReadRawSigned                   0x08000874   Section        0  cs1237.o(i.CS1237_ReadRawSigned)
    i.CS1237_SckHigh                         0x08000880   Section        0  cs1237.o(i.CS1237_SckHigh)
    CS1237_SckHigh                           0x08000881   Thumb Code    16  cs1237.o(i.CS1237_SckHigh)
    i.CS1237_SckLow                          0x08000890   Section        0  cs1237.o(i.CS1237_SckLow)
    CS1237_SckLow                            0x08000891   Thumb Code    16  cs1237.o(i.CS1237_SckLow)
    i.CS1237_SetConfig                       0x080008a0   Section        0  cs1237.o(i.CS1237_SetConfig)
    i.CS1237_SetDataPinInput                 0x080008c0   Section        0  cs1237.o(i.CS1237_SetDataPinInput)
    CS1237_SetDataPinInput                   0x080008c1   Thumb Code    38  cs1237.o(i.CS1237_SetDataPinInput)
    i.CS1237_SetGain                         0x080008e8   Section        0  cs1237.o(i.CS1237_SetGain)
    i.CS1237_WriteConfigRegister             0x08000904   Section        0  cs1237.o(i.CS1237_WriteConfigRegister)
    CS1237_WriteConfigRegister               0x08000905   Thumb Code   148  cs1237.o(i.CS1237_WriteConfigRegister)
    i.CS1237_WriteDataPin                    0x0800099c   Section        0  cs1237.o(i.CS1237_WriteDataPin)
    CS1237_WriteDataPin                      0x0800099d   Thumb Code    16  cs1237.o(i.CS1237_WriteDataPin)
    i.CalibrationProtocol_BuildAck           0x080009ac   Section        0  calibration_protocol.o(i.CalibrationProtocol_BuildAck)
    CalibrationProtocol_BuildAck             0x080009ad   Thumb Code    68  calibration_protocol.o(i.CalibrationProtocol_BuildAck)
    i.CalibrationProtocol_DropRxBytes        0x080009f8   Section        0  calibration_protocol.o(i.CalibrationProtocol_DropRxBytes)
    CalibrationProtocol_DropRxBytes          0x080009f9   Thumb Code    42  calibration_protocol.o(i.CalibrationProtocol_DropRxBytes)
    i.CalibrationProtocol_Init               0x08000a2c   Section        0  calibration_protocol.o(i.CalibrationProtocol_Init)
    i.CalibrationProtocol_OnRxByte           0x08000a50   Section        0  calibration_protocol.o(i.CalibrationProtocol_OnRxByte)
    i.CalibrationProtocol_ParseRx            0x08000a7c   Section        0  calibration_protocol.o(i.CalibrationProtocol_ParseRx)
    CalibrationProtocol_ParseRx              0x08000a7d   Thumb Code   200  calibration_protocol.o(i.CalibrationProtocol_ParseRx)
    i.CalibrationProtocol_Process            0x08000b4c   Section        0  calibration_protocol.o(i.CalibrationProtocol_Process)
    i.Error_Handler                          0x08000bc4   Section        0  main.o(i.Error_Handler)
    i.FLASH_MassErase                        0x08000bc8   Section        0  stm32f0xx_hal_flash_ex.o(i.FLASH_MassErase)
    FLASH_MassErase                          0x08000bc9   Thumb Code    26  stm32f0xx_hal_flash_ex.o(i.FLASH_MassErase)
    i.FLASH_PageErase                        0x08000bec   Section        0  stm32f0xx_hal_flash_ex.o(i.FLASH_PageErase)
    i.FLASH_Program_HalfWord                 0x08000c10   Section        0  stm32f0xx_hal_flash.o(i.FLASH_Program_HalfWord)
    FLASH_Program_HalfWord                   0x08000c11   Thumb Code    22  stm32f0xx_hal_flash.o(i.FLASH_Program_HalfWord)
    i.FLASH_SetErrorCode                     0x08000c30   Section        0  stm32f0xx_hal_flash.o(i.FLASH_SetErrorCode)
    FLASH_SetErrorCode                       0x08000c31   Thumb Code    46  stm32f0xx_hal_flash.o(i.FLASH_SetErrorCode)
    i.FLASH_WaitForLastOperation             0x08000c68   Section        0  stm32f0xx_hal_flash.o(i.FLASH_WaitForLastOperation)
    i.HAL_DMA_Abort                          0x08000cb8   Section        0  stm32f0xx_hal_dma.o(i.HAL_DMA_Abort)
    i.HAL_DMA_Abort_IT                       0x08000cf8   Section        0  stm32f0xx_hal_dma.o(i.HAL_DMA_Abort_IT)
    i.HAL_Delay                              0x08000d40   Section        0  stm32f0xx_hal.o(i.HAL_Delay)
    i.HAL_FLASHEx_Erase                      0x08000d64   Section        0  stm32f0xx_hal_flash_ex.o(i.HAL_FLASHEx_Erase)
    i.HAL_FLASH_Lock                         0x08000e04   Section        0  stm32f0xx_hal_flash.o(i.HAL_FLASH_Lock)
    i.HAL_FLASH_Program                      0x08000e18   Section        0  stm32f0xx_hal_flash.o(i.HAL_FLASH_Program)
    i.HAL_FLASH_Unlock                       0x08000e94   Section        0  stm32f0xx_hal_flash.o(i.HAL_FLASH_Unlock)
    i.HAL_GPIO_Init                          0x08000ebc   Section        0  stm32f0xx_hal_gpio.o(i.HAL_GPIO_Init)
    i.HAL_GPIO_ReadPin                       0x08001060   Section        0  stm32f0xx_hal_gpio.o(i.HAL_GPIO_ReadPin)
    i.HAL_GPIO_WritePin                      0x0800106a   Section        0  stm32f0xx_hal_gpio.o(i.HAL_GPIO_WritePin)
    i.HAL_GetTick                            0x08001078   Section        0  stm32f0xx_hal.o(i.HAL_GetTick)
    i.HAL_IncTick                            0x08001084   Section        0  stm32f0xx_hal.o(i.HAL_IncTick)
    i.HAL_Init                               0x08001094   Section        0  stm32f0xx_hal.o(i.HAL_Init)
    i.HAL_InitTick                           0x080010b4   Section        0  stm32f0xx_hal.o(i.HAL_InitTick)
    i.HAL_MspInit                            0x080010f8   Section        0  stm32f0xx_hal_msp.o(i.HAL_MspInit)
    i.HAL_NVIC_EnableIRQ                     0x08001120   Section        0  stm32f0xx_hal_cortex.o(i.HAL_NVIC_EnableIRQ)
    i.HAL_NVIC_SetPriority                   0x08001138   Section        0  stm32f0xx_hal_cortex.o(i.HAL_NVIC_SetPriority)
    i.HAL_RCCEx_PeriphCLKConfig              0x08001140   Section        0  stm32f0xx_hal_rcc_ex.o(i.HAL_RCCEx_PeriphCLKConfig)
    i.HAL_RCC_ClockConfig                    0x08001228   Section        0  stm32f0xx_hal_rcc.o(i.HAL_RCC_ClockConfig)
    i.HAL_RCC_GetPCLK1Freq                   0x08001330   Section        0  stm32f0xx_hal_rcc.o(i.HAL_RCC_GetPCLK1Freq)
    i.HAL_RCC_GetSysClockFreq                0x08001350   Section        0  stm32f0xx_hal_rcc.o(i.HAL_RCC_GetSysClockFreq)
    i.HAL_RCC_OscConfig                      0x080013a4   Section        0  stm32f0xx_hal_rcc.o(i.HAL_RCC_OscConfig)
    i.HAL_SYSTICK_Config                     0x0800172c   Section        0  stm32f0xx_hal_cortex.o(i.HAL_SYSTICK_Config)
    i.HAL_UARTEx_RxEventCallback             0x0800175c   Section        0  stm32f0xx_hal_uart.o(i.HAL_UARTEx_RxEventCallback)
    i.HAL_UART_ErrorCallback                 0x08001760   Section        0  calibration_protocol.o(i.HAL_UART_ErrorCallback)
    i.HAL_UART_IRQHandler                    0x08001780   Section        0  stm32f0xx_hal_uart.o(i.HAL_UART_IRQHandler)
    i.HAL_UART_Init                          0x08001a14   Section        0  stm32f0xx_hal_uart.o(i.HAL_UART_Init)
    i.HAL_UART_MspInit                       0x08001a80   Section        0  usart.o(i.HAL_UART_MspInit)
    i.HAL_UART_Receive_IT                    0x08001af4   Section        0  stm32f0xx_hal_uart.o(i.HAL_UART_Receive_IT)
    i.HAL_UART_RxCpltCallback                0x08001b4c   Section        0  calibration_protocol.o(i.HAL_UART_RxCpltCallback)
    i.HAL_UART_Transmit                      0x08001b70   Section        0  stm32f0xx_hal_uart.o(i.HAL_UART_Transmit)
    i.HAL_UART_TxCpltCallback                0x08001c30   Section        0  stm32f0xx_hal_uart.o(i.HAL_UART_TxCpltCallback)
    i.HardFault_Handler                      0x08001c32   Section        0  stm32f0xx_it.o(i.HardFault_Handler)
    i.MX_GPIO_Init                           0x08001c34   Section        0  gpio.o(i.MX_GPIO_Init)
    i.MX_USART1_UART_Init                    0x08001ca8   Section        0  usart.o(i.MX_USART1_UART_Init)
    i.NMI_Handler                            0x08001ce0   Section        0  stm32f0xx_it.o(i.NMI_Handler)
    i.PendSV_Handler                         0x08001ce2   Section        0  stm32f0xx_it.o(i.PendSV_Handler)
    i.PressureAutoZero_AbsDiff               0x08001ce4   Section        0  pressure_auto_zero.o(i.PressureAutoZero_AbsDiff)
    PressureAutoZero_AbsDiff                 0x08001ce5   Thumb Code    32  pressure_auto_zero.o(i.PressureAutoZero_AbsDiff)
    i.PressureAutoZero_AcceptEmpty           0x08001d08   Section        0  pressure_auto_zero.o(i.PressureAutoZero_AcceptEmpty)
    PressureAutoZero_AcceptEmpty             0x08001d09   Thumb Code    26  pressure_auto_zero.o(i.PressureAutoZero_AcceptEmpty)
    i.PressureAutoZero_AddStableSample       0x08001d28   Section        0  pressure_auto_zero.o(i.PressureAutoZero_AddStableSample)
    PressureAutoZero_AddStableSample         0x08001d29   Thumb Code   324  pressure_auto_zero.o(i.PressureAutoZero_AddStableSample)
    i.PressureAutoZero_EnterLockout          0x08001e7c   Section        0  pressure_auto_zero.o(i.PressureAutoZero_EnterLockout)
    PressureAutoZero_EnterLockout            0x08001e7d   Thumb Code    24  pressure_auto_zero.o(i.PressureAutoZero_EnterLockout)
    i.PressureAutoZero_GetBootEmptyRaw       0x08001e98   Section        0  pressure_auto_zero.o(i.PressureAutoZero_GetBootEmptyRaw)
    i.PressureAutoZero_GetSessionZeroRaw     0x08001ea4   Section        0  pressure_auto_zero.o(i.PressureAutoZero_GetSessionZeroRaw)
    i.PressureAutoZero_Init                  0x08001eb0   Section        0  pressure_auto_zero.o(i.PressureAutoZero_Init)
    i.PressureAutoZero_IsReady               0x08001ee0   Section        0  pressure_auto_zero.o(i.PressureAutoZero_IsReady)
    i.PressureAutoZero_ProcessEmpty          0x08001ef4   Section        0  pressure_auto_zero.o(i.PressureAutoZero_ProcessEmpty)
    PressureAutoZero_ProcessEmpty            0x08001ef5   Thumb Code   104  pressure_auto_zero.o(i.PressureAutoZero_ProcessEmpty)
    i.PressureAutoZero_ResetDevice           0x08001f64   Section        0  pressure_auto_zero.o(i.PressureAutoZero_ResetDevice)
    PressureAutoZero_ResetDevice             0x08001f65   Thumb Code    10  pressure_auto_zero.o(i.PressureAutoZero_ResetDevice)
    i.PressureAutoZero_Update                0x08001f74   Section        0  pressure_auto_zero.o(i.PressureAutoZero_Update)
    i.PressureThreshold_GetRuntime           0x080020f0   Section        0  pressure_threshold_store.o(i.PressureThreshold_GetRuntime)
    i.PressureThreshold_IsValid              0x080020fc   Section        0  pressure_threshold_store.o(i.PressureThreshold_IsValid)
    i.PressureThreshold_Load                 0x08002110   Section        0  pressure_threshold_store.o(i.PressureThreshold_Load)
    i.PressureThreshold_Save                 0x08002150   Section        0  pressure_threshold_store.o(i.PressureThreshold_Save)
    i.PressureThreshold_SetRuntime           0x080021dc   Section        0  pressure_threshold_store.o(i.PressureThreshold_SetRuntime)
    i.PressureThreshold_SetRuntimeAndSave    0x080021f4   Section        0  pressure_threshold_store.o(i.PressureThreshold_SetRuntimeAndSave)
    i.PressureZeroStore_Load                 0x08002220   Section        0  pressure_zero_store.o(i.PressureZeroStore_Load)
    i.PressureZeroStore_Save                 0x08002258   Section        0  pressure_zero_store.o(i.PressureZeroStore_Save)
    i.SVC_Handler                            0x080022d8   Section        0  stm32f0xx_it.o(i.SVC_Handler)
    i.SysTick_Handler                        0x080022da   Section        0  stm32f0xx_it.o(i.SysTick_Handler)
    i.SystemClock_Config                     0x080022e2   Section        0  main.o(i.SystemClock_Config)
    i.SystemInit                             0x08002350   Section        0  system_stm32f0xx.o(i.SystemInit)
    i.UART_AdvFeatureConfig                  0x08002352   Section        0  stm32f0xx_hal_uart.o(i.UART_AdvFeatureConfig)
    i.UART_CheckIdleState                    0x0800241c   Section        0  stm32f0xx_hal_uart.o(i.UART_CheckIdleState)
    i.UART_DMAAbortOnError                   0x080024e0   Section        0  stm32f0xx_hal_uart.o(i.UART_DMAAbortOnError)
    UART_DMAAbortOnError                     0x080024e1   Thumb Code    20  stm32f0xx_hal_uart.o(i.UART_DMAAbortOnError)
    i.UART_EndRxTransfer                     0x080024f4   Section        0  stm32f0xx_hal_uart.o(i.UART_EndRxTransfer)
    UART_EndRxTransfer                       0x080024f5   Thumb Code    96  stm32f0xx_hal_uart.o(i.UART_EndRxTransfer)
    i.UART_RxISR_16BIT                       0x08002554   Section        0  stm32f0xx_hal_uart.o(i.UART_RxISR_16BIT)
    UART_RxISR_16BIT                         0x08002555   Thumb Code   206  stm32f0xx_hal_uart.o(i.UART_RxISR_16BIT)
    i.UART_RxISR_8BIT                        0x08002622   Section        0  stm32f0xx_hal_uart.o(i.UART_RxISR_8BIT)
    UART_RxISR_8BIT                          0x08002623   Thumb Code   206  stm32f0xx_hal_uart.o(i.UART_RxISR_8BIT)
    i.UART_SetConfig                         0x080026f0   Section        0  stm32f0xx_hal_uart.o(i.UART_SetConfig)
    i.UART_Start_Receive_IT                  0x0800280c   Section        0  stm32f0xx_hal_uart.o(i.UART_Start_Receive_IT)
    i.UART_WaitOnFlagUntilTimeout            0x080028bc   Section        0  stm32f0xx_hal_uart.o(i.UART_WaitOnFlagUntilTimeout)
    i.USART1_IRQHandler                      0x08002954   Section        0  stm32f0xx_it.o(i.USART1_IRQHandler)
    i.WeightCalibration_ApplyFromEmptyX10    0x08002964   Section        0  weight_calibration.o(i.WeightCalibration_ApplyFromEmptyX10)
    i.WeightCalibration_ApplySessionX10      0x080029a0   Section        0  weight_calibration.o(i.WeightCalibration_ApplySessionX10)
    i.WeightCalibration_InterpolateX10       0x080029bc   Section        0  weight_calibration.o(i.WeightCalibration_InterpolateX10)
    WeightCalibration_InterpolateX10         0x080029bd   Thumb Code   128  weight_calibration.o(i.WeightCalibration_InterpolateX10)
    i.__ARM_common_ll_muluu                  0x08002a3c   Section        0  stm32f0xx_hal_rcc.o(i.__ARM_common_ll_muluu)
    i.__ARM_common_switch8                   0x08002a6c   Section        0  pressure_auto_zero.o(i.__ARM_common_switch8)
    i.__NVIC_SetPriority                     0x08002a88   Section        0  stm32f0xx_hal_cortex.o(i.__NVIC_SetPriority)
    __NVIC_SetPriority                       0x08002a89   Thumb Code    60  stm32f0xx_hal_cortex.o(i.__NVIC_SetPriority)
    i.main                                   0x08002acc   Section        0  main.o(i.main)
    .constdata                               0x08002cac   Section       72  weight_calibration.o(.constdata)
    g_common_curve                           0x08002cac   Data          72  weight_calibration.o(.constdata)
    .constdata                               0x08002cf4   Section       32  stm32f0xx_hal_rcc.o(.constdata)
    aPLLMULFactorTable                       0x08002cf4   Data          16  stm32f0xx_hal_rcc.o(.constdata)
    aPredivFactorTable                       0x08002d04   Data          16  stm32f0xx_hal_rcc.o(.constdata)
    .constdata                               0x08002d14   Section       16  system_stm32f0xx.o(.constdata)
    .constdata                               0x08002d24   Section        8  system_stm32f0xx.o(.constdata)
    .data                                    0x20000000   Section        8  main.o(.data)
    pressure_filter_ready                    0x20000000   Data           1  main.o(.data)
    pressure_threshold_g                     0x20000002   Data           2  main.o(.data)
    pressure_filtered_x10                    0x20000004   Data           4  main.o(.data)
    .data                                    0x20000008   Section       12  cs1237.o(.data)
    g_cs1237_last_frame_valid                0x20000008   Data           1  cs1237.o(.data)
    g_cs1237_config                          0x20000009   Data           1  cs1237.o(.data)
    g_cs1237_scale_factor                    0x2000000c   Data           4  cs1237.o(.data)
    g_cs1237_tare_raw                        0x20000010   Data           4  cs1237.o(.data)
    .data                                    0x20000014   Section       12  calibration_protocol.o(.data)
    g_cal_rx_byte                            0x20000014   Data           1  calibration_protocol.o(.data)
    g_cal_ring_head                          0x20000015   Data           1  calibration_protocol.o(.data)
    g_cal_ring_tail                          0x20000016   Data           1  calibration_protocol.o(.data)
    g_cal_ring_overflow                      0x20000017   Data           1  calibration_protocol.o(.data)
    g_cal_rx_len                             0x20000018   Data           1  calibration_protocol.o(.data)
    g_cal_tx_len                             0x20000019   Data           1  calibration_protocol.o(.data)
    g_cal_tx_pending                         0x2000001a   Data           1  calibration_protocol.o(.data)
    g_cal_uart                               0x2000001c   Data           4  calibration_protocol.o(.data)
    .data                                    0x20000020   Section        2  pressure_threshold_store.o(.data)
    g_pressure_threshold_runtime_g           0x20000020   Data           2  pressure_threshold_store.o(.data)
    .data                                    0x20000024   Section       20  pressure_auto_zero.o(.data)
    g_state                                  0x20000024   Data           1  pressure_auto_zero.o(.data)
    g_fault                                  0x20000025   Data           1  pressure_auto_zero.o(.data)
    g_window_count                           0x20000026   Data           1  pressure_auto_zero.o(.data)
    g_factory_valid                          0x20000027   Data           1  pressure_auto_zero.o(.data)
    g_last_device_code                       0x20000028   Data           1  pressure_auto_zero.o(.data)
    g_device_stable_count                    0x20000029   Data           1  pressure_auto_zero.o(.data)
    g_invalid_count                          0x2000002a   Data           1  pressure_auto_zero.o(.data)
    g_negative_count                         0x2000002b   Data           1  pressure_auto_zero.o(.data)
    g_factory_empty_raw                      0x2000002c   Data           4  pressure_auto_zero.o(.data)
    g_boot_empty_raw                         0x20000030   Data           4  pressure_auto_zero.o(.data)
    g_session_zero_raw                       0x20000034   Data           4  pressure_auto_zero.o(.data)
    .data                                    0x20000038   Section       12  stm32f0xx_hal.o(.data)
    .data                                    0x20000044   Section        4  system_stm32f0xx.o(.data)
    .bss                                     0x20000048   Section      136  usart.o(.bss)
    .bss                                     0x200000d0   Section      248  calibration_protocol.o(.bss)
    g_cal_ring_buf                           0x200000d0   Data         128  calibration_protocol.o(.bss)
    g_cal_rx_buf                             0x20000150   Data          96  calibration_protocol.o(.bss)
    g_cal_tx_buf                             0x200001b0   Data          24  calibration_protocol.o(.bss)
    .bss                                     0x200001c8   Section       20  pressure_auto_zero.o(.bss)
    g_window                                 0x200001c8   Data          20  pressure_auto_zero.o(.bss)
    .bss                                     0x200001e0   Section       32  stm32f0xx_hal_flash.o(.bss)
    .bss                                     0x20000200   Section       96  libspace.o(.bss)
    HEAP                                     0x20000260   Section      512  startup_stm32f030x6.o(HEAP)
    Heap_Mem                                 0x20000260   Data         512  startup_stm32f030x6.o(HEAP)
    STACK                                    0x20000460   Section     1024  startup_stm32f030x6.o(STACK)
    Stack_Mem                                0x20000460   Data        1024  startup_stm32f030x6.o(STACK)
    __initial_sp                             0x20000860   Data           0  startup_stm32f030x6.o(STACK)

    Global Symbols

    Symbol Name                              Value     Ov Type        Size  Object(Section)

    BuildAttributes$$THM_ISAv3M$S$PE$A:L22$X:L11$S22$IEEE1$IW$USESV6$~STKCKD$USESV7$~SHL$OSPACE$ROPI$EBA8$UX$STANDARDLIB$REQ8$PRES8$EABIv2 0x00000000   Number         0  anon$$obj.o ABSOLUTE
    __ARM_use_no_argv                        0x00000000   Number         0  main.o ABSOLUTE
    __ARM_exceptions_init                     - Undefined Weak Reference
    __alloca_initialize                       - Undefined Weak Reference
    __arm_preinit_                            - Undefined Weak Reference
    __cpp_initialize__aeabi_                  - Undefined Weak Reference
    __cxa_finalize                            - Undefined Weak Reference
    __rt_locale                               - Undefined Weak Reference
    __sigvec_lookup                           - Undefined Weak Reference
    _atexit_init                              - Undefined Weak Reference
    _call_atexit_fns                          - Undefined Weak Reference
    _clock_init                               - Undefined Weak Reference
    _fp_trap_init                             - Undefined Weak Reference
    _fp_trap_shutdown                         - Undefined Weak Reference
    _get_lc_collate                           - Undefined Weak Reference
    _get_lc_ctype                             - Undefined Weak Reference
    _get_lc_monetary                          - Undefined Weak Reference
    _get_lc_numeric                           - Undefined Weak Reference
    _get_lc_time                              - Undefined Weak Reference
    _getenv_init                              - Undefined Weak Reference
    _handle_redirection                       - Undefined Weak Reference
    _init_alloc                               - Undefined Weak Reference
    _init_user_alloc                          - Undefined Weak Reference
    _initio                                   - Undefined Weak Reference
    _rand_init                                - Undefined Weak Reference
    _signal_finish                            - Undefined Weak Reference
    _signal_init                              - Undefined Weak Reference
    _terminate_alloc                          - Undefined Weak Reference
    _terminate_user_alloc                     - Undefined Weak Reference
    _terminateio                              - Undefined Weak Reference
    __Vectors_Size                           0x000000b0   Number         0  startup_stm32f030x6.o ABSOLUTE
    __Vectors                                0x08000000   Data           4  startup_stm32f030x6.o(RESET)
    __Vectors_End                            0x080000b0   Data           0  startup_stm32f030x6.o(RESET)
    __main                                   0x080000b1   Thumb Code     8  __main.o(!!!main)
    __scatterload                            0x080000b9   Thumb Code     0  __scatter.o(!!!scatter)
    __scatterload_rt2                        0x080000b9   Thumb Code    52  __scatter.o(!!!scatter)
    __scatterload_rt2_thumb_only             0x080000b9   Thumb Code     0  __scatter.o(!!!scatter)
    __scatterload_null                       0x080000c9   Thumb Code     0  __scatter.o(!!!scatter)
    __scatterload_copy                       0x080000f5   Thumb Code    26  __scatter_copy.o(!!handler_copy)
    __scatterload_zeroinit                   0x08000111   Thumb Code    28  __scatter_zi.o(!!handler_zi)
    __rt_lib_init                            0x0800012d   Thumb Code     0  libinit.o(.ARM.Collect$$libinit$$00000000)
    __rt_lib_init_alloca_1                   0x0800012f   Thumb Code     0  libinit2.o(.ARM.Collect$$libinit$$0000002E)
    __rt_lib_init_argv_1                     0x0800012f   Thumb Code     0  libinit2.o(.ARM.Collect$$libinit$$0000002C)
    __rt_lib_init_atexit_1                   0x0800012f   Thumb Code     0  libinit2.o(.ARM.Collect$$libinit$$0000001B)
    __rt_lib_init_clock_1                    0x0800012f   Thumb Code     0  libinit2.o(.ARM.Collect$$libinit$$00000021)
    __rt_lib_init_cpp_1                      0x0800012f   Thumb Code     0  libinit2.o(.ARM.Collect$$libinit$$00000032)
    __rt_lib_init_exceptions_1               0x0800012f   Thumb Code     0  libinit2.o(.ARM.Collect$$libinit$$00000030)
    __rt_lib_init_fp_1                       0x0800012f   Thumb Code     0  libinit2.o(.ARM.Collect$$libinit$$00000002)
    __rt_lib_init_fp_trap_1                  0x0800012f   Thumb Code     0  libinit2.o(.ARM.Collect$$libinit$$0000001F)
    __rt_lib_init_getenv_1                   0x0800012f   Thumb Code     0  libinit2.o(.ARM.Collect$$libinit$$00000023)
    __rt_lib_init_heap_1                     0x0800012f   Thumb Code     0  libinit2.o(.ARM.Collect$$libinit$$0000000A)
    __rt_lib_init_lc_collate_1               0x0800012f   Thumb Code     0  libinit2.o(.ARM.Collect$$libinit$$00000011)
    __rt_lib_init_lc_ctype_1                 0x0800012f   Thumb Code     0  libinit2.o(.ARM.Collect$$libinit$$00000013)
    __rt_lib_init_lc_monetary_1              0x0800012f   Thumb Code     0  libinit2.o(.ARM.Collect$$libinit$$00000015)
    __rt_lib_init_lc_numeric_1               0x0800012f   Thumb Code     0  libinit2.o(.ARM.Collect$$libinit$$00000017)
    __rt_lib_init_lc_time_1                  0x0800012f   Thumb Code     0  libinit2.o(.ARM.Collect$$libinit$$00000019)
    __rt_lib_init_preinit_1                  0x0800012f   Thumb Code     0  libinit2.o(.ARM.Collect$$libinit$$00000004)
    __rt_lib_init_rand_1                     0x0800012f   Thumb Code     0  libinit2.o(.ARM.Collect$$libinit$$0000000E)
    __rt_lib_init_return                     0x0800012f   Thumb Code     0  libinit2.o(.ARM.Collect$$libinit$$00000033)
    __rt_lib_init_signal_1                   0x0800012f   Thumb Code     0  libinit2.o(.ARM.Collect$$libinit$$0000001D)
    __rt_lib_init_stdio_1                    0x0800012f   Thumb Code     0  libinit2.o(.ARM.Collect$$libinit$$00000025)
    __rt_lib_init_user_alloc_1               0x0800012f   Thumb Code     0  libinit2.o(.ARM.Collect$$libinit$$0000000C)
    __rt_lib_shutdown                        0x08000131   Thumb Code     0  libshutdown.o(.ARM.Collect$$libshutdown$$00000000)
    __rt_lib_shutdown_cpp_1                  0x08000133   Thumb Code     0  libshutdown2.o(.ARM.Collect$$libshutdown$$00000002)
    __rt_lib_shutdown_fp_trap_1              0x08000133   Thumb Code     0  libshutdown2.o(.ARM.Collect$$libshutdown$$00000007)
    __rt_lib_shutdown_heap_1                 0x08000133   Thumb Code     0  libshutdown2.o(.ARM.Collect$$libshutdown$$0000000F)
    __rt_lib_shutdown_return                 0x08000133   Thumb Code     0  libshutdown2.o(.ARM.Collect$$libshutdown$$00000010)
    __rt_lib_shutdown_signal_1               0x08000133   Thumb Code     0  libshutdown2.o(.ARM.Collect$$libshutdown$$0000000A)
    __rt_lib_shutdown_stdio_1                0x08000133   Thumb Code     0  libshutdown2.o(.ARM.Collect$$libshutdown$$00000004)
    __rt_lib_shutdown_user_alloc_1           0x08000133   Thumb Code     0  libshutdown2.o(.ARM.Collect$$libshutdown$$0000000C)
    __rt_entry                               0x08000135   Thumb Code     0  __rtentry.o(.ARM.Collect$$rtentry$$00000000)
    __rt_entry_presh_1                       0x08000135   Thumb Code     0  __rtentry2.o(.ARM.Collect$$rtentry$$00000002)
    __rt_entry_sh                            0x08000135   Thumb Code     0  __rtentry4.o(.ARM.Collect$$rtentry$$00000004)
    __rt_entry_li                            0x0800013b   Thumb Code     0  __rtentry2.o(.ARM.Collect$$rtentry$$0000000A)
    __rt_entry_postsh_1                      0x0800013b   Thumb Code     0  __rtentry2.o(.ARM.Collect$$rtentry$$00000009)
    __rt_entry_main                          0x0800013f   Thumb Code     0  __rtentry2.o(.ARM.Collect$$rtentry$$0000000D)
    __rt_entry_postli_1                      0x0800013f   Thumb Code     0  __rtentry2.o(.ARM.Collect$$rtentry$$0000000C)
    __rt_exit                                0x08000147   Thumb Code     0  rtexit.o(.ARM.Collect$$rtexit$$00000000)
    __rt_exit_ls                             0x08000149   Thumb Code     0  rtexit2.o(.ARM.Collect$$rtexit$$00000003)
    __rt_exit_prels_1                        0x08000149   Thumb Code     0  rtexit2.o(.ARM.Collect$$rtexit$$00000002)
    __rt_exit_exit                           0x0800014d   Thumb Code     0  rtexit2.o(.ARM.Collect$$rtexit$$00000004)
    Reset_Handler                            0x08000155   Thumb Code     8  startup_stm32f030x6.o(.text)
    ADC1_IRQHandler                          0x08000167   Thumb Code     0  startup_stm32f030x6.o(.text)
    DMA1_Channel1_IRQHandler                 0x08000167   Thumb Code     0  startup_stm32f030x6.o(.text)
    DMA1_Channel2_3_IRQHandler               0x08000167   Thumb Code     0  startup_stm32f030x6.o(.text)
    DMA1_Channel4_5_IRQHandler               0x08000167   Thumb Code     0  startup_stm32f030x6.o(.text)
    EXTI0_1_IRQHandler                       0x08000167   Thumb Code     0  startup_stm32f030x6.o(.text)
    EXTI2_3_IRQHandler                       0x08000167   Thumb Code     0  startup_stm32f030x6.o(.text)
    EXTI4_15_IRQHandler                      0x08000167   Thumb Code     0  startup_stm32f030x6.o(.text)
    FLASH_IRQHandler                         0x08000167   Thumb Code     0  startup_stm32f030x6.o(.text)
    I2C1_IRQHandler                          0x08000167   Thumb Code     0  startup_stm32f030x6.o(.text)
    RCC_IRQHandler                           0x08000167   Thumb Code     0  startup_stm32f030x6.o(.text)
    RTC_IRQHandler                           0x08000167   Thumb Code     0  startup_stm32f030x6.o(.text)
    SPI1_IRQHandler                          0x08000167   Thumb Code     0  startup_stm32f030x6.o(.text)
    TIM14_IRQHandler                         0x08000167   Thumb Code     0  startup_stm32f030x6.o(.text)
    TIM16_IRQHandler                         0x08000167   Thumb Code     0  startup_stm32f030x6.o(.text)
    TIM17_IRQHandler                         0x08000167   Thumb Code     0  startup_stm32f030x6.o(.text)
    TIM1_BRK_UP_TRG_COM_IRQHandler           0x08000167   Thumb Code     0  startup_stm32f030x6.o(.text)
    TIM1_CC_IRQHandler                       0x08000167   Thumb Code     0  startup_stm32f030x6.o(.text)
    TIM3_IRQHandler                          0x08000167   Thumb Code     0  startup_stm32f030x6.o(.text)
    WWDG_IRQHandler                          0x08000167   Thumb Code     0  startup_stm32f030x6.o(.text)
    __user_initial_stackheap                 0x08000169   Thumb Code     0  startup_stm32f030x6.o(.text)
    __aeabi_llsr                             0x0800018d   Thumb Code    34  llushr.o(.text)
    _ll_ushift_r                             0x0800018d   Thumb Code     0  llushr.o(.text)
    __aeabi_lmul                             0x080001af   Thumb Code    48  llmul.o(.text)
    _ll_mul                                  0x080001af   Thumb Code     0  llmul.o(.text)
    __aeabi_ldivmod                          0x080001df   Thumb Code   112  llsdiv.o(.text)
    _ll_sdiv                                 0x080001df   Thumb Code     0  llsdiv.o(.text)
    __aeabi_uldivmod                         0x0800024f   Thumb Code   258  lludiv.o(.text)
    _ll_udiv                                 0x0800024f   Thumb Code     0  lludiv.o(.text)
    _memset_w                                0x08000351   Thumb Code    26  rt_memclr.o(.text)
    _memset                                  0x0800036b   Thumb Code    30  rt_memclr.o(.text)
    __aeabi_memclr                           0x08000389   Thumb Code     4  rt_memclr.o(.text)
    __rt_memclr                              0x08000389   Thumb Code     0  rt_memclr.o(.text)
    __aeabi_memclr4                          0x0800038d   Thumb Code     0  rt_memclr.o(.text)
    __aeabi_memclr8                          0x0800038d   Thumb Code     0  rt_memclr.o(.text)
    __rt_memclr_w                            0x0800038d   Thumb Code     4  rt_memclr.o(.text)
    __aeabi_uidiv                            0x08000391   Thumb Code     0  aeabi_sdiv.o(.text)
    __aeabi_uidivmod                         0x08000391   Thumb Code    20  aeabi_sdiv.o(.text)
    __aeabi_idiv                             0x080003a5   Thumb Code     0  aeabi_sdiv.o(.text)
    __aeabi_idivmod                          0x080003a5   Thumb Code   326  aeabi_sdiv.o(.text)
    __use_two_region_memory                  0x080004eb   Thumb Code     2  heapauxi.o(.text)
    __rt_heap_escrow$2region                 0x080004ed   Thumb Code     2  heapauxi.o(.text)
    __rt_heap_expand$2region                 0x080004ef   Thumb Code     2  heapauxi.o(.text)
    __user_setup_stackheap                   0x080004f1   Thumb Code    62  sys_stackheap_outer.o(.text)
    exit                                     0x0800052f   Thumb Code    16  exit.o(.text)
    __user_libspace                          0x08000541   Thumb Code     8  libspace.o(.text)
    __user_perproc_libspace                  0x08000541   Thumb Code     0  libspace.o(.text)
    __user_perthread_libspace                0x08000541   Thumb Code     0  libspace.o(.text)
    _sys_exit                                0x08000549   Thumb Code     8  sys_exit.o(.text)
    __I$use$semihosting                      0x08000555   Thumb Code     0  use_no_semi.o(.text)
    __use_no_semihosting_swi                 0x08000555   Thumb Code     2  use_no_semi.o(.text)
    CS1237UartProtocol_BuildReportFrame      0x08000557   Thumb Code    98  protocol.o(i.CS1237UartProtocol_BuildReportFrame)
    __semihosting_library_function           0x08000557   Thumb Code     0  indicate_semi.o(.text)
    CS1237UartProtocol_Crc16Modbus           0x080005b9   Thumb Code    54  protocol.o(i.CS1237UartProtocol_Crc16Modbus)
    CS1237UartProtocol_IsKnownDeviceCode     0x080005f9   Thumb Code    24  protocol.o(i.CS1237UartProtocol_IsKnownDeviceCode)
    CS1237UartProtocol_PackDeviceCode        0x08000611   Thumb Code    24  protocol.o(i.CS1237UartProtocol_PackDeviceCode)
    CS1237_GPIO_Init                         0x080006ad   Thumb Code    64  cs1237.o(i.CS1237_GPIO_Init)
    CS1237_Init                              0x080006ed   Thumb Code    22  cs1237.o(i.CS1237_Init)
    CS1237_ReadMedianChecked                 0x080007f5   Thumb Code   122  cs1237.o(i.CS1237_ReadMedianChecked)
    CS1237_ReadRawSigned                     0x08000875   Thumb Code    12  cs1237.o(i.CS1237_ReadRawSigned)
    CS1237_SetConfig                         0x080008a1   Thumb Code    32  cs1237.o(i.CS1237_SetConfig)
    CS1237_SetGain                           0x080008e9   Thumb Code    24  cs1237.o(i.CS1237_SetGain)
    CalibrationProtocol_Init                 0x08000a2d   Thumb Code    30  calibration_protocol.o(i.CalibrationProtocol_Init)
    CalibrationProtocol_OnRxByte             0x08000a51   Thumb Code    34  calibration_protocol.o(i.CalibrationProtocol_OnRxByte)
    CalibrationProtocol_Process              0x08000b4d   Thumb Code   110  calibration_protocol.o(i.CalibrationProtocol_Process)
    Error_Handler                            0x08000bc5   Thumb Code     4  main.o(i.Error_Handler)
    FLASH_PageErase                          0x08000bed   Thumb Code    28  stm32f0xx_hal_flash_ex.o(i.FLASH_PageErase)
    FLASH_WaitForLastOperation               0x08000c69   Thumb Code    76  stm32f0xx_hal_flash.o(i.FLASH_WaitForLastOperation)
    HAL_DMA_Abort                            0x08000cb9   Thumb Code    64  stm32f0xx_hal_dma.o(i.HAL_DMA_Abort)
    HAL_DMA_Abort_IT                         0x08000cf9   Thumb Code    72  stm32f0xx_hal_dma.o(i.HAL_DMA_Abort_IT)
    HAL_Delay                                0x08000d41   Thumb Code    32  stm32f0xx_hal.o(i.HAL_Delay)
    HAL_FLASHEx_Erase                        0x08000d65   Thumb Code   148  stm32f0xx_hal_flash_ex.o(i.HAL_FLASHEx_Erase)
    HAL_FLASH_Lock                           0x08000e05   Thumb Code    14  stm32f0xx_hal_flash.o(i.HAL_FLASH_Lock)
    HAL_FLASH_Program                        0x08000e19   Thumb Code   110  stm32f0xx_hal_flash.o(i.HAL_FLASH_Program)
    HAL_FLASH_Unlock                         0x08000e95   Thumb Code    28  stm32f0xx_hal_flash.o(i.HAL_FLASH_Unlock)
    HAL_GPIO_Init                            0x08000ebd   Thumb Code   396  stm32f0xx_hal_gpio.o(i.HAL_GPIO_Init)
    HAL_GPIO_ReadPin                         0x08001061   Thumb Code    10  stm32f0xx_hal_gpio.o(i.HAL_GPIO_ReadPin)
    HAL_GPIO_WritePin                        0x0800106b   Thumb Code    12  stm32f0xx_hal_gpio.o(i.HAL_GPIO_WritePin)
    HAL_GetTick                              0x08001079   Thumb Code     6  stm32f0xx_hal.o(i.HAL_GetTick)
    HAL_IncTick                              0x08001085   Thumb Code    12  stm32f0xx_hal.o(i.HAL_IncTick)
    HAL_Init                                 0x08001095   Thumb Code    26  stm32f0xx_hal.o(i.HAL_Init)
    HAL_InitTick                             0x080010b5   Thumb Code    58  stm32f0xx_hal.o(i.HAL_InitTick)
    HAL_MspInit                              0x080010f9   Thumb Code    34  stm32f0xx_hal_msp.o(i.HAL_MspInit)
    HAL_NVIC_EnableIRQ                       0x08001121   Thumb Code    18  stm32f0xx_hal_cortex.o(i.HAL_NVIC_EnableIRQ)
    HAL_NVIC_SetPriority                     0x08001139   Thumb Code     8  stm32f0xx_hal_cortex.o(i.HAL_NVIC_SetPriority)
    HAL_RCCEx_PeriphCLKConfig                0x08001141   Thumb Code   218  stm32f0xx_hal_rcc_ex.o(i.HAL_RCCEx_PeriphCLKConfig)
    HAL_RCC_ClockConfig                      0x08001229   Thumb Code   242  stm32f0xx_hal_rcc.o(i.HAL_RCC_ClockConfig)
    HAL_RCC_GetPCLK1Freq                     0x08001331   Thumb Code    20  stm32f0xx_hal_rcc.o(i.HAL_RCC_GetPCLK1Freq)
    HAL_RCC_GetSysClockFreq                  0x08001351   Thumb Code    68  stm32f0xx_hal_rcc.o(i.HAL_RCC_GetSysClockFreq)
    HAL_RCC_OscConfig                        0x080013a5   Thumb Code   890  stm32f0xx_hal_rcc.o(i.HAL_RCC_OscConfig)
    HAL_SYSTICK_Config                       0x0800172d   Thumb Code    38  stm32f0xx_hal_cortex.o(i.HAL_SYSTICK_Config)
    HAL_UARTEx_RxEventCallback               0x0800175d   Thumb Code     2  stm32f0xx_hal_uart.o(i.HAL_UARTEx_RxEventCallback)
    HAL_UART_ErrorCallback                   0x08001761   Thumb Code    26  calibration_protocol.o(i.HAL_UART_ErrorCallback)
    HAL_UART_IRQHandler                      0x08001781   Thumb Code   648  stm32f0xx_hal_uart.o(i.HAL_UART_IRQHandler)
    HAL_UART_Init                            0x08001a15   Thumb Code   106  stm32f0xx_hal_uart.o(i.HAL_UART_Init)
    HAL_UART_MspInit                         0x08001a81   Thumb Code   106  usart.o(i.HAL_UART_MspInit)
    HAL_UART_Receive_IT                      0x08001af5   Thumb Code    88  stm32f0xx_hal_uart.o(i.HAL_UART_Receive_IT)
    HAL_UART_RxCpltCallback                  0x08001b4d   Thumb Code    32  calibration_protocol.o(i.HAL_UART_RxCpltCallback)
    HAL_UART_Transmit                        0x08001b71   Thumb Code   192  stm32f0xx_hal_uart.o(i.HAL_UART_Transmit)
    HAL_UART_TxCpltCallback                  0x08001c31   Thumb Code     2  stm32f0xx_hal_uart.o(i.HAL_UART_TxCpltCallback)
    HardFault_Handler                        0x08001c33   Thumb Code     2  stm32f0xx_it.o(i.HardFault_Handler)
    MX_GPIO_Init                             0x08001c35   Thumb Code   110  gpio.o(i.MX_GPIO_Init)
    MX_USART1_UART_Init                      0x08001ca9   Thumb Code    48  usart.o(i.MX_USART1_UART_Init)
    NMI_Handler                              0x08001ce1   Thumb Code     2  stm32f0xx_it.o(i.NMI_Handler)
    PendSV_Handler                           0x08001ce3   Thumb Code     2  stm32f0xx_it.o(i.PendSV_Handler)
    PressureAutoZero_GetBootEmptyRaw         0x08001e99   Thumb Code     6  pressure_auto_zero.o(i.PressureAutoZero_GetBootEmptyRaw)
    PressureAutoZero_GetSessionZeroRaw       0x08001ea5   Thumb Code     6  pressure_auto_zero.o(i.PressureAutoZero_GetSessionZeroRaw)
    PressureAutoZero_Init                    0x08001eb1   Thumb Code    44  pressure_auto_zero.o(i.PressureAutoZero_Init)
    PressureAutoZero_IsReady                 0x08001ee1   Thumb Code    16  pressure_auto_zero.o(i.PressureAutoZero_IsReady)
    PressureAutoZero_Update                  0x08001f75   Thumb Code   366  pressure_auto_zero.o(i.PressureAutoZero_Update)
    PressureThreshold_GetRuntime             0x080020f1   Thumb Code     6  pressure_threshold_store.o(i.PressureThreshold_GetRuntime)
    PressureThreshold_IsValid                0x080020fd   Thumb Code    16  pressure_threshold_store.o(i.PressureThreshold_IsValid)
    PressureThreshold_Load                   0x08002111   Thumb Code    46  pressure_threshold_store.o(i.PressureThreshold_Load)
    PressureThreshold_Save                   0x08002151   Thumb Code   122  pressure_threshold_store.o(i.PressureThreshold_Save)
    PressureThreshold_SetRuntime             0x080021dd   Thumb Code    14  pressure_threshold_store.o(i.PressureThreshold_SetRuntime)
    PressureThreshold_SetRuntimeAndSave      0x080021f5   Thumb Code    34  pressure_threshold_store.o(i.PressureThreshold_SetRuntimeAndSave)
    PressureZeroStore_Load                   0x08002221   Thumb Code    42  pressure_zero_store.o(i.PressureZeroStore_Load)
    PressureZeroStore_Save                   0x08002259   Thumb Code   114  pressure_zero_store.o(i.PressureZeroStore_Save)
    SVC_Handler                              0x080022d9   Thumb Code     2  stm32f0xx_it.o(i.SVC_Handler)
    SysTick_Handler                          0x080022db   Thumb Code     8  stm32f0xx_it.o(i.SysTick_Handler)
    SystemClock_Config                       0x080022e3   Thumb Code   110  main.o(i.SystemClock_Config)
    SystemInit                               0x08002351   Thumb Code     2  system_stm32f0xx.o(i.SystemInit)
    UART_AdvFeatureConfig                    0x08002353   Thumb Code   202  stm32f0xx_hal_uart.o(i.UART_AdvFeatureConfig)
    UART_CheckIdleState                      0x0800241d   Thumb Code   190  stm32f0xx_hal_uart.o(i.UART_CheckIdleState)
    UART_SetConfig                           0x080026f1   Thumb Code   266  stm32f0xx_hal_uart.o(i.UART_SetConfig)
    UART_Start_Receive_IT                    0x0800280d   Thumb Code   164  stm32f0xx_hal_uart.o(i.UART_Start_Receive_IT)
    UART_WaitOnFlagUntilTimeout              0x080028bd   Thumb Code   150  stm32f0xx_hal_uart.o(i.UART_WaitOnFlagUntilTimeout)
    USART1_IRQHandler                        0x08002955   Thumb Code    10  stm32f0xx_it.o(i.USART1_IRQHandler)
    WeightCalibration_ApplyFromEmptyX10      0x08002965   Thumb Code    56  weight_calibration.o(i.WeightCalibration_ApplyFromEmptyX10)
    WeightCalibration_ApplySessionX10        0x080029a1   Thumb Code    28  weight_calibration.o(i.WeightCalibration_ApplySessionX10)
    __ARM_common_ll_muluu                    0x08002a3d   Thumb Code    48  stm32f0xx_hal_rcc.o(i.__ARM_common_ll_muluu)
    __ARM_common_switch8                     0x08002a6d   Thumb Code    26  pressure_auto_zero.o(i.__ARM_common_switch8)
    main                                     0x08002acd   Thumb Code   468  main.o(i.main)
    AHBPrescTable                            0x08002d14   Data          16  system_stm32f0xx.o(.constdata)
    APBPrescTable                            0x08002d24   Data           8  system_stm32f0xx.o(.constdata)
    Region$$Table$$Base                      0x08002d2c   Number         0  anon$$obj.o(Region$$Table)
    Region$$Table$$Limit                     0x08002d4c   Number         0  anon$$obj.o(Region$$Table)
    uwTickFreq                               0x20000038   Data           1  stm32f0xx_hal.o(.data)
    uwTickPrio                               0x2000003c   Data           4  stm32f0xx_hal.o(.data)
    uwTick                                   0x20000040   Data           4  stm32f0xx_hal.o(.data)
    SystemCoreClock                          0x20000044   Data           4  system_stm32f0xx.o(.data)
    huart1                                   0x20000048   Data         136  usart.o(.bss)
    pFlash                                   0x200001e0   Data          32  stm32f0xx_hal_flash.o(.bss)
    __libspace_start                         0x20000200   Data          96  libspace.o(.bss)
    __temporary_stack_top$libspace           0x20000260   Data           0  libspace.o(.bss)



==============================================================================

Memory Map of the image

  Image Entry point : 0x080000b1

  Load Region LR_IROM1 (Base: 0x08000000, Size: 0x00002d94, Max: 0x00003800, ABSOLUTE)

    Execution Region ER_IROM1 (Exec base: 0x08000000, Load base: 0x08000000, Size: 0x00002d4c, Max: 0x00003800, ABSOLUTE)

    Exec Addr    Load Addr    Size         Type   Attr      Idx    E Section Name        Object

    0x08000000   0x08000000   0x000000b0   Data   RO            3    RESET               startup_stm32f030x6.o
    0x080000b0   0x080000b0   0x00000008   Code   RO         2877  * !!!main             c_p.l(__main.o)
    0x080000b8   0x080000b8   0x0000003c   Code   RO         3050    !!!scatter          c_p.l(__scatter.o)
    0x080000f4   0x080000f4   0x0000001a   Code   RO         3052    !!handler_copy      c_p.l(__scatter_copy.o)
    0x0800010e   0x0800010e   0x00000002   PAD
    0x08000110   0x08000110   0x0000001c   Code   RO         3054    !!handler_zi        c_p.l(__scatter_zi.o)
    0x0800012c   0x0800012c   0x00000002   Code   RO         2919    .ARM.Collect$$libinit$$00000000  c_p.l(libinit.o)
    0x0800012e   0x0800012e   0x00000000   Code   RO         2933    .ARM.Collect$$libinit$$00000002  c_p.l(libinit2.o)
    0x0800012e   0x0800012e   0x00000000   Code   RO         2935    .ARM.Collect$$libinit$$00000004  c_p.l(libinit2.o)
    0x0800012e   0x0800012e   0x00000000   Code   RO         2938    .ARM.Collect$$libinit$$0000000A  c_p.l(libinit2.o)
    0x0800012e   0x0800012e   0x00000000   Code   RO         2940    .ARM.Collect$$libinit$$0000000C  c_p.l(libinit2.o)
    0x0800012e   0x0800012e   0x00000000   Code   RO         2942    .ARM.Collect$$libinit$$0000000E  c_p.l(libinit2.o)
    0x0800012e   0x0800012e   0x00000000   Code   RO         2945    .ARM.Collect$$libinit$$00000011  c_p.l(libinit2.o)
    0x0800012e   0x0800012e   0x00000000   Code   RO         2947    .ARM.Collect$$libinit$$00000013  c_p.l(libinit2.o)
    0x0800012e   0x0800012e   0x00000000   Code   RO         2949    .ARM.Collect$$libinit$$00000015  c_p.l(libinit2.o)
    0x0800012e   0x0800012e   0x00000000   Code   RO         2951    .ARM.Collect$$libinit$$00000017  c_p.l(libinit2.o)
    0x0800012e   0x0800012e   0x00000000   Code   RO         2953    .ARM.Collect$$libinit$$00000019  c_p.l(libinit2.o)
    0x0800012e   0x0800012e   0x00000000   Code   RO         2955    .ARM.Collect$$libinit$$0000001B  c_p.l(libinit2.o)
    0x0800012e   0x0800012e   0x00000000   Code   RO         2957    .ARM.Collect$$libinit$$0000001D  c_p.l(libinit2.o)
    0x0800012e   0x0800012e   0x00000000   Code   RO         2959    .ARM.Collect$$libinit$$0000001F  c_p.l(libinit2.o)
    0x0800012e   0x0800012e   0x00000000   Code   RO         2961    .ARM.Collect$$libinit$$00000021  c_p.l(libinit2.o)
    0x0800012e   0x0800012e   0x00000000   Code   RO         2963    .ARM.Collect$$libinit$$00000023  c_p.l(libinit2.o)
    0x0800012e   0x0800012e   0x00000000   Code   RO         2965    .ARM.Collect$$libinit$$00000025  c_p.l(libinit2.o)
    0x0800012e   0x0800012e   0x00000000   Code   RO         2969    .ARM.Collect$$libinit$$0000002C  c_p.l(libinit2.o)
    0x0800012e   0x0800012e   0x00000000   Code   RO         2971    .ARM.Collect$$libinit$$0000002E  c_p.l(libinit2.o)
    0x0800012e   0x0800012e   0x00000000   Code   RO         2973    .ARM.Collect$$libinit$$00000030  c_p.l(libinit2.o)
    0x0800012e   0x0800012e   0x00000000   Code   RO         2975    .ARM.Collect$$libinit$$00000032  c_p.l(libinit2.o)
    0x0800012e   0x0800012e   0x00000002   Code   RO         2976    .ARM.Collect$$libinit$$00000033  c_p.l(libinit2.o)
    0x08000130   0x08000130   0x00000002   Code   RO         3007    .ARM.Collect$$libshutdown$$00000000  c_p.l(libshutdown.o)
    0x08000132   0x08000132   0x00000000   Code   RO         3033    .ARM.Collect$$libshutdown$$00000002  c_p.l(libshutdown2.o)
    0x08000132   0x08000132   0x00000000   Code   RO         3035    .ARM.Collect$$libshutdown$$00000004  c_p.l(libshutdown2.o)
    0x08000132   0x08000132   0x00000000   Code   RO         3038    .ARM.Collect$$libshutdown$$00000007  c_p.l(libshutdown2.o)
    0x08000132   0x08000132   0x00000000   Code   RO         3041    .ARM.Collect$$libshutdown$$0000000A  c_p.l(libshutdown2.o)
    0x08000132   0x08000132   0x00000000   Code   RO         3043    .ARM.Collect$$libshutdown$$0000000C  c_p.l(libshutdown2.o)
    0x08000132   0x08000132   0x00000000   Code   RO         3046    .ARM.Collect$$libshutdown$$0000000F  c_p.l(libshutdown2.o)
    0x08000132   0x08000132   0x00000002   Code   RO         3047    .ARM.Collect$$libshutdown$$00000010  c_p.l(libshutdown2.o)
    0x08000134   0x08000134   0x00000000   Code   RO         2879    .ARM.Collect$$rtentry$$00000000  c_p.l(__rtentry.o)
    0x08000134   0x08000134   0x00000000   Code   RO         2889    .ARM.Collect$$rtentry$$00000002  c_p.l(__rtentry2.o)
    0x08000134   0x08000134   0x00000006   Code   RO         2901    .ARM.Collect$$rtentry$$00000004  c_p.l(__rtentry4.o)
    0x0800013a   0x0800013a   0x00000000   Code   RO         2891    .ARM.Collect$$rtentry$$00000009  c_p.l(__rtentry2.o)
    0x0800013a   0x0800013a   0x00000004   Code   RO         2892    .ARM.Collect$$rtentry$$0000000A  c_p.l(__rtentry2.o)
    0x0800013e   0x0800013e   0x00000000   Code   RO         2894    .ARM.Collect$$rtentry$$0000000C  c_p.l(__rtentry2.o)
    0x0800013e   0x0800013e   0x00000008   Code   RO         2895    .ARM.Collect$$rtentry$$0000000D  c_p.l(__rtentry2.o)
    0x08000146   0x08000146   0x00000002   Code   RO         2924    .ARM.Collect$$rtexit$$00000000  c_p.l(rtexit.o)
    0x08000148   0x08000148   0x00000000   Code   RO         2980    .ARM.Collect$$rtexit$$00000002  c_p.l(rtexit2.o)
    0x08000148   0x08000148   0x00000004   Code   RO         2981    .ARM.Collect$$rtexit$$00000003  c_p.l(rtexit2.o)
    0x0800014c   0x0800014c   0x00000006   Code   RO         2982    .ARM.Collect$$rtexit$$00000004  c_p.l(rtexit2.o)
    0x08000152   0x08000152   0x00000002   PAD
    0x08000154   0x08000154   0x00000038   Code   RO            4    .text               startup_stm32f030x6.o
    0x0800018c   0x0800018c   0x00000022   Code   RO         2861    .text               c_p.l(llushr.o)
    0x080001ae   0x080001ae   0x00000030   Code   RO         2863    .text               c_p.l(llmul.o)
    0x080001de   0x080001de   0x00000070   Code   RO         2865    .text               c_p.l(llsdiv.o)
    0x0800024e   0x0800024e   0x00000102   Code   RO         2867    .text               c_p.l(lludiv.o)
    0x08000350   0x08000350   0x00000040   Code   RO         2869    .text               c_p.l(rt_memclr.o)
    0x08000390   0x08000390   0x0000015a   Code   RO         2871    .text               c_p.l(aeabi_sdiv.o)
    0x080004ea   0x080004ea   0x00000006   Code   RO         2875    .text               c_p.l(heapauxi.o)
    0x080004f0   0x080004f0   0x0000003e   Code   RO         2905    .text               c_p.l(sys_stackheap_outer.o)
    0x0800052e   0x0800052e   0x00000010   Code   RO         2908    .text               c_p.l(exit.o)
    0x0800053e   0x0800053e   0x00000002   PAD
    0x08000540   0x08000540   0x00000008   Code   RO         2920    .text               c_p.l(libspace.o)
    0x08000548   0x08000548   0x0000000c   Code   RO         2977    .text               c_p.l(sys_exit.o)
    0x08000554   0x08000554   0x00000002   Code   RO         2996    .text               c_p.l(use_no_semi.o)
    0x08000556   0x08000556   0x00000000   Code   RO         2998    .text               c_p.l(indicate_semi.o)
    0x08000556   0x08000556   0x00000062   Code   RO          427    i.CS1237UartProtocol_BuildReportFrame  protocol.o
    0x080005b8   0x080005b8   0x00000040   Code   RO          428    i.CS1237UartProtocol_Crc16Modbus  protocol.o
    0x080005f8   0x080005f8   0x00000018   Code   RO          429    i.CS1237UartProtocol_IsKnownDeviceCode  protocol.o
    0x08000610   0x08000610   0x00000018   Code   RO          430    i.CS1237UartProtocol_PackDeviceCode  protocol.o
    0x08000628   0x08000628   0x00000008   Code   RO          431    i.CS1237UartProtocol_WriteU16LittleEndian  protocol.o
    0x08000630   0x08000630   0x00000010   Code   RO          432    i.CS1237UartProtocol_WriteU32LittleEndian  protocol.o
    0x08000640   0x08000640   0x00000018   Code   RO          273    i.CS1237_DelayShort  cs1237.o
    0x08000658   0x08000658   0x00000054   Code   RO          274    i.CS1237_EnableGpioClock  cs1237.o
    0x080006ac   0x080006ac   0x00000040   Code   RO          275    i.CS1237_GPIO_Init  cs1237.o
    0x080006ec   0x080006ec   0x0000001c   Code   RO          281    i.CS1237_Init       cs1237.o
    0x08000708   0x08000708   0x00000014   Code   RO          283    i.CS1237_PulseClock  cs1237.o
    0x0800071c   0x0800071c   0x000000c8   Code   RO          284    i.CS1237_ReadDataFrame  cs1237.o
    0x080007e4   0x080007e4   0x0000000e   Code   RO          285    i.CS1237_ReadDataPin  cs1237.o
    0x080007f2   0x080007f2   0x00000002   PAD
    0x080007f4   0x080007f4   0x00000080   Code   RO          287    i.CS1237_ReadMedianChecked  cs1237.o
    0x08000874   0x08000874   0x0000000c   Code   RO          288    i.CS1237_ReadRawSigned  cs1237.o
    0x08000880   0x08000880   0x00000010   Code   RO          289    i.CS1237_SckHigh    cs1237.o
    0x08000890   0x08000890   0x00000010   Code   RO          290    i.CS1237_SckLow     cs1237.o
    0x080008a0   0x080008a0   0x00000020   Code   RO          291    i.CS1237_SetConfig  cs1237.o
    0x080008c0   0x080008c0   0x00000026   Code   RO          292    i.CS1237_SetDataPinInput  cs1237.o
    0x080008e6   0x080008e6   0x00000002   PAD
    0x080008e8   0x080008e8   0x0000001c   Code   RO          293    i.CS1237_SetGain    cs1237.o
    0x08000904   0x08000904   0x00000098   Code   RO          296    i.CS1237_WriteConfigRegister  cs1237.o
    0x0800099c   0x0800099c   0x00000010   Code   RO          297    i.CS1237_WriteDataPin  cs1237.o
    0x080009ac   0x080009ac   0x0000004c   Code   RO          475    i.CalibrationProtocol_BuildAck  calibration_protocol.o
    0x080009f8   0x080009f8   0x00000034   Code   RO          476    i.CalibrationProtocol_DropRxBytes  calibration_protocol.o
    0x08000a2c   0x08000a2c   0x00000024   Code   RO          477    i.CalibrationProtocol_Init  calibration_protocol.o
    0x08000a50   0x08000a50   0x0000002c   Code   RO          478    i.CalibrationProtocol_OnRxByte  calibration_protocol.o
    0x08000a7c   0x08000a7c   0x000000d0   Code   RO          479    i.CalibrationProtocol_ParseRx  calibration_protocol.o
    0x08000b4c   0x08000b4c   0x00000078   Code   RO          480    i.CalibrationProtocol_Process  calibration_protocol.o
    0x08000bc4   0x08000bc4   0x00000004   Code   RO           12    i.Error_Handler     main.o
    0x08000bc8   0x08000bc8   0x00000024   Code   RO         2259    i.FLASH_MassErase   stm32f0xx_hal_flash_ex.o
    0x08000bec   0x08000bec   0x00000024   Code   RO         2262    i.FLASH_PageErase   stm32f0xx_hal_flash_ex.o
    0x08000c10   0x08000c10   0x00000020   Code   RO         2160    i.FLASH_Program_HalfWord  stm32f0xx_hal_flash.o
    0x08000c30   0x08000c30   0x00000038   Code   RO         2161    i.FLASH_SetErrorCode  stm32f0xx_hal_flash.o
    0x08000c68   0x08000c68   0x00000050   Code   RO         2162    i.FLASH_WaitForLastOperation  stm32f0xx_hal_flash.o
    0x08000cb8   0x08000cb8   0x00000040   Code   RO         1872    i.HAL_DMA_Abort     stm32f0xx_hal_dma.o
    0x08000cf8   0x08000cf8   0x00000048   Code   RO         1873    i.HAL_DMA_Abort_IT  stm32f0xx_hal_dma.o
    0x08000d40   0x08000d40   0x00000024   Code   RO         1149    i.HAL_Delay         stm32f0xx_hal.o
    0x08000d64   0x08000d64   0x000000a0   Code   RO         2263    i.HAL_FLASHEx_Erase  stm32f0xx_hal_flash_ex.o
    0x08000e04   0x08000e04   0x00000014   Code   RO         2166    i.HAL_FLASH_Lock    stm32f0xx_hal_flash.o
    0x08000e18   0x08000e18   0x0000007c   Code   RO         2171    i.HAL_FLASH_Program  stm32f0xx_hal_flash.o
    0x08000e94   0x08000e94   0x00000028   Code   RO         2173    i.HAL_FLASH_Unlock  stm32f0xx_hal_flash.o
    0x08000ebc   0x08000ebc   0x000001a4   Code   RO         1811    i.HAL_GPIO_Init     stm32f0xx_hal_gpio.o
    0x08001060   0x08001060   0x0000000a   Code   RO         1813    i.HAL_GPIO_ReadPin  stm32f0xx_hal_gpio.o
    0x0800106a   0x0800106a   0x0000000c   Code   RO         1815    i.HAL_GPIO_WritePin  stm32f0xx_hal_gpio.o
    0x08001076   0x08001076   0x00000002   PAD
    0x08001078   0x08001078   0x0000000c   Code   RO         1153    i.HAL_GetTick       stm32f0xx_hal.o
    0x08001084   0x08001084   0x00000010   Code   RO         1159    i.HAL_IncTick       stm32f0xx_hal.o
    0x08001094   0x08001094   0x00000020   Code   RO         1160    i.HAL_Init          stm32f0xx_hal.o
    0x080010b4   0x080010b4   0x00000044   Code   RO         1161    i.HAL_InitTick      stm32f0xx_hal.o
    0x080010f8   0x080010f8   0x00000028   Code   RO          801    i.HAL_MspInit       stm32f0xx_hal_msp.o
    0x08001120   0x08001120   0x00000018   Code   RO         1968    i.HAL_NVIC_EnableIRQ  stm32f0xx_hal_cortex.o
    0x08001138   0x08001138   0x00000008   Code   RO         1972    i.HAL_NVIC_SetPriority  stm32f0xx_hal_cortex.o
    0x08001140   0x08001140   0x000000e8   Code   RO         1114    i.HAL_RCCEx_PeriphCLKConfig  stm32f0xx_hal_rcc_ex.o
    0x08001228   0x08001228   0x00000108   Code   RO         1018    i.HAL_RCC_ClockConfig  stm32f0xx_hal_rcc.o
    0x08001330   0x08001330   0x00000020   Code   RO         1025    i.HAL_RCC_GetPCLK1Freq  stm32f0xx_hal_rcc.o
    0x08001350   0x08001350   0x00000054   Code   RO         1026    i.HAL_RCC_GetSysClockFreq  stm32f0xx_hal_rcc.o
    0x080013a4   0x080013a4   0x00000388   Code   RO         1029    i.HAL_RCC_OscConfig  stm32f0xx_hal_rcc.o
    0x0800172c   0x0800172c   0x00000030   Code   RO         1976    i.HAL_SYSTICK_Config  stm32f0xx_hal_cortex.o
    0x0800175c   0x0800175c   0x00000002   Code   RO         2405    i.HAL_UARTEx_RxEventCallback  stm32f0xx_hal_uart.o
    0x0800175e   0x0800175e   0x00000002   PAD
    0x08001760   0x08001760   0x00000020   Code   RO          481    i.HAL_UART_ErrorCallback  calibration_protocol.o
    0x08001780   0x08001780   0x00000294   Code   RO         2424    i.HAL_UART_IRQHandler  stm32f0xx_hal_uart.o
    0x08001a14   0x08001a14   0x0000006a   Code   RO         2425    i.HAL_UART_Init     stm32f0xx_hal_uart.o
    0x08001a7e   0x08001a7e   0x00000002   PAD
    0x08001a80   0x08001a80   0x00000074   Code   RO          236    i.HAL_UART_MspInit  usart.o
    0x08001af4   0x08001af4   0x00000058   Code   RO         2430    i.HAL_UART_Receive_IT  stm32f0xx_hal_uart.o
    0x08001b4c   0x08001b4c   0x00000024   Code   RO          482    i.HAL_UART_RxCpltCallback  calibration_protocol.o
    0x08001b70   0x08001b70   0x000000c0   Code   RO         2434    i.HAL_UART_Transmit  stm32f0xx_hal_uart.o
    0x08001c30   0x08001c30   0x00000002   Code   RO         2437    i.HAL_UART_TxCpltCallback  stm32f0xx_hal_uart.o
    0x08001c32   0x08001c32   0x00000002   Code   RO          748    i.HardFault_Handler  stm32f0xx_it.o
    0x08001c34   0x08001c34   0x00000074   Code   RO          177    i.MX_GPIO_Init      gpio.o
    0x08001ca8   0x08001ca8   0x00000038   Code   RO          237    i.MX_USART1_UART_Init  usart.o
    0x08001ce0   0x08001ce0   0x00000002   Code   RO          749    i.NMI_Handler       stm32f0xx_it.o
    0x08001ce2   0x08001ce2   0x00000002   Code   RO          750    i.PendSV_Handler    stm32f0xx_it.o
    0x08001ce4   0x08001ce4   0x00000024   Code   RO          618    i.PressureAutoZero_AbsDiff  pressure_auto_zero.o
    0x08001d08   0x08001d08   0x00000020   Code   RO          619    i.PressureAutoZero_AcceptEmpty  pressure_auto_zero.o
    0x08001d28   0x08001d28   0x00000154   Code   RO          620    i.PressureAutoZero_AddStableSample  pressure_auto_zero.o
    0x08001e7c   0x08001e7c   0x0000001c   Code   RO          621    i.PressureAutoZero_EnterLockout  pressure_auto_zero.o
    0x08001e98   0x08001e98   0x0000000c   Code   RO          622    i.PressureAutoZero_GetBootEmptyRaw  pressure_auto_zero.o
    0x08001ea4   0x08001ea4   0x0000000c   Code   RO          625    i.PressureAutoZero_GetSessionZeroRaw  pressure_auto_zero.o
    0x08001eb0   0x08001eb0   0x00000030   Code   RO          627    i.PressureAutoZero_Init  pressure_auto_zero.o
    0x08001ee0   0x08001ee0   0x00000014   Code   RO          628    i.PressureAutoZero_IsReady  pressure_auto_zero.o
    0x08001ef4   0x08001ef4   0x00000070   Code   RO          629    i.PressureAutoZero_ProcessEmpty  pressure_auto_zero.o
    0x08001f64   0x08001f64   0x00000010   Code   RO          630    i.PressureAutoZero_ResetDevice  pressure_auto_zero.o
    0x08001f74   0x08001f74   0x0000017c   Code   RO          631    i.PressureAutoZero_Update  pressure_auto_zero.o
    0x080020f0   0x080020f0   0x0000000c   Code   RO          537    i.PressureThreshold_GetRuntime  pressure_threshold_store.o
    0x080020fc   0x080020fc   0x00000014   Code   RO          538    i.PressureThreshold_IsValid  pressure_threshold_store.o
    0x08002110   0x08002110   0x00000040   Code   RO          539    i.PressureThreshold_Load  pressure_threshold_store.o
    0x08002150   0x08002150   0x0000008c   Code   RO          540    i.PressureThreshold_Save  pressure_threshold_store.o
    0x080021dc   0x080021dc   0x00000018   Code   RO          541    i.PressureThreshold_SetRuntime  pressure_threshold_store.o
    0x080021f4   0x080021f4   0x0000002c   Code   RO          542    i.PressureThreshold_SetRuntimeAndSave  pressure_threshold_store.o
    0x08002220   0x08002220   0x00000038   Code   RO          589    i.PressureZeroStore_Load  pressure_zero_store.o
    0x08002258   0x08002258   0x00000080   Code   RO          590    i.PressureZeroStore_Save  pressure_zero_store.o
    0x080022d8   0x080022d8   0x00000002   Code   RO          751    i.SVC_Handler       stm32f0xx_it.o
    0x080022da   0x080022da   0x00000008   Code   RO          752    i.SysTick_Handler   stm32f0xx_it.o
    0x080022e2   0x080022e2   0x0000006e   Code   RO           13    i.SystemClock_Config  main.o
    0x08002350   0x08002350   0x00000002   Code   RO         2828    i.SystemInit        system_stm32f0xx.o
    0x08002352   0x08002352   0x000000ca   Code   RO         2439    i.UART_AdvFeatureConfig  stm32f0xx_hal_uart.o
    0x0800241c   0x0800241c   0x000000c4   Code   RO         2440    i.UART_CheckIdleState  stm32f0xx_hal_uart.o
    0x080024e0   0x080024e0   0x00000014   Code   RO         2441    i.UART_DMAAbortOnError  stm32f0xx_hal_uart.o
    0x080024f4   0x080024f4   0x00000060   Code   RO         2451    i.UART_EndRxTransfer  stm32f0xx_hal_uart.o
    0x08002554   0x08002554   0x000000ce   Code   RO         2453    i.UART_RxISR_16BIT  stm32f0xx_hal_uart.o
    0x08002622   0x08002622   0x000000ce   Code   RO         2454    i.UART_RxISR_8BIT   stm32f0xx_hal_uart.o
    0x080026f0   0x080026f0   0x0000011c   Code   RO         2455    i.UART_SetConfig    stm32f0xx_hal_uart.o
    0x0800280c   0x0800280c   0x000000b0   Code   RO         2457    i.UART_Start_Receive_IT  stm32f0xx_hal_uart.o
    0x080028bc   0x080028bc   0x00000096   Code   RO         2460    i.UART_WaitOnFlagUntilTimeout  stm32f0xx_hal_uart.o
    0x08002952   0x08002952   0x00000002   PAD
    0x08002954   0x08002954   0x00000010   Code   RO          753    i.USART1_IRQHandler  stm32f0xx_it.o
    0x08002964   0x08002964   0x0000003c   Code   RO          715    i.WeightCalibration_ApplyFromEmptyX10  weight_calibration.o
    0x080029a0   0x080029a0   0x0000001c   Code   RO          716    i.WeightCalibration_ApplySessionX10  weight_calibration.o
    0x080029bc   0x080029bc   0x00000080   Code   RO          717    i.WeightCalibration_InterpolateX10  weight_calibration.o
    0x08002a3c   0x08002a3c   0x00000030   Code   RO         1104    i.__ARM_common_ll_muluu  stm32f0xx_hal_rcc.o
    0x08002a6c   0x08002a6c   0x0000001a   Code   RO          708    i.__ARM_common_switch8  pressure_auto_zero.o
    0x08002a86   0x08002a86   0x00000002   PAD
    0x08002a88   0x08002a88   0x00000044   Code   RO         1978    i.__NVIC_SetPriority  stm32f0xx_hal_cortex.o
    0x08002acc   0x08002acc   0x000001e0   Code   RO           14    i.main              main.o
    0x08002cac   0x08002cac   0x00000048   Data   RO          718    .constdata          weight_calibration.o
    0x08002cf4   0x08002cf4   0x00000020   Data   RO         1030    .constdata          stm32f0xx_hal_rcc.o
    0x08002d14   0x08002d14   0x00000010   Data   RO         2829    .constdata          system_stm32f0xx.o
    0x08002d24   0x08002d24   0x00000008   Data   RO         2830    .constdata          system_stm32f0xx.o
    0x08002d2c   0x08002d2c   0x00000020   Data   RO         3048    Region$$Table       anon$$obj.o


    Execution Region RW_IRAM1 (Exec base: 0x20000000, Load base: 0x08002d4c, Size: 0x00000860, Max: 0x00020000, ABSOLUTE)

    Exec Addr    Load Addr    Size         Type   Attr      Idx    E Section Name        Object

    0x20000000   0x08002d4c   0x00000008   Data   RW           15    .data               main.o
    0x20000008   0x08002d54   0x0000000c   Data   RW          298    .data               cs1237.o
    0x20000014   0x08002d60   0x0000000c   Data   RW          484    .data               calibration_protocol.o
    0x20000020   0x08002d6c   0x00000002   Data   RW          543    .data               pressure_threshold_store.o
    0x20000022   0x08002d6e   0x00000002   PAD
    0x20000024   0x08002d70   0x00000014   Data   RW          633    .data               pressure_auto_zero.o
    0x20000038   0x08002d84   0x0000000c   Data   RW         1167    .data               stm32f0xx_hal.o
    0x20000044   0x08002d90   0x00000004   Data   RW         2831    .data               system_stm32f0xx.o
    0x20000048        -       0x00000088   Zero   RW          238    .bss                usart.o
    0x200000d0        -       0x000000f8   Zero   RW          483    .bss                calibration_protocol.o
    0x200001c8        -       0x00000014   Zero   RW          632    .bss                pressure_auto_zero.o
    0x200001dc   0x08002d94   0x00000004   PAD
    0x200001e0        -       0x00000020   Zero   RW         2174    .bss                stm32f0xx_hal_flash.o
    0x20000200        -       0x00000060   Zero   RW         2921    .bss                c_p.l(libspace.o)
    0x20000260        -       0x00000200   Zero   RW            2    HEAP                startup_stm32f030x6.o
    0x20000460        -       0x00000400   Zero   RW            1    STACK               startup_stm32f030x6.o


==============================================================================

Image component sizes


      Code (inc. data)   RO Data    RW Data    ZI Data      Debug   Object Name

       604         62          0         12        248       6827   calibration_protocol.o
       872         42          0         12          0       9827   cs1237.o
       116          6          0          0          0        823   gpio.o
       594         12          0          8          0     246908   main.o
      1062         88          0         20         20       8869   pressure_auto_zero.o
       304         66          0          2          0       4394   pressure_threshold_store.o
       184         28          0          0          0       2046   pressure_zero_store.o
       234         10          0          0          0       4134   protocol.o
        56         26        176          0       1536        620   startup_stm32f030x6.o
       164         30          0         12          0       7681   stm32f0xx_hal.o
       148         24          0          0          0      10225   stm32f0xx_hal_cortex.o
       136          0          0          0          0       1691   stm32f0xx_hal_dma.o
       352         56          0          0         32       4590   stm32f0xx_hal_flash.o
       232         30          0          0          0       2965   stm32f0xx_hal_flash_ex.o
       442         24          0          0          0       2683   stm32f0xx_hal_gpio.o
        40          6          0          0          0        790   stm32f0xx_hal_msp.o
      1332         64         32          0          0       4513   stm32f0xx_hal_rcc.o
       232         14          0          0          0       1328   stm32f0xx_hal_rcc_ex.o
      2586         48          0          0          0      20152   stm32f0xx_hal_uart.o
        32          6          0          0          0       2487   stm32f0xx_it.o
         2          0         24          4          0       1063   system_stm32f0xx.o
       172         18          0          0        136       1574   usart.o
       216          4         72          0          0       2926   weight_calibration.o

    ----------------------------------------------------------------------
     10126        664        336         72       1976     349116   Object Totals
         0          0         32          0          0          0   (incl. Generated)
        14          0          0          2          4          0   (incl. Padding)

    ----------------------------------------------------------------------

      Code (inc. data)   RO Data    RW Data    ZI Data      Debug   Library Member Name

         8          0          0          0          0         68   __main.o
         0          0          0          0          0          0   __rtentry.o
        12          0          0          0          0          0   __rtentry2.o
         6          0          0          0          0          0   __rtentry4.o
        60          8          0          0          0          0   __scatter.o
        26          0          0          0          0          0   __scatter_copy.o
        28          0          0          0          0          0   __scatter_zi.o
       346          0          0          0          0         92   aeabi_sdiv.o
        16          0          0          0          0         68   exit.o
         6          0          0          0          0        136   heapauxi.o
         0          0          0          0          0          0   indicate_semi.o
         2          0          0          0          0          0   libinit.o
         2          0          0          0          0          0   libinit2.o
         2          0          0          0          0          0   libshutdown.o
         2          0          0          0          0          0   libshutdown2.o
         8          4          0          0         96         68   libspace.o
        48          0          0          0          0         72   llmul.o
       112          0          0          0          0         72   llsdiv.o
       258          0          0          0          0         88   lludiv.o
        34          0          0          0          0         68   llushr.o
        64          0          0          0          0        108   rt_memclr.o
         2          0          0          0          0          0   rtexit.o
        10          0          0          0          0          0   rtexit2.o
        12          4          0          0          0         60   sys_exit.o
        62          0          0          0          0         80   sys_stackheap_outer.o
         2          0          0          0          0         68   use_no_semi.o

    ----------------------------------------------------------------------
      1134         16          0          0         96       1048   Library Totals
         6          0          0          0          0          0   (incl. Padding)

    ----------------------------------------------------------------------

      Code (inc. data)   RO Data    RW Data    ZI Data      Debug   Library Name

      1128         16          0          0         96       1048   c_p.l

    ----------------------------------------------------------------------
      1134         16          0          0         96       1048   Library Totals

    ----------------------------------------------------------------------

==============================================================================


      Code (inc. data)   RO Data    RW Data    ZI Data      Debug   

     11260        680        336         72       2072     345092   Grand Totals
     11260        680        336         72       2072     345092   ELF Image Totals
     11260        680        336         72          0          0   ROM Totals

==============================================================================

    Total RO  Size (Code + RO Data)                11596 (  11.32kB)
    Total RW  Size (RW Data + ZI Data)              2144 (   2.09kB)
    Total ROM Size (Code + RO Data + RW Data)      11668 (  11.39kB)

==============================================================================

