Component: ARM Compiler 5.06 update 6 (build 750) Tool: armlink [4d35ed]

==============================================================================

Section Cross References

    startup_stm32f030x6.o(STACK) refers (Special) to heapauxi.o(.text) for __use_two_region_memory
    startup_stm32f030x6.o(HEAP) refers (Special) to heapauxi.o(.text) for __use_two_region_memory
    startup_stm32f030x6.o(RESET) refers (Special) to heapauxi.o(.text) for __use_two_region_memory
    startup_stm32f030x6.o(RESET) refers to startup_stm32f030x6.o(STACK) for __initial_sp
    startup_stm32f030x6.o(RESET) refers to startup_stm32f030x6.o(.text) for Reset_Handler
    startup_stm32f030x6.o(RESET) refers to stm32f0xx_it.o(i.NMI_Handler) for NMI_Handler
    startup_stm32f030x6.o(RESET) refers to stm32f0xx_it.o(i.HardFault_Handler) for HardFault_Handler
    startup_stm32f030x6.o(RESET) refers to stm32f0xx_it.o(i.SVC_Handler) for SVC_Handler
    startup_stm32f030x6.o(RESET) refers to stm32f0xx_it.o(i.PendSV_Handler) for PendSV_Handler
    startup_stm32f030x6.o(RESET) refers to stm32f0xx_it.o(i.SysTick_Handler) for SysTick_Handler
    startup_stm32f030x6.o(RESET) refers to stm32f0xx_it.o(i.USART1_IRQHandler) for USART1_IRQHandler
    startup_stm32f030x6.o(.text) refers (Special) to heapauxi.o(.text) for __use_two_region_memory
    startup_stm32f030x6.o(.text) refers to system_stm32f0xx.o(i.SystemInit) for SystemInit
    startup_stm32f030x6.o(.text) refers to __main.o(!!!main) for __main
    startup_stm32f030x6.o(.text) refers to startup_stm32f030x6.o(HEAP) for Heap_Mem
    startup_stm32f030x6.o(.text) refers to startup_stm32f030x6.o(STACK) for Stack_Mem
    main.o(i.SystemClock_Config) refers to rt_memclr.o(.text) for __aeabi_memclr4
    main.o(i.SystemClock_Config) refers to stm32f0xx_hal_rcc.o(i.HAL_RCC_OscConfig) for HAL_RCC_OscConfig
    main.o(i.SystemClock_Config) refers to stm32f0xx_hal_rcc.o(i.HAL_RCC_ClockConfig) for HAL_RCC_ClockConfig
    main.o(i.SystemClock_Config) refers to stm32f0xx_hal_rcc_ex.o(i.HAL_RCCEx_PeriphCLKConfig) for HAL_RCCEx_PeriphCLKConfig
    main.o(i.main) refers to stm32f0xx_hal.o(i.HAL_Init) for HAL_Init
    main.o(i.main) refers to main.o(i.SystemClock_Config) for SystemClock_Config
    main.o(i.main) refers to gpio.o(i.MX_GPIO_Init) for MX_GPIO_Init
    main.o(i.main) refers to usart.o(i.MX_USART1_UART_Init) for MX_USART1_UART_Init
    main.o(i.main) refers to cs1237.o(i.CS1237_Init) for CS1237_Init
    main.o(i.main) refers to cs1237.o(i.CS1237_SetGain) for CS1237_SetGain
    main.o(i.main) refers to cs1237.o(i.CS1237_SetScaleFactor) for CS1237_SetScaleFactor
    main.o(i.main) refers to rt_memclr.o(.text) for __aeabi_memclr4
    main.o(i.main) refers to pressure_threshold_store.o(i.PressureThreshold_Load) for PressureThreshold_Load
    main.o(i.main) refers to pressure_threshold_store.o(i.PressureThreshold_SetRuntime) for PressureThreshold_SetRuntime
    main.o(i.main) refers to weight_calibration.o(i.WeightCalibration_LoadRuntimeFromFlash) for WeightCalibration_LoadRuntimeFromFlash
    main.o(i.main) refers to calibration_protocol.o(i.CalibrationProtocol_Init) for CalibrationProtocol_Init
    main.o(i.main) refers to calibration_protocol.o(i.CalibrationProtocol_Process) for CalibrationProtocol_Process
    main.o(i.main) refers to cs1237.o(i.CS1237_ReadMedian) for CS1237_ReadMedian
    main.o(i.main) refers to weight_calibration.o(i.WeightCalibration_ApplySegmentCalibrationX10) for WeightCalibration_ApplySegmentCalibrationX10
    main.o(i.main) refers to stm32f0xx_hal_gpio.o(i.HAL_GPIO_ReadPin) for HAL_GPIO_ReadPin
    main.o(i.main) refers to protocol.o(i.CS1237UartProtocol_PackDeviceCode) for CS1237UartProtocol_PackDeviceCode
    main.o(i.main) refers to pressure_threshold_store.o(i.PressureThreshold_GetRuntime) for PressureThreshold_GetRuntime
    main.o(i.main) refers to protocol.o(i.CS1237UartProtocol_BuildReportFrame) for CS1237UartProtocol_BuildReportFrame
    main.o(i.main) refers to stm32f0xx_hal_uart.o(i.HAL_UART_Transmit) for HAL_UART_Transmit
    main.o(i.main) refers to stm32f0xx_hal.o(i.HAL_Delay) for HAL_Delay
    main.o(i.main) refers to main.o(.data) for .data
    main.o(i.main) refers to usart.o(.bss) for huart1
    gpio.o(i.MX_GPIO_Init) refers to rt_memclr.o(.text) for __aeabi_memclr4
    gpio.o(i.MX_GPIO_Init) refers to stm32f0xx_hal_gpio.o(i.HAL_GPIO_WritePin) for HAL_GPIO_WritePin
    gpio.o(i.MX_GPIO_Init) refers to stm32f0xx_hal_gpio.o(i.HAL_GPIO_Init) for HAL_GPIO_Init
    adc.o(i.HAL_ADC_MspDeInit) refers to stm32f0xx_hal_gpio.o(i.HAL_GPIO_DeInit) for HAL_GPIO_DeInit
    adc.o(i.HAL_ADC_MspInit) refers to rt_memclr.o(.text) for __aeabi_memclr4
    adc.o(i.HAL_ADC_MspInit) refers to stm32f0xx_hal_gpio.o(i.HAL_GPIO_Init) for HAL_GPIO_Init
    adc.o(i.MX_ADC_Init) refers to stm32f0xx_hal_adc.o(i.HAL_ADC_Init) for HAL_ADC_Init
    adc.o(i.MX_ADC_Init) refers to main.o(i.Error_Handler) for Error_Handler
[...]
    Removing stm32f0xx_hal_uart_ex.o(.revsh_text), (4 bytes).
    Removing stm32f0xx_hal_uart_ex.o(i.HAL_MultiProcessorEx_AddressLength_Set), (52 bytes).
    Removing stm32f0xx_hal_uart_ex.o(i.HAL_RS485Ex_Init), (136 bytes).
    Removing stm32f0xx_hal_uart_ex.o(i.HAL_UARTEx_GetRxEventType), (4 bytes).
    Removing stm32f0xx_hal_uart_ex.o(i.HAL_UARTEx_ReceiveToIdle), (308 bytes).
    Removing stm32f0xx_hal_uart_ex.o(i.HAL_UARTEx_ReceiveToIdle_DMA), (108 bytes).
    Removing stm32f0xx_hal_uart_ex.o(i.HAL_UARTEx_ReceiveToIdle_IT), (106 bytes).
    Removing system_stm32f0xx.o(.rev16_text), (4 bytes).
    Removing system_stm32f0xx.o(.revsh_text), (4 bytes).
    Removing system_stm32f0xx.o(i.SystemCoreClockUpdate), (108 bytes).
    Removing protocol.o(i.__ARM_common_switch8), (26 bytes).

331 unused section(s) (total 24976 bytes) removed from the image.

==============================================================================

Image Symbol Table

    Local Symbols

    Symbol Name                              Value     Ov Type        Size  Object(Section)

    RESET                                    0x00000000   Section      176  startup_stm32f030x6.o(RESET)
    ../Core/Src/adc.c                        0x00000000   Number         0  adc.o ABSOLUTE
    ../Core/Src/calibration_protocol.c       0x00000000   Number         0  calibration_protocol.o ABSOLUTE
    ../Core/Src/cs1237.c                     0x00000000   Number         0  cs1237.o ABSOLUTE
    ../Core/Src/gpio.c                       0x00000000   Number         0  gpio.o ABSOLUTE
    ../Core/Src/main.c                       0x00000000   Number         0  main.o ABSOLUTE
    ../Core/Src/pressure_threshold_store.c   0x00000000   Number         0  pressure_threshold_store.o ABSOLUTE
    ../Core/Src/protocol.c                   0x00000000   Number         0  protocol.o ABSOLUTE
    ../Core/Src/stm32f0xx_hal_msp.c          0x00000000   Number         0  stm32f0xx_hal_msp.o ABSOLUTE
    ../Core/Src/stm32f0xx_it.c               0x00000000   Number         0  stm32f0xx_it.o ABSOLUTE
    ../Core/Src/system_stm32f0xx.c           0x00000000   Number         0  system_stm32f0xx.o ABSOLUTE
    ../Core/Src/usart.c                      0x00000000   Number         0  usart.o ABSOLUTE
    ../Core/Src/weight_calibration.c         0x00000000   Number         0  weight_calibration.o ABSOLUTE
    ../Drivers/STM32F0xx_HAL_Driver/Src/stm32f0xx_hal.c 0x00000000   Number         0  stm32f0xx_hal.o ABSOLUTE
    ../Drivers/STM32F0xx_HAL_Driver/Src/stm32f0xx_hal_adc.c 0x00000000   Number         0  stm32f0xx_hal_adc.o ABSOLUTE
    ../Drivers/STM32F0xx_HAL_Driver/Src/stm32f0xx_hal_adc_ex.c 0x00000000   Number         0  stm32f0xx_hal_adc_ex.o ABSOLUTE
    ../Drivers/STM32F0xx_HAL_Driver/Src/stm32f0xx_hal_cortex.c 0x00000000   Number         0  stm32f0xx_hal_cortex.o ABSOLUTE
    ../Drivers/STM32F0xx_HAL_Driver/Src/stm32f0xx_hal_dma.c 0x00000000   Number         0  stm32f0xx_hal_dma.o ABSOLUTE
    ../Drivers/STM32F0xx_HAL_Driver/Src/stm32f0xx_hal_exti.c 0x00000000   Number         0  stm32f0xx_hal_exti.o ABSOLUTE
    ../Drivers/STM32F0xx_HAL_Driver/Src/stm32f0xx_hal_flash.c 0x00000000   Number         0  stm32f0xx_hal_flash.o ABSOLUTE
    ../Drivers/STM32F0xx_HAL_Driver/Src/stm32f0xx_hal_flash_ex.c 0x00000000   Number         0  stm32f0xx_hal_flash_ex.o ABSOLUTE
    ../Drivers/STM32F0xx_HAL_Driver/Src/stm32f0xx_hal_gpio.c 0x00000000   Number         0  stm32f0xx_hal_gpio.o ABSOLUTE
    ../Drivers/STM32F0xx_HAL_Driver/Src/stm32f0xx_hal_i2c.c 0x00000000   Number         0  stm32f0xx_hal_i2c.o ABSOLUTE
    ../Drivers/STM32F0xx_HAL_Driver/Src/stm32f0xx_hal_i2c_ex.c 0x00000000   Number         0  stm32f0xx_hal_i2c_ex.o ABSOLUTE
    ../Drivers/STM32F0xx_HAL_Driver/Src/stm32f0xx_hal_pwr.c 0x00000000   Number         0  stm32f0xx_hal_pwr.o ABSOLUTE
    ../Drivers/STM32F0xx_HAL_Driver/Src/stm32f0xx_hal_pwr_ex.c 0x00000000   Number         0  stm32f0xx_hal_pwr_ex.o ABSOLUTE
    ../Drivers/STM32F0xx_HAL_Driver/Src/stm32f0xx_hal_rcc.c 0x00000000   Number         0  stm32f0xx_hal_rcc.o ABSOLUTE
    ../Drivers/STM32F0xx_HAL_Driver/Src/stm32f0xx_hal_rcc_ex.c 0x00000000   Number         0  stm32f0xx_hal_rcc_ex.o ABSOLUTE
    ../Drivers/STM32F0xx_HAL_Driver/Src/stm32f0xx_hal_uart.c 0x00000000   Number         0  stm32f0xx_hal_uart.o ABSOLUTE
    ../Drivers/STM32F0xx_HAL_Driver/Src/stm32f0xx_hal_uart_ex.c 0x00000000   Number         0  stm32f0xx_hal_uart_ex.o ABSOLUTE
    ../clib/angel/boardlib.s                 0x00000000   Number         0  boardinit3.o ABSOLUTE
    ../clib/angel/boardlib.s                 0x00000000   Number         0  boardshut.o ABSOLUTE
    ../clib/angel/boardlib.s                 0x00000000   Number         0  boardinit2.o ABSOLUTE
    ../clib/angel/boardlib.s                 0x00000000   Number         0  boardinit1.o ABSOLUTE
    ../clib/angel/handlers.s                 0x00000000   Number         0  __scatter_zi.o ABSOLUTE
    ../clib/angel/handlers.s                 0x00000000   Number         0  __scatter_copy.o ABSOLUTE
    ../clib/angel/kernel.s                   0x00000000   Number         0  __rtentry.o ABSOLUTE
    ../clib/angel/kernel.s                   0x00000000   Number         0  rtexit.o ABSOLUTE
    ../clib/angel/kernel.s                   0x00000000   Number         0  __rtentry2.o ABSOLUTE
    ../clib/angel/kernel.s                   0x00000000   Number         0  rtexit2.o ABSOLUTE
    ../clib/angel/kernel.s                   0x00000000   Number         0  __rtentry4.o ABSOLUTE
    ../clib/angel/rt.s                       0x00000000   Number         0  aeabi_ldiv0.o ABSOLUTE
    ../clib/angel/rt.s                       0x00000000   Number         0  aeabi_idiv0.o ABSOLUTE
    ../clib/angel/rt.s                       0x00000000   Number         0  aeabi_idiv0_sigfpe.o ABSOLUTE
    ../clib/angel/rt.s                       0x00000000   Number         0  rt_raise.o ABSOLUTE
    ../clib/angel/rt.s                       0x00000000   Number         0  rt_div0.o ABSOLUTE
    ../clib/angel/rt.s                       0x00000000   Number         0  aeabi_ldiv0_sigfpe.o ABSOLUTE
    ../clib/angel/scatterp.s                 0x00000000   Number         0  __scatter.o ABSOLUTE
    ../clib/angel/startup.s                  0x00000000   Number         0  __main.o ABSOLUTE
    ../clib/angel/sys.s                      0x00000000   Number         0  tempstk.o ABSOLUTE
    ../clib/angel/sys.s                      0x00000000   Number         0  indicate_semi.o ABSOLUTE
    ../clib/angel/sys.s                      0x00000000   Number         0  use_no_semi.o ABSOLUTE
    ../clib/angel/sys.s                      0x00000000   Number         0  sys_stackheap_outer.o ABSOLUTE
    ../clib/angel/sys.s                      0x00000000   Number         0  libspace.o ABSOLUTE
    ../clib/angel/sysapp.c                   0x00000000   Number         0  sys_wrch.o ABSOLUTE
    ../clib/angel/sysapp.c                   0x00000000   Number         0  sys_command.o ABSOLUTE
    ../clib/angel/sysapp.c                   0x00000000   Number         0  sys_exit.o ABSOLUTE
    ../clib/armsys.c                         0x00000000   Number         0  no_argv.o ABSOLUTE
    ../clib/armsys.c                         0x00000000   Number         0  _get_argv_nomalloc.o ABSOLUTE
    ../clib/armsys.c                         0x00000000   Number         0  argv_veneer.o ABSOLUTE
    ../clib/division.c                       0x00000000   Number         0  llsdiv.o ABSOLUTE
    ../clib/division.c                       0x00000000   Number         0  lludiv.o ABSOLUTE
    ../clib/division.s                       0x00000000   Number         0  aeabi_sdiv.o ABSOLUTE
    ../clib/division.s                       0x00000000   Number         0  aeabi_sdiv_div0.o ABSOLUTE
    ../clib/heapalloc.c                      0x00000000   Number         0  hrguard.o ABSOLUTE
    ../clib/heapaux.c                        0x00000000   Number         0  heapauxi.o ABSOLUTE
    ../clib/libinit.s                        0x00000000   Number         0  libshutdown.o ABSOLUTE
    ../clib/libinit.s                        0x00000000   Number         0  libshutdown2.o ABSOLUTE
    ../clib/libinit.s                        0x00000000   Number         0  libinit2.o ABSOLUTE
    ../clib/libinit.s                        0x00000000   Number         0  libinit.o ABSOLUTE
    ../clib/longlong.c                       0x00000000   Number         0  llmul.o ABSOLUTE
    ../clib/longlong.c                       0x00000000   Number         0  llushr.o ABSOLUTE
    ../clib/memcpset.c                       0x00000000   Number         0  rt_memclr.o ABSOLUTE
    ../clib/signal.c                         0x00000000   Number         0  defsig_cppl_inner.o ABSOLUTE
    ../clib/signal.c                         0x00000000   Number         0  defsig_stak_inner.o ABSOLUTE
    ../clib/signal.c                         0x00000000   Number         0  defsig_fpe_outer.o ABSOLUTE
    ../clib/signal.c                         0x00000000   Number         0  __raise.o ABSOLUTE
    ../clib/signal.c                         0x00000000   Number         0  defsig_rtred_inner.o ABSOLUTE
    ../clib/signal.c                         0x00000000   Number         0  defsig_fpe_formal.o ABSOLUTE
    ../clib/signal.c                         0x00000000   Number         0  defsig_fpe_inner.o ABSOLUTE
    ../clib/signal.c                         0x00000000   Number         0  defsig_exit.o ABSOLUTE
    ../clib/signal.c                         0x00000000   Number         0  defsig_abrt_inner.o ABSOLUTE
    ../clib/signal.c                         0x00000000   Number         0  defsig_rtmem_inner.o ABSOLUTE
    ../clib/signal.c                         0x00000000   Number         0  defsig_rtmem_outer.o ABSOLUTE
    ../clib/signal.c                         0x00000000   Number         0  defsig_rtmem_formal.o ABSOLUTE
    ../clib/signal.c                         0x00000000   Number         0  defsig_pvfn_inner.o ABSOLUTE
    ../clib/signal.c                         0x00000000   Number         0  defsig_segv_inner.o ABSOLUTE
    ../clib/signal.c                         0x00000000   Number         0  defsig_other.o ABSOLUTE
    ../clib/signal.c                         0x00000000   Number         0  defsig_general.o ABSOLUTE
    ../clib/signal.s                         0x00000000   Number         0  defsig.o ABSOLUTE
    ../clib/stdlib.c                         0x00000000   Number         0  exit.o ABSOLUTE
    ../clib/unhosted.c                       0x00000000   Number         0  uread4.o ABSOLUTE
    ../fplib/cfplib/fpinit.c                 0x00000000   Number         0  fpinit.o ABSOLUTE
    ..\Core\Src\adc.c                        0x00000000   Number         0  adc.o ABSOLUTE
    ..\Core\Src\calibration_protocol.c       0x00000000   Number         0  calibration_protocol.o ABSOLUTE
    ..\Core\Src\cs1237.c                     0x00000000   Number         0  cs1237.o ABSOLUTE
    ..\Core\Src\gpio.c                       0x00000000   Number         0  gpio.o ABSOLUTE
    ..\Core\Src\main.c                       0x00000000   Number         0  main.o ABSOLUTE
    ..\Core\Src\pressure_threshold_store.c   0x00000000   Number         0  pressure_threshold_store.o ABSOLUTE
    ..\Core\Src\protocol.c                   0x00000000   Number         0  protocol.o ABSOLUTE
    ..\Core\Src\stm32f0xx_hal_msp.c          0x00000000   Number         0  stm32f0xx_hal_msp.o ABSOLUTE
    ..\Core\Src\stm32f0xx_it.c               0x00000000   Number         0  stm32f0xx_it.o ABSOLUTE
    ..\Core\Src\system_stm32f0xx.c           0x00000000   Number         0  system_stm32f0xx.o ABSOLUTE
    ..\Core\Src\usart.c                      0x00000000   Number         0  usart.o ABSOLUTE
    ..\Core\Src\weight_calibration.c         0x00000000   Number         0  weight_calibration.o ABSOLUTE
    ..\Drivers\STM32F0xx_HAL_Driver\Src\stm32f0xx_hal.c 0x00000000   Number         0  stm32f0xx_hal.o ABSOLUTE
    ..\Drivers\STM32F0xx_HAL_Driver\Src\stm32f0xx_hal_adc.c 0x00000000   Number         0  stm32f0xx_hal_adc.o ABSOLUTE
    ..\Drivers\STM32F0xx_HAL_Driver\Src\stm32f0xx_hal_adc_ex.c 0x00000000   Number         0  stm32f0xx_hal_adc_ex.o ABSOLUTE
    ..\Drivers\STM32F0xx_HAL_Driver\Src\stm32f0xx_hal_cortex.c 0x00000000   Number         0  stm32f0xx_hal_cortex.o ABSOLUTE
    ..\Drivers\STM32F0xx_HAL_Driver\Src\stm32f0xx_hal_dma.c 0x00000000   Number         0  stm32f0xx_hal_dma.o ABSOLUTE
    ..\Drivers\STM32F0xx_HAL_Driver\Src\stm32f0xx_hal_exti.c 0x00000000   Number         0  stm32f0xx_hal_exti.o ABSOLUTE
    ..\Drivers\STM32F0xx_HAL_Driver\Src\stm32f0xx_hal_flash.c 0x00000000   Number         0  stm32f0xx_hal_flash.o ABSOLUTE
    ..\Drivers\STM32F0xx_HAL_Driver\Src\stm32f0xx_hal_flash_ex.c 0x00000000   Number         0  stm32f0xx_hal_flash_ex.o ABSOLUTE
    ..\Drivers\STM32F0xx_HAL_Driver\Src\stm32f0xx_hal_gpio.c 0x00000000   Number         0  stm32f0xx_hal_gpio.o ABSOLUTE
    ..\Drivers\STM32F0xx_HAL_Driver\Src\stm32f0xx_hal_i2c.c 0x00000000   Number         0  stm32f0xx_hal_i2c.o ABSOLUTE
    ..\Drivers\STM32F0xx_HAL_Driver\Src\stm32f0xx_hal_i2c_ex.c 0x00000000   Number         0  stm32f0xx_hal_i2c_ex.o ABSOLUTE
    ..\Drivers\STM32F0xx_HAL_Driver\Src\stm32f0xx_hal_pwr.c 0x00000000   Number         0  stm32f0xx_hal_pwr.o ABSOLUTE
    ..\Drivers\STM32F0xx_HAL_Driver\Src\stm32f0xx_hal_pwr_ex.c 0x00000000   Number         0  stm32f0xx_hal_pwr_ex.o ABSOLUTE
    ..\Drivers\STM32F0xx_HAL_Driver\Src\stm32f0xx_hal_rcc.c 0x00000000   Number         0  stm32f0xx_hal_rcc.o ABSOLUTE
    ..\Drivers\STM32F0xx_HAL_Driver\Src\stm32f0xx_hal_rcc_ex.c 0x00000000   Number         0  stm32f0xx_hal_rcc_ex.o ABSOLUTE
    ..\Drivers\STM32F0xx_HAL_Driver\Src\stm32f0xx_hal_uart.c 0x00000000   Number         0  stm32f0xx_hal_uart.o ABSOLUTE
    ..\Drivers\STM32F0xx_HAL_Driver\Src\stm32f0xx_hal_uart_ex.c 0x00000000   Number         0  stm32f0xx_hal_uart_ex.o ABSOLUTE
    dc.s                                     0x00000000   Number         0  dc.o ABSOLUTE
    startup_stm32f030x6.s                    0x00000000   Number         0  startup_stm32f030x6.o ABSOLUTE
    !!!main                                  0x000000b0   Section        8  __main.o(!!!main)
    !!!scatter                               0x000000b8   Section       60  __scatter.o(!!!scatter)
    !!handler_copy                           0x000000f4   Section       26  __scatter_copy.o(!!handler_copy)
    !!handler_zi                             0x00000110   Section       28  __scatter_zi.o(!!handler_zi)
    .ARM.Collect$$libinit$$00000000          0x0000012c   Section        2  libinit.o(.ARM.Collect$$libinit$$00000000)
    .ARM.Collect$$libinit$$00000002          0x0000012e   Section        0  libinit2.o(.ARM.Collect$$libinit$$00000002)
    .ARM.Collect$$libinit$$00000004          0x0000012e   Section        0  libinit2.o(.ARM.Collect$$libinit$$00000004)
    .ARM.Collect$$libinit$$0000000A          0x0000012e   Section        0  libinit2.o(.ARM.Collect$$libinit$$0000000A)
    .ARM.Collect$$libinit$$0000000C          0x0000012e   Section        0  libinit2.o(.ARM.Collect$$libinit$$0000000C)
    .ARM.Collect$$libinit$$0000000E          0x0000012e   Section        0  libinit2.o(.ARM.Collect$$libinit$$0000000E)
    .ARM.Collect$$libinit$$00000011          0x0000012e   Section        0  libinit2.o(.ARM.Collect$$libinit$$00000011)
    .ARM.Collect$$libinit$$00000013          0x0000012e   Section        0  libinit2.o(.ARM.Collect$$libinit$$00000013)
    .ARM.Collect$$libinit$$00000015          0x0000012e   Section        0  libinit2.o(.ARM.Collect$$libinit$$00000015)
    .ARM.Collect$$libinit$$00000017          0x0000012e   Section        0  libinit2.o(.ARM.Collect$$libinit$$00000017)
    .ARM.Collect$$libinit$$00000019          0x0000012e   Section        0  libinit2.o(.ARM.Collect$$libinit$$00000019)
    .ARM.Collect$$libinit$$0000001B          0x0000012e   Section        0  libinit2.o(.ARM.Collect$$libinit$$0000001B)
    .ARM.Collect$$libinit$$0000001D          0x0000012e   Section        0  libinit2.o(.ARM.Collect$$libinit$$0000001D)
    .ARM.Collect$$libinit$$0000001F          0x0000012e   Section        0  libinit2.o(.ARM.Collect$$libinit$$0000001F)
    .ARM.Collect$$libinit$$00000021          0x0000012e   Section        0  libinit2.o(.ARM.Collect$$libinit$$00000021)
    .ARM.Collect$$libinit$$00000023          0x0000012e   Section        0  libinit2.o(.ARM.Collect$$libinit$$00000023)
    .ARM.Collect$$libinit$$00000025          0x0000012e   Section        0  libinit2.o(.ARM.Collect$$libinit$$00000025)
    .ARM.Collect$$libinit$$0000002C          0x0000012e   Section        0  libinit2.o(.ARM.Collect$$libinit$$0000002C)
    .ARM.Collect$$libinit$$0000002E          0x0000012e   Section        0  libinit2.o(.ARM.Collect$$libinit$$0000002E)
    .ARM.Collect$$libinit$$00000030          0x0000012e   Section        0  libinit2.o(.ARM.Collect$$libinit$$00000030)
    .ARM.Collect$$libinit$$00000032          0x0000012e   Section        0  libinit2.o(.ARM.Collect$$libinit$$00000032)
    .ARM.Collect$$libinit$$00000033          0x0000012e   Section        2  libinit2.o(.ARM.Collect$$libinit$$00000033)
    .ARM.Collect$$libshutdown$$00000000      0x00000130   Section        2  libshutdown.o(.ARM.Collect$$libshutdown$$00000000)
    .ARM.Collect$$libshutdown$$00000002      0x00000132   Section        0  libshutdown2.o(.ARM.Collect$$libshutdown$$00000002)
    .ARM.Collect$$libshutdown$$00000004      0x00000132   Section        0  libshutdown2.o(.ARM.Collect$$libshutdown$$00000004)
    .ARM.Collect$$libshutdown$$00000007      0x00000132   Section        0  libshutdown2.o(.ARM.Collect$$libshutdown$$00000007)
    .ARM.Collect$$libshutdown$$0000000A      0x00000132   Section        0  libshutdown2.o(.ARM.Collect$$libshutdown$$0000000A)
    .ARM.Collect$$libshutdown$$0000000C      0x00000132   Section        0  libshutdown2.o(.ARM.Collect$$libshutdown$$0000000C)
    .ARM.Collect$$libshutdown$$0000000F      0x00000132   Section        0  libshutdown2.o(.ARM.Collect$$libshutdown$$0000000F)
    .ARM.Collect$$libshutdown$$00000010      0x00000132   Section        2  libshutdown2.o(.ARM.Collect$$libshutdown$$00000010)
    .ARM.Collect$$rtentry$$00000000          0x00000134   Section        0  __rtentry.o(.ARM.Collect$$rtentry$$00000000)
    .ARM.Collect$$rtentry$$00000002          0x00000134   Section        0  __rtentry2.o(.ARM.Collect$$rtentry$$00000002)
    .ARM.Collect$$rtentry$$00000004          0x00000134   Section        6  __rtentry4.o(.ARM.Collect$$rtentry$$00000004)
    .ARM.Collect$$rtentry$$00000009          0x0000013a   Section        0  __rtentry2.o(.ARM.Collect$$rtentry$$00000009)
    .ARM.Collect$$rtentry$$0000000A          0x0000013a   Section        4  __rtentry2.o(.ARM.Collect$$rtentry$$0000000A)
    .ARM.Collect$$rtentry$$0000000C          0x0000013e   Section        0  __rtentry2.o(.ARM.Collect$$rtentry$$0000000C)
    .ARM.Collect$$rtentry$$0000000D          0x0000013e   Section        8  __rtentry2.o(.ARM.Collect$$rtentry$$0000000D)
    .ARM.Collect$$rtexit$$00000000           0x00000146   Section        2  rtexit.o(.ARM.Collect$$rtexit$$00000000)
    .ARM.Collect$$rtexit$$00000002           0x00000148   Section        0  rtexit2.o(.ARM.Collect$$rtexit$$00000002)
    .ARM.Collect$$rtexit$$00000003           0x00000148   Section        4  rtexit2.o(.ARM.Collect$$rtexit$$00000003)
    .ARM.Collect$$rtexit$$00000004           0x0000014c   Section        6  rtexit2.o(.ARM.Collect$$rtexit$$00000004)
    .text                                    0x00000154   Section       56  startup_stm32f030x6.o(.text)
    .text                                    0x0000018c   Section        0  llushr.o(.text)
    .text                                    0x000001ae   Section        0  llmul.o(.text)
    .text                                    0x000001de   Section        0  llsdiv.o(.text)
    .text                                    0x0000024e   Section        0  lludiv.o(.text)
    .text                                    0x00000350   Section        0  rt_memclr.o(.text)
    .text                                    0x00000390   Section        0  uread4.o(.text)
    .text                                    0x000003b2   Section      346  aeabi_sdiv.o(.text)
    .text                                    0x0000050c   Section        0  heapauxi.o(.text)
    .text                                    0x00000512   Section       62  sys_stackheap_outer.o(.text)
    .text                                    0x00000550   Section        0  exit.o(.text)
    .text                                    0x00000560   Section        8  libspace.o(.text)
    .text                                    0x00000568   Section        0  sys_exit.o(.text)
    .text                                    0x00000574   Section        2  use_no_semi.o(.text)
    .text                                    0x00000576   Section        0  indicate_semi.o(.text)
    i.CS1237UartProtocol_BuildReportFrame    0x00000576   Section        0  protocol.o(i.CS1237UartProtocol_BuildReportFrame)
    i.CS1237UartProtocol_Crc16Modbus         0x000005d8   Section        0  protocol.o(i.CS1237UartProtocol_Crc16Modbus)
    i.CS1237UartProtocol_PackDeviceCode      0x00000618   Section        0  protocol.o(i.CS1237UartProtocol_PackDeviceCode)
    i.CS1237UartProtocol_WriteU16LittleEndian 0x00000630   Section        0  protocol.o(i.CS1237UartProtocol_WriteU16LittleEndian)
    CS1237UartProtocol_WriteU16LittleEndian  0x00000631   Thumb Code     8  protocol.o(i.CS1237UartProtocol_WriteU16LittleEndian)
    i.CS1237UartProtocol_WriteU32LittleEndian 0x00000638   Section        0  protocol.o(i.CS1237UartProtocol_WriteU32LittleEndian)
    CS1237UartProtocol_WriteU32LittleEndian  0x00000639   Thumb Code    16  protocol.o(i.CS1237UartProtocol_WriteU32LittleEndian)
    i.CS1237_DelayShort                      0x00000648   Section        0  cs1237.o(i.CS1237_DelayShort)
    CS1237_DelayShort                        0x00000649   Thumb Code    24  cs1237.o(i.CS1237_DelayShort)
    i.CS1237_EnableGpioClock                 0x00000660   Section        0  cs1237.o(i.CS1237_EnableGpioClock)
    CS1237_EnableGpioClock                   0x00000661   Thumb Code    68  cs1237.o(i.CS1237_EnableGpioClock)
    i.CS1237_GPIO_Init                       0x000006b4   Section        0  cs1237.o(i.CS1237_GPIO_Init)
    i.CS1237_GetMeasurementX10               0x000006f4   Section        0  cs1237.o(i.CS1237_GetMeasurementX10)
    i.CS1237_Init                            0x0000072c   Section        0  cs1237.o(i.CS1237_Init)
    i.CS1237_PulseClock                      0x00000748   Section        0  cs1237.o(i.CS1237_PulseClock)
    CS1237_PulseClock                        0x00000749   Thumb Code    20  cs1237.o(i.CS1237_PulseClock)
    i.CS1237_ReadDataFrame                   0x0000075c   Section        0  cs1237.o(i.CS1237_ReadDataFrame)
    CS1237_ReadDataFrame                     0x0000075d   Thumb Code   184  cs1237.o(i.CS1237_ReadDataFrame)
    i.CS1237_ReadDataPin                     0x00000814   Section        0  cs1237.o(i.CS1237_ReadDataPin)
    CS1237_ReadDataPin                       0x00000815   Thumb Code    14  cs1237.o(i.CS1237_ReadDataPin)
    i.CS1237_ReadMedian                      0x00000822   Section        0  cs1237.o(i.CS1237_ReadMedian)
    i.CS1237_ReadRawSigned                   0x00000886   Section        0  cs1237.o(i.CS1237_ReadRawSigned)
    i.CS1237_SckHigh                         0x00000892   Section        0  cs1237.o(i.CS1237_SckHigh)
    CS1237_SckHigh                           0x00000893   Thumb Code    16  cs1237.o(i.CS1237_SckHigh)
    i.CS1237_SckLow                          0x000008a2   Section        0  cs1237.o(i.CS1237_SckLow)
    CS1237_SckLow                            0x000008a3   Thumb Code    16  cs1237.o(i.CS1237_SckLow)
    i.CS1237_SetConfig                       0x000008b2   Section        0  cs1237.o(i.CS1237_SetConfig)
    i.CS1237_SetDataPinInput                 0x000008d2   Section        0  cs1237.o(i.CS1237_SetDataPinInput)
    CS1237_SetDataPinInput                   0x000008d3   Thumb Code    38  cs1237.o(i.CS1237_SetDataPinInput)
    i.CS1237_SetGain                         0x000008f8   Section        0  cs1237.o(i.CS1237_SetGain)
    i.CS1237_SetScaleFactor                  0x00000914   Section        0  cs1237.o(i.CS1237_SetScaleFactor)
    i.CS1237_WriteConfigRegister             0x00000924   Section        0  cs1237.o(i.CS1237_WriteConfigRegister)
    CS1237_WriteConfigRegister               0x00000925   Thumb Code   148  cs1237.o(i.CS1237_WriteConfigRegister)
    i.CS1237_WriteDataPin                    0x000009bc   Section        0  cs1237.o(i.CS1237_WriteDataPin)
    CS1237_WriteDataPin                      0x000009bd   Thumb Code    16  cs1237.o(i.CS1237_WriteDataPin)
    i.CalibrationProtocol_BuildAck           0x000009cc   Section        0  calibration_protocol.o(i.CalibrationProtocol_BuildAck)
    CalibrationProtocol_BuildAck             0x000009cd   Thumb Code    76  calibration_protocol.o(i.CalibrationProtocol_BuildAck)
    i.CalibrationProtocol_DropRxBytes        0x00000a20   Section        0  calibration_protocol.o(i.CalibrationProtocol_DropRxBytes)
    CalibrationProtocol_DropRxBytes          0x00000a21   Thumb Code    42  calibration_protocol.o(i.CalibrationProtocol_DropRxBytes)
    i.CalibrationProtocol_HandleFrame        0x00000a54   Section        0  calibration_protocol.o(i.CalibrationProtocol_HandleFrame)
    CalibrationProtocol_HandleFrame          0x00000a55   Thumb Code   118  calibration_protocol.o(i.CalibrationProtocol_HandleFrame)
    i.CalibrationProtocol_HandleSetTable     0x00000aca   Section        0  calibration_protocol.o(i.CalibrationProtocol_HandleSetTable)
    CalibrationProtocol_HandleSetTable       0x00000acb   Thumb Code   122  calibration_protocol.o(i.CalibrationProtocol_HandleSetTable)
    i.CalibrationProtocol_Init               0x00000b44   Section        0  calibration_protocol.o(i.CalibrationProtocol_Init)
    i.CalibrationProtocol_OnRxByte           0x00000b68   Section        0  calibration_protocol.o(i.CalibrationProtocol_OnRxByte)
    i.CalibrationProtocol_ParseRx            0x00000b94   Section        0  calibration_protocol.o(i.CalibrationProtocol_ParseRx)
    CalibrationProtocol_ParseRx              0x00000b95   Thumb Code   112  calibration_protocol.o(i.CalibrationProtocol_ParseRx)
    i.CalibrationProtocol_Process            0x00000c0c   Section        0  calibration_protocol.o(i.CalibrationProtocol_Process)
    i.Error_Handler                          0x00000c84   Section        0  main.o(i.Error_Handler)
    i.FLASH_MassErase                        0x00000c88   Section        0  stm32f0xx_hal_flash_ex.o(i.FLASH_MassErase)
    FLASH_MassErase                          0x00000c89   Thumb Code    26  stm32f0xx_hal_flash_ex.o(i.FLASH_MassErase)
    i.FLASH_PageErase                        0x00000cac   Section        0  stm32f0xx_hal_flash_ex.o(i.FLASH_PageErase)
    i.FLASH_Program_HalfWord                 0x00000cd0   Section        0  stm32f0xx_hal_flash.o(i.FLASH_Program_HalfWord)
    FLASH_Program_HalfWord                   0x00000cd1   Thumb Code    22  stm32f0xx_hal_flash.o(i.FLASH_Program_HalfWord)
    i.FLASH_SetErrorCode                     0x00000cf0   Section        0  stm32f0xx_hal_flash.o(i.FLASH_SetErrorCode)
    FLASH_SetErrorCode                       0x00000cf1   Thumb Code    46  stm32f0xx_hal_flash.o(i.FLASH_SetErrorCode)
    i.FLASH_WaitForLastOperation             0x00000d28   Section        0  stm32f0xx_hal_flash.o(i.FLASH_WaitForLastOperation)
    i.HAL_DMA_Abort                          0x00000d78   Section        0  stm32f0xx_hal_dma.o(i.HAL_DMA_Abort)
    i.HAL_DMA_Abort_IT                       0x00000db8   Section        0  stm32f0xx_hal_dma.o(i.HAL_DMA_Abort_IT)
    i.HAL_Delay                              0x00000e00   Section        0  stm32f0xx_hal.o(i.HAL_Delay)
    i.HAL_FLASHEx_Erase                      0x00000e24   Section        0  stm32f0xx_hal_flash_ex.o(i.HAL_FLASHEx_Erase)
    i.HAL_FLASH_Lock                         0x00000ec4   Section        0  stm32f0xx_hal_flash.o(i.HAL_FLASH_Lock)
    i.HAL_FLASH_Program                      0x00000ed8   Section        0  stm32f0xx_hal_flash.o(i.HAL_FLASH_Program)
    i.HAL_FLASH_Unlock                       0x00000f54   Section        0  stm32f0xx_hal_flash.o(i.HAL_FLASH_Unlock)
    i.HAL_GPIO_Init                          0x00000f7c   Section        0  stm32f0xx_hal_gpio.o(i.HAL_GPIO_Init)
    i.HAL_GPIO_ReadPin                       0x00001120   Section        0  stm32f0xx_hal_gpio.o(i.HAL_GPIO_ReadPin)
    i.HAL_GPIO_WritePin                      0x0000112a   Section        0  stm32f0xx_hal_gpio.o(i.HAL_GPIO_WritePin)
    i.HAL_GetTick                            0x00001138   Section        0  stm32f0xx_hal.o(i.HAL_GetTick)
    i.HAL_IncTick                            0x00001144   Section        0  stm32f0xx_hal.o(i.HAL_IncTick)
    i.HAL_Init                               0x00001154   Section        0  stm32f0xx_hal.o(i.HAL_Init)
    i.HAL_InitTick                           0x00001174   Section        0  stm32f0xx_hal.o(i.HAL_InitTick)
    i.HAL_MspInit                            0x000011b8   Section        0  stm32f0xx_hal_msp.o(i.HAL_MspInit)
    i.HAL_NVIC_EnableIRQ                     0x000011e0   Section        0  stm32f0xx_hal_cortex.o(i.HAL_NVIC_EnableIRQ)
    i.HAL_NVIC_SetPriority                   0x000011f8   Section        0  stm32f0xx_hal_cortex.o(i.HAL_NVIC_SetPriority)
    i.HAL_RCCEx_PeriphCLKConfig              0x00001200   Section        0  stm32f0xx_hal_rcc_ex.o(i.HAL_RCCEx_PeriphCLKConfig)
    i.HAL_RCC_ClockConfig                    0x000012e8   Section        0  stm32f0xx_hal_rcc.o(i.HAL_RCC_ClockConfig)
    i.HAL_RCC_GetPCLK1Freq                   0x000013f0   Section        0  stm32f0xx_hal_rcc.o(i.HAL_RCC_GetPCLK1Freq)
    i.HAL_RCC_GetSysClockFreq                0x00001410   Section        0  stm32f0xx_hal_rcc.o(i.HAL_RCC_GetSysClockFreq)
    i.HAL_RCC_OscConfig                      0x00001464   Section        0  stm32f0xx_hal_rcc.o(i.HAL_RCC_OscConfig)
    i.HAL_SYSTICK_Config                     0x000017ec   Section        0  stm32f0xx_hal_cortex.o(i.HAL_SYSTICK_Config)
    i.HAL_UARTEx_RxEventCallback             0x0000181c   Section        0  stm32f0xx_hal_uart.o(i.HAL_UARTEx_RxEventCallback)
    i.HAL_UART_ErrorCallback                 0x00001820   Section        0  calibration_protocol.o(i.HAL_UART_ErrorCallback)
    i.HAL_UART_IRQHandler                    0x00001840   Section        0  stm32f0xx_hal_uart.o(i.HAL_UART_IRQHandler)
    i.HAL_UART_Init                          0x00001ad4   Section        0  stm32f0xx_hal_uart.o(i.HAL_UART_Init)
    i.HAL_UART_MspInit                       0x00001b40   Section        0  usart.o(i.HAL_UART_MspInit)
    i.HAL_UART_Receive_IT                    0x00001bb4   Section        0  stm32f0xx_hal_uart.o(i.HAL_UART_Receive_IT)
    i.HAL_UART_RxCpltCallback                0x00001c0c   Section        0  calibration_protocol.o(i.HAL_UART_RxCpltCallback)
    i.HAL_UART_Transmit                      0x00001c30   Section        0  stm32f0xx_hal_uart.o(i.HAL_UART_Transmit)
    i.HAL_UART_TxCpltCallback                0x00001cf0   Section        0  stm32f0xx_hal_uart.o(i.HAL_UART_TxCpltCallback)
    i.HardFault_Handler                      0x00001cf2   Section        0  stm32f0xx_it.o(i.HardFault_Handler)
    i.MX_GPIO_Init                           0x00001cf4   Section        0  gpio.o(i.MX_GPIO_Init)
    i.MX_USART1_UART_Init                    0x00001d68   Section        0  usart.o(i.MX_USART1_UART_Init)
    i.NMI_Handler                            0x00001da0   Section        0  stm32f0xx_it.o(i.NMI_Handler)
    i.PendSV_Handler                         0x00001da2   Section        0  stm32f0xx_it.o(i.PendSV_Handler)
    i.PressureThreshold_GetRuntime           0x00001da4   Section        0  pressure_threshold_store.o(i.PressureThreshold_GetRuntime)
    i.PressureThreshold_IsValid              0x00001db0   Section        0  pressure_threshold_store.o(i.PressureThreshold_IsValid)
    i.PressureThreshold_Load                 0x00001dc4   Section        0  pressure_threshold_store.o(i.PressureThreshold_Load)
    i.PressureThreshold_Save                 0x00001e04   Section        0  pressure_threshold_store.o(i.PressureThreshold_Save)
    i.PressureThreshold_SetRuntime           0x00001e90   Section        0  pressure_threshold_store.o(i.PressureThreshold_SetRuntime)
    i.PressureThreshold_SetRuntimeAndSave    0x00001ea8   Section        0  pressure_threshold_store.o(i.PressureThreshold_SetRuntimeAndSave)
    i.SVC_Handler                            0x00001ed4   Section        0  stm32f0xx_it.o(i.SVC_Handler)
    i.SysTick_Handler                        0x00001ed6   Section        0  stm32f0xx_it.o(i.SysTick_Handler)
    i.SystemClock_Config                     0x00001ede   Section        0  main.o(i.SystemClock_Config)
    i.SystemInit                             0x00001f4c   Section        0  system_stm32f0xx.o(i.SystemInit)
    i.UART_AdvFeatureConfig                  0x00001f4e   Section        0  stm32f0xx_hal_uart.o(i.UART_AdvFeatureConfig)
    i.UART_CheckIdleState                    0x00002018   Section        0  stm32f0xx_hal_uart.o(i.UART_CheckIdleState)
    i.UART_DMAAbortOnError                   0x000020dc   Section        0  stm32f0xx_hal_uart.o(i.UART_DMAAbortOnError)
    UART_DMAAbortOnError                     0x000020dd   Thumb Code    20  stm32f0xx_hal_uart.o(i.UART_DMAAbortOnError)
    i.UART_EndRxTransfer                     0x000020f0   Section        0  stm32f0xx_hal_uart.o(i.UART_EndRxTransfer)
    UART_EndRxTransfer                       0x000020f1   Thumb Code    96  stm32f0xx_hal_uart.o(i.UART_EndRxTransfer)
    i.UART_RxISR_16BIT                       0x00002150   Section        0  stm32f0xx_hal_uart.o(i.UART_RxISR_16BIT)
    UART_RxISR_16BIT                         0x00002151   Thumb Code   206  stm32f0xx_hal_uart.o(i.UART_RxISR_16BIT)
    i.UART_RxISR_8BIT                        0x0000221e   Section        0  stm32f0xx_hal_uart.o(i.UART_RxISR_8BIT)
    UART_RxISR_8BIT                          0x0000221f   Thumb Code   206  stm32f0xx_hal_uart.o(i.UART_RxISR_8BIT)
    i.UART_SetConfig                         0x000022ec   Section        0  stm32f0xx_hal_uart.o(i.UART_SetConfig)
    i.UART_Start_Receive_IT                  0x00002408   Section        0  stm32f0xx_hal_uart.o(i.UART_Start_Receive_IT)
    i.UART_WaitOnFlagUntilTimeout            0x000024b8   Section        0  stm32f0xx_hal_uart.o(i.UART_WaitOnFlagUntilTimeout)
    i.USART1_IRQHandler                      0x00002550   Section        0  stm32f0xx_it.o(i.USART1_IRQHandler)
    i.WeightCalibration_ApplySegmentCalibrationX10 0x00002560   Section        0  weight_calibration.o(i.WeightCalibration_ApplySegmentCalibrationX10)
    i.WeightCalibration_ApplyTableX10        0x00002584   Section        0  weight_calibration.o(i.WeightCalibration_ApplyTableX10)
    WeightCalibration_ApplyTableX10          0x00002585   Thumb Code   176  weight_calibration.o(i.WeightCalibration_ApplyTableX10)
    i.WeightCalibration_ClearRuntimeTable    0x00002634   Section        0  weight_calibration.o(i.WeightCalibration_ClearRuntimeTable)
    i.WeightCalibration_CopyRuntimeTable     0x00002670   Section        0  weight_calibration.o(i.WeightCalibration_CopyRuntimeTable)
    WeightCalibration_CopyRuntimeTable       0x00002671   Thumb Code    32  weight_calibration.o(i.WeightCalibration_CopyRuntimeTable)
    i.WeightCalibration_GetRuntimePointCount 0x00002698   Section        0  weight_calibration.o(i.WeightCalibration_GetRuntimePointCount)
    i.WeightCalibration_HasRuntimeTable      0x000026a4   Section        0  weight_calibration.o(i.WeightCalibration_HasRuntimeTable)
    i.WeightCalibration_InterpolateSegmentX10 0x000026b8   Section        0  weight_calibration.o(i.WeightCalibration_InterpolateSegmentX10)
    WeightCalibration_InterpolateSegmentX10  0x000026b9   Thumb Code   116  weight_calibration.o(i.WeightCalibration_InterpolateSegmentX10)
    i.WeightCalibration_IsValidTable         0x0000272c   Section        0  weight_calibration.o(i.WeightCalibration_IsValidTable)
    WeightCalibration_IsValidTable           0x0000272d   Thumb Code    56  weight_calibration.o(i.WeightCalibration_IsValidTable)
    i.WeightCalibration_LoadRuntimeFromFlash 0x00002764   Section        0  weight_calibration.o(i.WeightCalibration_LoadRuntimeFromFlash)
    i.WeightCalibration_MakeCheck            0x000027b0   Section        0  weight_calibration.o(i.WeightCalibration_MakeCheck)
    WeightCalibration_MakeCheck              0x000027b1   Thumb Code    62  weight_calibration.o(i.WeightCalibration_MakeCheck)
    i.WeightCalibration_MixCheck             0x000027f4   Section        0  weight_calibration.o(i.WeightCalibration_MixCheck)
    WeightCalibration_MixCheck               0x000027f5   Thumb Code    16  weight_calibration.o(i.WeightCalibration_MixCheck)
    i.WeightCalibration_SaveRuntimeTable     0x00002808   Section        0  weight_calibration.o(i.WeightCalibration_SaveRuntimeTable)
    i.__ARM_common_ll_muluu                  0x000028b0   Section        0  stm32f0xx_hal_rcc.o(i.__ARM_common_ll_muluu)
    i.__NVIC_SetPriority                     0x000028e0   Section        0  stm32f0xx_hal_cortex.o(i.__NVIC_SetPriority)
    __NVIC_SetPriority                       0x000028e1   Thumb Code    60  stm32f0xx_hal_cortex.o(i.__NVIC_SetPriority)
    i.main                                   0x00002924   Section        0  main.o(i.main)
    .constdata                               0x00002a9c   Section       48  weight_calibration.o(.constdata)
    default_points                           0x00002a9c   Data          48  weight_calibration.o(.constdata)
    .constdata                               0x00002acc   Section       32  stm32f0xx_hal_rcc.o(.constdata)
    aPLLMULFactorTable                       0x00002acc   Data          16  stm32f0xx_hal_rcc.o(.constdata)
    aPredivFactorTable                       0x00002adc   Data          16  stm32f0xx_hal_rcc.o(.constdata)
    .constdata                               0x00002aec   Section       16  system_stm32f0xx.o(.constdata)
    .constdata                               0x00002afc   Section        8  system_stm32f0xx.o(.constdata)
    .data                                    0x20000000   Section        2  main.o(.data)
    pressure_threshold_g                     0x20000000   Data           2  main.o(.data)
    .data                                    0x20000004   Section       12  cs1237.o(.data)
    g_cs1237_config                          0x20000004   Data           1  cs1237.o(.data)
    g_cs1237_scale_factor                    0x20000008   Data           4  cs1237.o(.data)
    g_cs1237_tare_raw                        0x2000000c   Data           4  cs1237.o(.data)
    .data                                    0x20000010   Section       12  calibration_protocol.o(.data)
    g_cal_rx_byte                            0x20000010   Data           1  calibration_protocol.o(.data)
    g_cal_ring_head                          0x20000011   Data           1  calibration_protocol.o(.data)
    g_cal_ring_tail                          0x20000012   Data           1  calibration_protocol.o(.data)
    g_cal_ring_overflow                      0x20000013   Data           1  calibration_protocol.o(.data)
    g_cal_rx_len                             0x20000014   Data           1  calibration_protocol.o(.data)
    g_cal_tx_len                             0x20000015   Data           1  calibration_protocol.o(.data)
    g_cal_tx_pending                         0x20000016   Data           1  calibration_protocol.o(.data)
    g_cal_uart                               0x20000018   Data           4  calibration_protocol.o(.data)
    .data                                    0x2000001c   Section        2  pressure_threshold_store.o(.data)
    g_pressure_threshold_runtime_g           0x2000001c   Data           2  pressure_threshold_store.o(.data)
    .data                                    0x2000001e   Section        1  weight_calibration.o(.data)
    g_runtime_point_count                    0x2000001e   Data           1  weight_calibration.o(.data)
    .data                                    0x20000020   Section       12  stm32f0xx_hal.o(.data)
    .data                                    0x2000002c   Section        4  system_stm32f0xx.o(.data)
    .bss                                     0x20000030   Section      136  usart.o(.bss)
    .bss                                     0x200000b8   Section      248  calibration_protocol.o(.bss)
    g_cal_ring_buf                           0x200000b8   Data         128  calibration_protocol.o(.bss)
    g_cal_rx_buf                             0x20000138   Data          96  calibration_protocol.o(.bss)
    g_cal_tx_buf                             0x20000198   Data          24  calibration_protocol.o(.bss)
    .bss                                     0x200001b0   Section       64  weight_calibration.o(.bss)
    g_runtime_points                         0x200001b0   Data          64  weight_calibration.o(.bss)
    .bss                                     0x200001f0   Section       32  stm32f0xx_hal_flash.o(.bss)
    .bss                                     0x20000210   Section       96  libspace.o(.bss)
    HEAP                                     0x20000270   Section      512  startup_stm32f030x6.o(HEAP)
    Heap_Mem                                 0x20000270   Data         512  startup_stm32f030x6.o(HEAP)
    STACK                                    0x20000470   Section     1024  startup_stm32f030x6.o(STACK)
    Stack_Mem                                0x20000470   Data        1024  startup_stm32f030x6.o(STACK)
    __initial_sp                             0x20000870   Data           0  startup_stm32f030x6.o(STACK)

    Global Symbols

    Symbol Name                              Value     Ov Type        Size  Object(Section)

    BuildAttributes$$THM_ISAv3M$S$PE$A:L22$X:L11$S22$IEEE1$IW$USESV6$~STKCKD$USESV7$~SHL$OSPACE$ROPI$EBA8$UX$STANDARDLIB$REQ8$PRES8$EABIv2 0x00000000   Number         0  anon$$obj.o ABSOLUTE
    __ARM_use_no_argv                        0x00000000   Number         0  main.o ABSOLUTE
    __Vectors                                0x00000000   Data           4  startup_stm32f030x6.o(RESET)
    __ARM_exceptions_init                     - Undefined Weak Reference
    __alloca_initialize                       - Undefined Weak Reference
    __arm_preinit_                            - Undefined Weak Reference
    __cpp_initialize__aeabi_                  - Undefined Weak Reference
    __cxa_finalize                            - Undefined Weak Reference
    __rt_locale                               - Undefined Weak Reference
    __sigvec_lookup                           - Undefined Weak Reference
    _atexit_init                              - Undefined Weak Reference
    _call_atexit_fns                          - Undefined Weak Reference
    _clock_init                               - Undefined Weak Reference
    _fp_trap_init                             - Undefined Weak Reference
    _fp_trap_shutdown                         - Undefined Weak Reference
    _get_lc_collate                           - Undefined Weak Reference
    _get_lc_ctype                             - Undefined Weak Reference
    _get_lc_monetary                          - Undefined Weak Reference
    _get_lc_numeric                           - Undefined Weak Reference
    _get_lc_time                              - Undefined Weak Reference
    _getenv_init                              - Undefined Weak Reference
    _handle_redirection                       - Undefined Weak Reference
    _init_alloc                               - Undefined Weak Reference
    _init_user_alloc                          - Undefined Weak Reference
    _initio                                   - Undefined Weak Reference
    _rand_init                                - Undefined Weak Reference
    _signal_finish                            - Undefined Weak Reference
    _signal_init                              - Undefined Weak Reference
    _terminate_alloc                          - Undefined Weak Reference
    _terminate_user_alloc                     - Undefined Weak Reference
    _terminateio                              - Undefined Weak Reference
    __Vectors_End                            0x000000b0   Data           0  startup_stm32f030x6.o(RESET)
    __Vectors_Size                           0x000000b0   Number         0  startup_stm32f030x6.o ABSOLUTE
    __main                                   0x000000b1   Thumb Code     8  __main.o(!!!main)
    __scatterload                            0x000000b9   Thumb Code     0  __scatter.o(!!!scatter)
    __scatterload_rt2                        0x000000b9   Thumb Code    52  __scatter.o(!!!scatter)
    __scatterload_rt2_thumb_only             0x000000b9   Thumb Code     0  __scatter.o(!!!scatter)
    __scatterload_null                       0x000000c9   Thumb Code     0  __scatter.o(!!!scatter)
    __scatterload_copy                       0x000000f5   Thumb Code    26  __scatter_copy.o(!!handler_copy)
    __scatterload_zeroinit                   0x00000111   Thumb Code    28  __scatter_zi.o(!!handler_zi)
    __rt_lib_init                            0x0000012d   Thumb Code     0  libinit.o(.ARM.Collect$$libinit$$00000000)
    __rt_lib_init_alloca_1                   0x0000012f   Thumb Code     0  libinit2.o(.ARM.Collect$$libinit$$0000002E)
    __rt_lib_init_argv_1                     0x0000012f   Thumb Code     0  libinit2.o(.ARM.Collect$$libinit$$0000002C)
    __rt_lib_init_atexit_1                   0x0000012f   Thumb Code     0  libinit2.o(.ARM.Collect$$libinit$$0000001B)
    __rt_lib_init_clock_1                    0x0000012f   Thumb Code     0  libinit2.o(.ARM.Collect$$libinit$$00000021)
    __rt_lib_init_cpp_1                      0x0000012f   Thumb Code     0  libinit2.o(.ARM.Collect$$libinit$$00000032)
    __rt_lib_init_exceptions_1               0x0000012f   Thumb Code     0  libinit2.o(.ARM.Collect$$libinit$$00000030)
    __rt_lib_init_fp_1                       0x0000012f   Thumb Code     0  libinit2.o(.ARM.Collect$$libinit$$00000002)
    __rt_lib_init_fp_trap_1                  0x0000012f   Thumb Code     0  libinit2.o(.ARM.Collect$$libinit$$0000001F)
    __rt_lib_init_getenv_1                   0x0000012f   Thumb Code     0  libinit2.o(.ARM.Collect$$libinit$$00000023)
    __rt_lib_init_heap_1                     0x0000012f   Thumb Code     0  libinit2.o(.ARM.Collect$$libinit$$0000000A)
    __rt_lib_init_lc_collate_1               0x0000012f   Thumb Code     0  libinit2.o(.ARM.Collect$$libinit$$00000011)
    __rt_lib_init_lc_ctype_1                 0x0000012f   Thumb Code     0  libinit2.o(.ARM.Collect$$libinit$$00000013)
    __rt_lib_init_lc_monetary_1              0x0000012f   Thumb Code     0  libinit2.o(.ARM.Collect$$libinit$$00000015)
    __rt_lib_init_lc_numeric_1               0x0000012f   Thumb Code     0  libinit2.o(.ARM.Collect$$libinit$$00000017)
    __rt_lib_init_lc_time_1                  0x0000012f   Thumb Code     0  libinit2.o(.ARM.Collect$$libinit$$00000019)
    __rt_lib_init_preinit_1                  0x0000012f   Thumb Code     0  libinit2.o(.ARM.Collect$$libinit$$00000004)
    __rt_lib_init_rand_1                     0x0000012f   Thumb Code     0  libinit2.o(.ARM.Collect$$libinit$$0000000E)
    __rt_lib_init_return                     0x0000012f   Thumb Code     0  libinit2.o(.ARM.Collect$$libinit$$00000033)
    __rt_lib_init_signal_1                   0x0000012f   Thumb Code     0  libinit2.o(.ARM.Collect$$libinit$$0000001D)
    __rt_lib_init_stdio_1                    0x0000012f   Thumb Code     0  libinit2.o(.ARM.Collect$$libinit$$00000025)
    __rt_lib_init_user_alloc_1               0x0000012f   Thumb Code     0  libinit2.o(.ARM.Collect$$libinit$$0000000C)
    __rt_lib_shutdown                        0x00000131   Thumb Code     0  libshutdown.o(.ARM.Collect$$libshutdown$$00000000)
    __rt_lib_shutdown_cpp_1                  0x00000133   Thumb Code     0  libshutdown2.o(.ARM.Collect$$libshutdown$$00000002)
    __rt_lib_shutdown_fp_trap_1              0x00000133   Thumb Code     0  libshutdown2.o(.ARM.Collect$$libshutdown$$00000007)
    __rt_lib_shutdown_heap_1                 0x00000133   Thumb Code     0  libshutdown2.o(.ARM.Collect$$libshutdown$$0000000F)
    __rt_lib_shutdown_return                 0x00000133   Thumb Code     0  libshutdown2.o(.ARM.Collect$$libshutdown$$00000010)
    __rt_lib_shutdown_signal_1               0x00000133   Thumb Code     0  libshutdown2.o(.ARM.Collect$$libshutdown$$0000000A)
    __rt_lib_shutdown_stdio_1                0x00000133   Thumb Code     0  libshutdown2.o(.ARM.Collect$$libshutdown$$00000004)
    __rt_lib_shutdown_user_alloc_1           0x00000133   Thumb Code     0  libshutdown2.o(.ARM.Collect$$libshutdown$$0000000C)
    __rt_entry                               0x00000135   Thumb Code     0  __rtentry.o(.ARM.Collect$$rtentry$$00000000)
    __rt_entry_presh_1                       0x00000135   Thumb Code     0  __rtentry2.o(.ARM.Collect$$rtentry$$00000002)
    __rt_entry_sh                            0x00000135   Thumb Code     0  __rtentry4.o(.ARM.Collect$$rtentry$$00000004)
    __rt_entry_li                            0x0000013b   Thumb Code     0  __rtentry2.o(.ARM.Collect$$rtentry$$0000000A)
    __rt_entry_postsh_1                      0x0000013b   Thumb Code     0  __rtentry2.o(.ARM.Collect$$rtentry$$00000009)
    __rt_entry_main                          0x0000013f   Thumb Code     0  __rtentry2.o(.ARM.Collect$$rtentry$$0000000D)
    __rt_entry_postli_1                      0x0000013f   Thumb Code     0  __rtentry2.o(.ARM.Collect$$rtentry$$0000000C)
    __rt_exit                                0x00000147   Thumb Code     0  rtexit.o(.ARM.Collect$$rtexit$$00000000)
    __rt_exit_ls                             0x00000149   Thumb Code     0  rtexit2.o(.ARM.Collect$$rtexit$$00000003)
    __rt_exit_prels_1                        0x00000149   Thumb Code     0  rtexit2.o(.ARM.Collect$$rtexit$$00000002)
    __rt_exit_exit                           0x0000014d   Thumb Code     0  rtexit2.o(.ARM.Collect$$rtexit$$00000004)
    Reset_Handler                            0x00000155   Thumb Code     8  startup_stm32f030x6.o(.text)
    ADC1_IRQHandler                          0x00000167   Thumb Code     0  startup_stm32f030x6.o(.text)
    DMA1_Channel1_IRQHandler                 0x00000167   Thumb Code     0  startup_stm32f030x6.o(.text)
    DMA1_Channel2_3_IRQHandler               0x00000167   Thumb Code     0  startup_stm32f030x6.o(.text)
    DMA1_Channel4_5_IRQHandler               0x00000167   Thumb Code     0  startup_stm32f030x6.o(.text)
    EXTI0_1_IRQHandler                       0x00000167   Thumb Code     0  startup_stm32f030x6.o(.text)
    EXTI2_3_IRQHandler                       0x00000167   Thumb Code     0  startup_stm32f030x6.o(.text)
    EXTI4_15_IRQHandler                      0x00000167   Thumb Code     0  startup_stm32f030x6.o(.text)
    FLASH_IRQHandler                         0x00000167   Thumb Code     0  startup_stm32f030x6.o(.text)
    I2C1_IRQHandler                          0x00000167   Thumb Code     0  startup_stm32f030x6.o(.text)
    RCC_IRQHandler                           0x00000167   Thumb Code     0  startup_stm32f030x6.o(.text)
    RTC_IRQHandler                           0x00000167   Thumb Code     0  startup_stm32f030x6.o(.text)
    SPI1_IRQHandler                          0x00000167   Thumb Code     0  startup_stm32f030x6.o(.text)
    TIM14_IRQHandler                         0x00000167   Thumb Code     0  startup_stm32f030x6.o(.text)
    TIM16_IRQHandler                         0x00000167   Thumb Code     0  startup_stm32f030x6.o(.text)
    TIM17_IRQHandler                         0x00000167   Thumb Code     0  startup_stm32f030x6.o(.text)
    TIM1_BRK_UP_TRG_COM_IRQHandler           0x00000167   Thumb Code     0  startup_stm32f030x6.o(.text)
    TIM1_CC_IRQHandler                       0x00000167   Thumb Code     0  startup_stm32f030x6.o(.text)
    TIM3_IRQHandler                          0x00000167   Thumb Code     0  startup_stm32f030x6.o(.text)
    WWDG_IRQHandler                          0x00000167   Thumb Code     0  startup_stm32f030x6.o(.text)
    __user_initial_stackheap                 0x00000169   Thumb Code     0  startup_stm32f030x6.o(.text)
    __aeabi_llsr                             0x0000018d   Thumb Code    34  llushr.o(.text)
    _ll_ushift_r                             0x0000018d   Thumb Code     0  llushr.o(.text)
    __aeabi_lmul                             0x000001af   Thumb Code    48  llmul.o(.text)
    _ll_mul                                  0x000001af   Thumb Code     0  llmul.o(.text)
    __aeabi_ldivmod                          0x000001df   Thumb Code   112  llsdiv.o(.text)
    _ll_sdiv                                 0x000001df   Thumb Code     0  llsdiv.o(.text)
    __aeabi_uldivmod                         0x0000024f   Thumb Code   258  lludiv.o(.text)
    _ll_udiv                                 0x0000024f   Thumb Code     0  lludiv.o(.text)
    _memset_w                                0x00000351   Thumb Code    26  rt_memclr.o(.text)
    _memset                                  0x0000036b   Thumb Code    30  rt_memclr.o(.text)
    __aeabi_memclr                           0x00000389   Thumb Code     4  rt_memclr.o(.text)
    __rt_memclr                              0x00000389   Thumb Code     0  rt_memclr.o(.text)
    __aeabi_memclr4                          0x0000038d   Thumb Code     0  rt_memclr.o(.text)
    __aeabi_memclr8                          0x0000038d   Thumb Code     0  rt_memclr.o(.text)
    __rt_memclr_w                            0x0000038d   Thumb Code     4  rt_memclr.o(.text)
    __aeabi_uread4                           0x00000391   Thumb Code    34  uread4.o(.text)
    __rt_uread4                              0x00000391   Thumb Code     0  uread4.o(.text)
    __aeabi_uidiv                            0x000003b3   Thumb Code     0  aeabi_sdiv.o(.text)
    __aeabi_uidivmod                         0x000003b3   Thumb Code    20  aeabi_sdiv.o(.text)
    __aeabi_idiv                             0x000003c7   Thumb Code     0  aeabi_sdiv.o(.text)
    __aeabi_idivmod                          0x000003c7   Thumb Code   326  aeabi_sdiv.o(.text)
    __use_two_region_memory                  0x0000050d   Thumb Code     2  heapauxi.o(.text)
    __rt_heap_escrow$2region                 0x0000050f   Thumb Code     2  heapauxi.o(.text)
    __rt_heap_expand$2region                 0x00000511   Thumb Code     2  heapauxi.o(.text)
    __user_setup_stackheap                   0x00000513   Thumb Code    62  sys_stackheap_outer.o(.text)
    exit                                     0x00000551   Thumb Code    16  exit.o(.text)
    __user_libspace                          0x00000561   Thumb Code     8  libspace.o(.text)
    __user_perproc_libspace                  0x00000561   Thumb Code     0  libspace.o(.text)
    __user_perthread_libspace                0x00000561   Thumb Code     0  libspace.o(.text)
    _sys_exit                                0x00000569   Thumb Code     8  sys_exit.o(.text)
    __I$use$semihosting                      0x00000575   Thumb Code     0  use_no_semi.o(.text)
    __use_no_semihosting_swi                 0x00000575   Thumb Code     2  use_no_semi.o(.text)
    CS1237UartProtocol_BuildReportFrame      0x00000577   Thumb Code    98  protocol.o(i.CS1237UartProtocol_BuildReportFrame)
    __semihosting_library_function           0x00000577   Thumb Code     0  indicate_semi.o(.text)
    CS1237UartProtocol_Crc16Modbus           0x000005d9   Thumb Code    54  protocol.o(i.CS1237UartProtocol_Crc16Modbus)
    CS1237UartProtocol_PackDeviceCode        0x00000619   Thumb Code    24  protocol.o(i.CS1237UartProtocol_PackDeviceCode)
    CS1237_GPIO_Init                         0x000006b5   Thumb Code    64  cs1237.o(i.CS1237_GPIO_Init)
    CS1237_GetMeasurementX10                 0x000006f5   Thumb Code    46  cs1237.o(i.CS1237_GetMeasurementX10)
    CS1237_Init                              0x0000072d   Thumb Code    22  cs1237.o(i.CS1237_Init)
    CS1237_ReadMedian                        0x00000823   Thumb Code   100  cs1237.o(i.CS1237_ReadMedian)
    CS1237_ReadRawSigned                     0x00000887   Thumb Code    12  cs1237.o(i.CS1237_ReadRawSigned)
    CS1237_SetConfig                         0x000008b3   Thumb Code    32  cs1237.o(i.CS1237_SetConfig)
    CS1237_SetGain                           0x000008f9   Thumb Code    24  cs1237.o(i.CS1237_SetGain)
    CS1237_SetScaleFactor                    0x00000915   Thumb Code    10  cs1237.o(i.CS1237_SetScaleFactor)
    CalibrationProtocol_Init                 0x00000b45   Thumb Code    30  calibration_protocol.o(i.CalibrationProtocol_Init)
    CalibrationProtocol_OnRxByte             0x00000b69   Thumb Code    34  calibration_protocol.o(i.CalibrationProtocol_OnRxByte)
    CalibrationProtocol_Process              0x00000c0d   Thumb Code   110  calibration_protocol.o(i.CalibrationProtocol_Process)
    Error_Handler                            0x00000c85   Thumb Code     4  main.o(i.Error_Handler)
    FLASH_PageErase                          0x00000cad   Thumb Code    28  stm32f0xx_hal_flash_ex.o(i.FLASH_PageErase)
    FLASH_WaitForLastOperation               0x00000d29   Thumb Code    76  stm32f0xx_hal_flash.o(i.FLASH_WaitForLastOperation)
    HAL_DMA_Abort                            0x00000d79   Thumb Code    64  stm32f0xx_hal_dma.o(i.HAL_DMA_Abort)
    HAL_DMA_Abort_IT                         0x00000db9   Thumb Code    72  stm32f0xx_hal_dma.o(i.HAL_DMA_Abort_IT)
    HAL_Delay                                0x00000e01   Thumb Code    32  stm32f0xx_hal.o(i.HAL_Delay)
    HAL_FLASHEx_Erase                        0x00000e25   Thumb Code   148  stm32f0xx_hal_flash_ex.o(i.HAL_FLASHEx_Erase)
    HAL_FLASH_Lock                           0x00000ec5   Thumb Code    14  stm32f0xx_hal_flash.o(i.HAL_FLASH_Lock)
    HAL_FLASH_Program                        0x00000ed9   Thumb Code   110  stm32f0xx_hal_flash.o(i.HAL_FLASH_Program)
    HAL_FLASH_Unlock                         0x00000f55   Thumb Code    28  stm32f0xx_hal_flash.o(i.HAL_FLASH_Unlock)
    HAL_GPIO_Init                            0x00000f7d   Thumb Code   396  stm32f0xx_hal_gpio.o(i.HAL_GPIO_Init)
    HAL_GPIO_ReadPin                         0x00001121   Thumb Code    10  stm32f0xx_hal_gpio.o(i.HAL_GPIO_ReadPin)
    HAL_GPIO_WritePin                        0x0000112b   Thumb Code    12  stm32f0xx_hal_gpio.o(i.HAL_GPIO_WritePin)
    HAL_GetTick                              0x00001139   Thumb Code     6  stm32f0xx_hal.o(i.HAL_GetTick)
    HAL_IncTick                              0x00001145   Thumb Code    12  stm32f0xx_hal.o(i.HAL_IncTick)
    HAL_Init                                 0x00001155   Thumb Code    26  stm32f0xx_hal.o(i.HAL_Init)
    HAL_InitTick                             0x00001175   Thumb Code    58  stm32f0xx_hal.o(i.HAL_InitTick)
    HAL_MspInit                              0x000011b9   Thumb Code    34  stm32f0xx_hal_msp.o(i.HAL_MspInit)
    HAL_NVIC_EnableIRQ                       0x000011e1   Thumb Code    18  stm32f0xx_hal_cortex.o(i.HAL_NVIC_EnableIRQ)
    HAL_NVIC_SetPriority                     0x000011f9   Thumb Code     8  stm32f0xx_hal_cortex.o(i.HAL_NVIC_SetPriority)
    HAL_RCCEx_PeriphCLKConfig                0x00001201   Thumb Code   218  stm32f0xx_hal_rcc_ex.o(i.HAL_RCCEx_PeriphCLKConfig)
    HAL_RCC_ClockConfig                      0x000012e9   Thumb Code   242  stm32f0xx_hal_rcc.o(i.HAL_RCC_ClockConfig)
    HAL_RCC_GetPCLK1Freq                     0x000013f1   Thumb Code    20  stm32f0xx_hal_rcc.o(i.HAL_RCC_GetPCLK1Freq)
    HAL_RCC_GetSysClockFreq                  0x00001411   Thumb Code    68  stm32f0xx_hal_rcc.o(i.HAL_RCC_GetSysClockFreq)
    HAL_RCC_OscConfig                        0x00001465   Thumb Code   890  stm32f0xx_hal_rcc.o(i.HAL_RCC_OscConfig)
    HAL_SYSTICK_Config                       0x000017ed   Thumb Code    38  stm32f0xx_hal_cortex.o(i.HAL_SYSTICK_Config)
    HAL_UARTEx_RxEventCallback               0x0000181d   Thumb Code     2  stm32f0xx_hal_uart.o(i.HAL_UARTEx_RxEventCallback)
    HAL_UART_ErrorCallback                   0x00001821   Thumb Code    26  calibration_protocol.o(i.HAL_UART_ErrorCallback)
    HAL_UART_IRQHandler                      0x00001841   Thumb Code   648  stm32f0xx_hal_uart.o(i.HAL_UART_IRQHandler)
    HAL_UART_Init                            0x00001ad5   Thumb Code   106  stm32f0xx_hal_uart.o(i.HAL_UART_Init)
    HAL_UART_MspInit                         0x00001b41   Thumb Code   106  usart.o(i.HAL_UART_MspInit)
    HAL_UART_Receive_IT                      0x00001bb5   Thumb Code    88  stm32f0xx_hal_uart.o(i.HAL_UART_Receive_IT)
    HAL_UART_RxCpltCallback                  0x00001c0d   Thumb Code    32  calibration_protocol.o(i.HAL_UART_RxCpltCallback)
    HAL_UART_Transmit                        0x00001c31   Thumb Code   192  stm32f0xx_hal_uart.o(i.HAL_UART_Transmit)
    HAL_UART_TxCpltCallback                  0x00001cf1   Thumb Code     2  stm32f0xx_hal_uart.o(i.HAL_UART_TxCpltCallback)
    HardFault_Handler                        0x00001cf3   Thumb Code     2  stm32f0xx_it.o(i.HardFault_Handler)
    MX_GPIO_Init                             0x00001cf5   Thumb Code   110  gpio.o(i.MX_GPIO_Init)
    MX_USART1_UART_Init                      0x00001d69   Thumb Code    48  usart.o(i.MX_USART1_UART_Init)
    NMI_Handler                              0x00001da1   Thumb Code     2  stm32f0xx_it.o(i.NMI_Handler)
    PendSV_Handler                           0x00001da3   Thumb Code     2  stm32f0xx_it.o(i.PendSV_Handler)
    PressureThreshold_GetRuntime             0x00001da5   Thumb Code     6  pressure_threshold_store.o(i.PressureThreshold_GetRuntime)
    PressureThreshold_IsValid                0x00001db1   Thumb Code    16  pressure_threshold_store.o(i.PressureThreshold_IsValid)
    PressureThreshold_Load                   0x00001dc5   Thumb Code    46  pressure_threshold_store.o(i.PressureThreshold_Load)
    PressureThreshold_Save                   0x00001e05   Thumb Code   122  pressure_threshold_store.o(i.PressureThreshold_Save)
    PressureThreshold_SetRuntime             0x00001e91   Thumb Code    14  pressure_threshold_store.o(i.PressureThreshold_SetRuntime)
    PressureThreshold_SetRuntimeAndSave      0x00001ea9   Thumb Code    34  pressure_threshold_store.o(i.PressureThreshold_SetRuntimeAndSave)
    SVC_Handler                              0x00001ed5   Thumb Code     2  stm32f0xx_it.o(i.SVC_Handler)
    SysTick_Handler                          0x00001ed7   Thumb Code     8  stm32f0xx_it.o(i.SysTick_Handler)
    SystemClock_Config                       0x00001edf   Thumb Code   110  main.o(i.SystemClock_Config)
    SystemInit                               0x00001f4d   Thumb Code     2  system_stm32f0xx.o(i.SystemInit)
    UART_AdvFeatureConfig                    0x00001f4f   Thumb Code   202  stm32f0xx_hal_uart.o(i.UART_AdvFeatureConfig)
    UART_CheckIdleState                      0x00002019   Thumb Code   190  stm32f0xx_hal_uart.o(i.UART_CheckIdleState)
    UART_SetConfig                           0x000022ed   Thumb Code   266  stm32f0xx_hal_uart.o(i.UART_SetConfig)
    UART_Start_Receive_IT                    0x00002409   Thumb Code   164  stm32f0xx_hal_uart.o(i.UART_Start_Receive_IT)
    UART_WaitOnFlagUntilTimeout              0x000024b9   Thumb Code   150  stm32f0xx_hal_uart.o(i.UART_WaitOnFlagUntilTimeout)
    USART1_IRQHandler                        0x00002551   Thumb Code    10  stm32f0xx_it.o(i.USART1_IRQHandler)
    WeightCalibration_ApplySegmentCalibrationX10 0x00002561   Thumb Code    24  weight_calibration.o(i.WeightCalibration_ApplySegmentCalibrationX10)
    WeightCalibration_ClearRuntimeTable      0x00002635   Thumb Code    52  weight_calibration.o(i.WeightCalibration_ClearRuntimeTable)
    WeightCalibration_GetRuntimePointCount   0x00002699   Thumb Code     6  weight_calibration.o(i.WeightCalibration_GetRuntimePointCount)
    WeightCalibration_HasRuntimeTable        0x000026a5   Thumb Code    16  weight_calibration.o(i.WeightCalibration_HasRuntimeTable)
    WeightCalibration_LoadRuntimeFromFlash   0x00002765   Thumb Code    62  weight_calibration.o(i.WeightCalibration_LoadRuntimeFromFlash)
    WeightCalibration_SaveRuntimeTable       0x00002809   Thumb Code   160  weight_calibration.o(i.WeightCalibration_SaveRuntimeTable)
    __ARM_common_ll_muluu                    0x000028b1   Thumb Code    48  stm32f0xx_hal_rcc.o(i.__ARM_common_ll_muluu)
    main                                     0x00002925   Thumb Code   364  main.o(i.main)
    AHBPrescTable                            0x00002aec   Data          16  system_stm32f0xx.o(.constdata)
    APBPrescTable                            0x00002afc   Data           8  system_stm32f0xx.o(.constdata)
    Region$$Table$$Base                      0x00002b04   Number         0  anon$$obj.o(Region$$Table)
    Region$$Table$$Limit                     0x00002b24   Number         0  anon$$obj.o(Region$$Table)
    uwTickFreq                               0x20000020   Data           1  stm32f0xx_hal.o(.data)
    uwTickPrio                               0x20000024   Data           4  stm32f0xx_hal.o(.data)
    uwTick                                   0x20000028   Data           4  stm32f0xx_hal.o(.data)
    SystemCoreClock                          0x2000002c   Data           4  system_stm32f0xx.o(.data)
    huart1                                   0x20000030   Data         136  usart.o(.bss)
    pFlash                                   0x200001f0   Data          32  stm32f0xx_hal_flash.o(.bss)
    __libspace_start                         0x20000210   Data          96  libspace.o(.bss)
    __temporary_stack_top$libspace           0x20000270   Data           0  libspace.o(.bss)



==============================================================================

Memory Map of the image

  Image Entry point : 0x000000b1

  Load Region LR_IROM1 (Base: 0x00000000, Size: 0x00002b54, Max: 0x00040000, ABSOLUTE)

    Execution Region ER_IROM1 (Exec base: 0x00000000, Load base: 0x00000000, Size: 0x00002b24, Max: 0x00040000, ABSOLUTE)

    Exec Addr    Load Addr    Size         Type   Attr      Idx    E Section Name        Object

    0x00000000   0x00000000   0x000000b0   Data   RO            3    RESET               startup_stm32f030x6.o
    0x000000b0   0x000000b0   0x00000008   Code   RO         2808  * !!!main             c_p.l(__main.o)
    0x000000b8   0x000000b8   0x0000003c   Code   RO         2981    !!!scatter          c_p.l(__scatter.o)
    0x000000f4   0x000000f4   0x0000001a   Code   RO         2983    !!handler_copy      c_p.l(__scatter_copy.o)
    0x0000010e   0x0000010e   0x00000002   PAD
    0x00000110   0x00000110   0x0000001c   Code   RO         2985    !!handler_zi        c_p.l(__scatter_zi.o)
    0x0000012c   0x0000012c   0x00000002   Code   RO         2850    .ARM.Collect$$libinit$$00000000  c_p.l(libinit.o)
    0x0000012e   0x0000012e   0x00000000   Code   RO         2864    .ARM.Collect$$libinit$$00000002  c_p.l(libinit2.o)
    0x0000012e   0x0000012e   0x00000000   Code   RO         2866    .ARM.Collect$$libinit$$00000004  c_p.l(libinit2.o)
    0x0000012e   0x0000012e   0x00000000   Code   RO         2869    .ARM.Collect$$libinit$$0000000A  c_p.l(libinit2.o)
    0x0000012e   0x0000012e   0x00000000   Code   RO         2871    .ARM.Collect$$libinit$$0000000C  c_p.l(libinit2.o)
    0x0000012e   0x0000012e   0x00000000   Code   RO         2873    .ARM.Collect$$libinit$$0000000E  c_p.l(libinit2.o)
    0x0000012e   0x0000012e   0x00000000   Code   RO         2876    .ARM.Collect$$libinit$$00000011  c_p.l(libinit2.o)
    0x0000012e   0x0000012e   0x00000000   Code   RO         2878    .ARM.Collect$$libinit$$00000013  c_p.l(libinit2.o)
    0x0000012e   0x0000012e   0x00000000   Code   RO         2880    .ARM.Collect$$libinit$$00000015  c_p.l(libinit2.o)
    0x0000012e   0x0000012e   0x00000000   Code   RO         2882    .ARM.Collect$$libinit$$00000017  c_p.l(libinit2.o)
    0x0000012e   0x0000012e   0x00000000   Code   RO         2884    .ARM.Collect$$libinit$$00000019  c_p.l(libinit2.o)
    0x0000012e   0x0000012e   0x00000000   Code   RO         2886    .ARM.Collect$$libinit$$0000001B  c_p.l(libinit2.o)
    0x0000012e   0x0000012e   0x00000000   Code   RO         2888    .ARM.Collect$$libinit$$0000001D  c_p.l(libinit2.o)
    0x0000012e   0x0000012e   0x00000000   Code   RO         2890    .ARM.Collect$$libinit$$0000001F  c_p.l(libinit2.o)
    0x0000012e   0x0000012e   0x00000000   Code   RO         2892    .ARM.Collect$$libinit$$00000021  c_p.l(libinit2.o)
    0x0000012e   0x0000012e   0x00000000   Code   RO         2894    .ARM.Collect$$libinit$$00000023  c_p.l(libinit2.o)
    0x0000012e   0x0000012e   0x00000000   Code   RO         2896    .ARM.Collect$$libinit$$00000025  c_p.l(libinit2.o)
    0x0000012e   0x0000012e   0x00000000   Code   RO         2900    .ARM.Collect$$libinit$$0000002C  c_p.l(libinit2.o)
    0x0000012e   0x0000012e   0x00000000   Code   RO         2902    .ARM.Collect$$libinit$$0000002E  c_p.l(libinit2.o)
    0x0000012e   0x0000012e   0x00000000   Code   RO         2904    .ARM.Collect$$libinit$$00000030  c_p.l(libinit2.o)
    0x0000012e   0x0000012e   0x00000000   Code   RO         2906    .ARM.Collect$$libinit$$00000032  c_p.l(libinit2.o)
    0x0000012e   0x0000012e   0x00000002   Code   RO         2907    .ARM.Collect$$libinit$$00000033  c_p.l(libinit2.o)
    0x00000130   0x00000130   0x00000002   Code   RO         2938    .ARM.Collect$$libshutdown$$00000000  c_p.l(libshutdown.o)
    0x00000132   0x00000132   0x00000000   Code   RO         2964    .ARM.Collect$$libshutdown$$00000002  c_p.l(libshutdown2.o)
    0x00000132   0x00000132   0x00000000   Code   RO         2966    .ARM.Collect$$libshutdown$$00000004  c_p.l(libshutdown2.o)
    0x00000132   0x00000132   0x00000000   Code   RO         2969    .ARM.Collect$$libshutdown$$00000007  c_p.l(libshutdown2.o)
    0x00000132   0x00000132   0x00000000   Code   RO         2972    .ARM.Collect$$libshutdown$$0000000A  c_p.l(libshutdown2.o)
    0x00000132   0x00000132   0x00000000   Code   RO         2974    .ARM.Collect$$libshutdown$$0000000C  c_p.l(libshutdown2.o)
    0x00000132   0x00000132   0x00000000   Code   RO         2977    .ARM.Collect$$libshutdown$$0000000F  c_p.l(libshutdown2.o)
    0x00000132   0x00000132   0x00000002   Code   RO         2978    .ARM.Collect$$libshutdown$$00000010  c_p.l(libshutdown2.o)
    0x00000134   0x00000134   0x00000000   Code   RO         2810    .ARM.Collect$$rtentry$$00000000  c_p.l(__rtentry.o)
    0x00000134   0x00000134   0x00000000   Code   RO         2820    .ARM.Collect$$rtentry$$00000002  c_p.l(__rtentry2.o)
    0x00000134   0x00000134   0x00000006   Code   RO         2832    .ARM.Collect$$rtentry$$00000004  c_p.l(__rtentry4.o)
    0x0000013a   0x0000013a   0x00000000   Code   RO         2822    .ARM.Collect$$rtentry$$00000009  c_p.l(__rtentry2.o)
    0x0000013a   0x0000013a   0x00000004   Code   RO         2823    .ARM.Collect$$rtentry$$0000000A  c_p.l(__rtentry2.o)
    0x0000013e   0x0000013e   0x00000000   Code   RO         2825    .ARM.Collect$$rtentry$$0000000C  c_p.l(__rtentry2.o)
    0x0000013e   0x0000013e   0x00000008   Code   RO         2826    .ARM.Collect$$rtentry$$0000000D  c_p.l(__rtentry2.o)
    0x00000146   0x00000146   0x00000002   Code   RO         2855    .ARM.Collect$$rtexit$$00000000  c_p.l(rtexit.o)
    0x00000148   0x00000148   0x00000000   Code   RO         2911    .ARM.Collect$$rtexit$$00000002  c_p.l(rtexit2.o)
    0x00000148   0x00000148   0x00000004   Code   RO         2912    .ARM.Collect$$rtexit$$00000003  c_p.l(rtexit2.o)
    0x0000014c   0x0000014c   0x00000006   Code   RO         2913    .ARM.Collect$$rtexit$$00000004  c_p.l(rtexit2.o)
    0x00000152   0x00000152   0x00000002   PAD
    0x00000154   0x00000154   0x00000038   Code   RO            4    .text               startup_stm32f030x6.o
    0x0000018c   0x0000018c   0x00000022   Code   RO         2790    .text               c_p.l(llushr.o)
    0x000001ae   0x000001ae   0x00000030   Code   RO         2792    .text               c_p.l(llmul.o)
    0x000001de   0x000001de   0x00000070   Code   RO         2794    .text               c_p.l(llsdiv.o)
    0x0000024e   0x0000024e   0x00000102   Code   RO         2796    .text               c_p.l(lludiv.o)
    0x00000350   0x00000350   0x00000040   Code   RO         2798    .text               c_p.l(rt_memclr.o)
    0x00000390   0x00000390   0x00000022   Code   RO         2800    .text               c_p.l(uread4.o)
    0x000003b2   0x000003b2   0x0000015a   Code   RO         2802    .text               c_p.l(aeabi_sdiv.o)
    0x0000050c   0x0000050c   0x00000006   Code   RO         2806    .text               c_p.l(heapauxi.o)
    0x00000512   0x00000512   0x0000003e   Code   RO         2836    .text               c_p.l(sys_stackheap_outer.o)
    0x00000550   0x00000550   0x00000010   Code   RO         2839    .text               c_p.l(exit.o)
    0x00000560   0x00000560   0x00000008   Code   RO         2851    .text               c_p.l(libspace.o)
    0x00000568   0x00000568   0x0000000c   Code   RO         2908    .text               c_p.l(sys_exit.o)
    0x00000574   0x00000574   0x00000002   Code   RO         2927    .text               c_p.l(use_no_semi.o)
    0x00000576   0x00000576   0x00000000   Code   RO         2929    .text               c_p.l(indicate_semi.o)
    0x00000576   0x00000576   0x00000062   Code   RO          419    i.CS1237UartProtocol_BuildReportFrame  protocol.o
    0x000005d8   0x000005d8   0x00000040   Code   RO          420    i.CS1237UartProtocol_Crc16Modbus  protocol.o
    0x00000618   0x00000618   0x00000018   Code   RO          422    i.CS1237UartProtocol_PackDeviceCode  protocol.o
    0x00000630   0x00000630   0x00000008   Code   RO          423    i.CS1237UartProtocol_WriteU16LittleEndian  protocol.o
    0x00000638   0x00000638   0x00000010   Code   RO          424    i.CS1237UartProtocol_WriteU32LittleEndian  protocol.o
    0x00000648   0x00000648   0x00000018   Code   RO          270    i.CS1237_DelayShort  cs1237.o
    0x00000660   0x00000660   0x00000054   Code   RO          271    i.CS1237_EnableGpioClock  cs1237.o
    0x000006b4   0x000006b4   0x00000040   Code   RO          272    i.CS1237_GPIO_Init  cs1237.o
    0x000006f4   0x000006f4   0x00000038   Code   RO          274    i.CS1237_GetMeasurementX10  cs1237.o
    0x0000072c   0x0000072c   0x0000001c   Code   RO          278    i.CS1237_Init       cs1237.o
    0x00000748   0x00000748   0x00000014   Code   RO          280    i.CS1237_PulseClock  cs1237.o
    0x0000075c   0x0000075c   0x000000b8   Code   RO          281    i.CS1237_ReadDataFrame  cs1237.o
    0x00000814   0x00000814   0x0000000e   Code   RO          282    i.CS1237_ReadDataPin  cs1237.o
    0x00000822   0x00000822   0x00000064   Code   RO          283    i.CS1237_ReadMedian  cs1237.o
    0x00000886   0x00000886   0x0000000c   Code   RO          284    i.CS1237_ReadRawSigned  cs1237.o
    0x00000892   0x00000892   0x00000010   Code   RO          285    i.CS1237_SckHigh    cs1237.o
    0x000008a2   0x000008a2   0x00000010   Code   RO          286    i.CS1237_SckLow     cs1237.o
    0x000008b2   0x000008b2   0x00000020   Code   RO          287    i.CS1237_SetConfig  cs1237.o
    0x000008d2   0x000008d2   0x00000026   Code   RO          288    i.CS1237_SetDataPinInput  cs1237.o
    0x000008f8   0x000008f8   0x0000001c   Code   RO          289    i.CS1237_SetGain    cs1237.o
    0x00000914   0x00000914   0x00000010   Code   RO          290    i.CS1237_SetScaleFactor  cs1237.o
    0x00000924   0x00000924   0x00000098   Code   RO          292    i.CS1237_WriteConfigRegister  cs1237.o
    0x000009bc   0x000009bc   0x00000010   Code   RO          293    i.CS1237_WriteDataPin  cs1237.o
    0x000009cc   0x000009cc   0x00000054   Code   RO          469    i.CalibrationProtocol_BuildAck  calibration_protocol.o
    0x00000a20   0x00000a20   0x00000034   Code   RO          470    i.CalibrationProtocol_DropRxBytes  calibration_protocol.o
    0x00000a54   0x00000a54   0x00000076   Code   RO          471    i.CalibrationProtocol_HandleFrame  calibration_protocol.o
    0x00000aca   0x00000aca   0x0000007a   Code   RO          472    i.CalibrationProtocol_HandleSetTable  calibration_protocol.o
    0x00000b44   0x00000b44   0x00000024   Code   RO          473    i.CalibrationProtocol_Init  calibration_protocol.o
    0x00000b68   0x00000b68   0x0000002c   Code   RO          474    i.CalibrationProtocol_OnRxByte  calibration_protocol.o
    0x00000b94   0x00000b94   0x00000078   Code   RO          475    i.CalibrationProtocol_ParseRx  calibration_protocol.o
    0x00000c0c   0x00000c0c   0x00000078   Code   RO          476    i.CalibrationProtocol_Process  calibration_protocol.o
    0x00000c84   0x00000c84   0x00000004   Code   RO           12    i.Error_Handler     main.o
    0x00000c88   0x00000c88   0x00000024   Code   RO         2188    i.FLASH_MassErase   stm32f0xx_hal_flash_ex.o
    0x00000cac   0x00000cac   0x00000024   Code   RO         2191    i.FLASH_PageErase   stm32f0xx_hal_flash_ex.o
    0x00000cd0   0x00000cd0   0x00000020   Code   RO         2089    i.FLASH_Program_HalfWord  stm32f0xx_hal_flash.o
    0x00000cf0   0x00000cf0   0x00000038   Code   RO         2090    i.FLASH_SetErrorCode  stm32f0xx_hal_flash.o
    0x00000d28   0x00000d28   0x00000050   Code   RO         2091    i.FLASH_WaitForLastOperation  stm32f0xx_hal_flash.o
    0x00000d78   0x00000d78   0x00000040   Code   RO         1801    i.HAL_DMA_Abort     stm32f0xx_hal_dma.o
    0x00000db8   0x00000db8   0x00000048   Code   RO         1802    i.HAL_DMA_Abort_IT  stm32f0xx_hal_dma.o
    0x00000e00   0x00000e00   0x00000024   Code   RO         1078    i.HAL_Delay         stm32f0xx_hal.o
    0x00000e24   0x00000e24   0x000000a0   Code   RO         2192    i.HAL_FLASHEx_Erase  stm32f0xx_hal_flash_ex.o
    0x00000ec4   0x00000ec4   0x00000014   Code   RO         2095    i.HAL_FLASH_Lock    stm32f0xx_hal_flash.o
    0x00000ed8   0x00000ed8   0x0000007c   Code   RO         2100    i.HAL_FLASH_Program  stm32f0xx_hal_flash.o
    0x00000f54   0x00000f54   0x00000028   Code   RO         2102    i.HAL_FLASH_Unlock  stm32f0xx_hal_flash.o
    0x00000f7c   0x00000f7c   0x000001a4   Code   RO         1740    i.HAL_GPIO_Init     stm32f0xx_hal_gpio.o
    0x00001120   0x00001120   0x0000000a   Code   RO         1742    i.HAL_GPIO_ReadPin  stm32f0xx_hal_gpio.o
    0x0000112a   0x0000112a   0x0000000c   Code   RO         1744    i.HAL_GPIO_WritePin  stm32f0xx_hal_gpio.o
    0x00001136   0x00001136   0x00000002   PAD
    0x00001138   0x00001138   0x0000000c   Code   RO         1082    i.HAL_GetTick       stm32f0xx_hal.o
    0x00001144   0x00001144   0x00000010   Code   RO         1088    i.HAL_IncTick       stm32f0xx_hal.o
    0x00001154   0x00001154   0x00000020   Code   RO         1089    i.HAL_Init          stm32f0xx_hal.o
    0x00001174   0x00001174   0x00000044   Code   RO         1090    i.HAL_InitTick      stm32f0xx_hal.o
    0x000011b8   0x000011b8   0x00000028   Code   RO          730    i.HAL_MspInit       stm32f0xx_hal_msp.o
    0x000011e0   0x000011e0   0x00000018   Code   RO         1897    i.HAL_NVIC_EnableIRQ  stm32f0xx_hal_cortex.o
    0x000011f8   0x000011f8   0x00000008   Code   RO         1901    i.HAL_NVIC_SetPriority  stm32f0xx_hal_cortex.o
    0x00001200   0x00001200   0x000000e8   Code   RO         1043    i.HAL_RCCEx_PeriphCLKConfig  stm32f0xx_hal_rcc_ex.o
    0x000012e8   0x000012e8   0x00000108   Code   RO          947    i.HAL_RCC_ClockConfig  stm32f0xx_hal_rcc.o
    0x000013f0   0x000013f0   0x00000020   Code   RO          954    i.HAL_RCC_GetPCLK1Freq  stm32f0xx_hal_rcc.o
    0x00001410   0x00001410   0x00000054   Code   RO          955    i.HAL_RCC_GetSysClockFreq  stm32f0xx_hal_rcc.o
    0x00001464   0x00001464   0x00000388   Code   RO          958    i.HAL_RCC_OscConfig  stm32f0xx_hal_rcc.o
    0x000017ec   0x000017ec   0x00000030   Code   RO         1905    i.HAL_SYSTICK_Config  stm32f0xx_hal_cortex.o
    0x0000181c   0x0000181c   0x00000002   Code   RO         2334    i.HAL_UARTEx_RxEventCallback  stm32f0xx_hal_uart.o
    0x0000181e   0x0000181e   0x00000002   PAD
    0x00001820   0x00001820   0x00000020   Code   RO          477    i.HAL_UART_ErrorCallback  calibration_protocol.o
    0x00001840   0x00001840   0x00000294   Code   RO         2353    i.HAL_UART_IRQHandler  stm32f0xx_hal_uart.o
    0x00001ad4   0x00001ad4   0x0000006a   Code   RO         2354    i.HAL_UART_Init     stm32f0xx_hal_uart.o
    0x00001b3e   0x00001b3e   0x00000002   PAD
    0x00001b40   0x00001b40   0x00000074   Code   RO          233    i.HAL_UART_MspInit  usart.o
    0x00001bb4   0x00001bb4   0x00000058   Code   RO         2359    i.HAL_UART_Receive_IT  stm32f0xx_hal_uart.o
    0x00001c0c   0x00001c0c   0x00000024   Code   RO          478    i.HAL_UART_RxCpltCallback  calibration_protocol.o
    0x00001c30   0x00001c30   0x000000c0   Code   RO         2363    i.HAL_UART_Transmit  stm32f0xx_hal_uart.o
    0x00001cf0   0x00001cf0   0x00000002   Code   RO         2366    i.HAL_UART_TxCpltCallback  stm32f0xx_hal_uart.o
    0x00001cf2   0x00001cf2   0x00000002   Code   RO          677    i.HardFault_Handler  stm32f0xx_it.o
    0x00001cf4   0x00001cf4   0x00000074   Code   RO          174    i.MX_GPIO_Init      gpio.o
    0x00001d68   0x00001d68   0x00000038   Code   RO          234    i.MX_USART1_UART_Init  usart.o
    0x00001da0   0x00001da0   0x00000002   Code   RO          678    i.NMI_Handler       stm32f0xx_it.o
    0x00001da2   0x00001da2   0x00000002   Code   RO          679    i.PendSV_Handler    stm32f0xx_it.o
    0x00001da4   0x00001da4   0x0000000c   Code   RO          541    i.PressureThreshold_GetRuntime  pressure_threshold_store.o
    0x00001db0   0x00001db0   0x00000014   Code   RO          542    i.PressureThreshold_IsValid  pressure_threshold_store.o
    0x00001dc4   0x00001dc4   0x00000040   Code   RO          543    i.PressureThreshold_Load  pressure_threshold_store.o
    0x00001e04   0x00001e04   0x0000008c   Code   RO          544    i.PressureThreshold_Save  pressure_threshold_store.o
    0x00001e90   0x00001e90   0x00000018   Code   RO          545    i.PressureThreshold_SetRuntime  pressure_threshold_store.o
    0x00001ea8   0x00001ea8   0x0000002c   Code   RO          546    i.PressureThreshold_SetRuntimeAndSave  pressure_threshold_store.o
    0x00001ed4   0x00001ed4   0x00000002   Code   RO          680    i.SVC_Handler       stm32f0xx_it.o
    0x00001ed6   0x00001ed6   0x00000008   Code   RO          681    i.SysTick_Handler   stm32f0xx_it.o
    0x00001ede   0x00001ede   0x0000006e   Code   RO           13    i.SystemClock_Config  main.o
    0x00001f4c   0x00001f4c   0x00000002   Code   RO         2757    i.SystemInit        system_stm32f0xx.o
    0x00001f4e   0x00001f4e   0x000000ca   Code   RO         2368    i.UART_AdvFeatureConfig  stm32f0xx_hal_uart.o
    0x00002018   0x00002018   0x000000c4   Code   RO         2369    i.UART_CheckIdleState  stm32f0xx_hal_uart.o
    0x000020dc   0x000020dc   0x00000014   Code   RO         2370    i.UART_DMAAbortOnError  stm32f0xx_hal_uart.o
    0x000020f0   0x000020f0   0x00000060   Code   RO         2380    i.UART_EndRxTransfer  stm32f0xx_hal_uart.o
    0x00002150   0x00002150   0x000000ce   Code   RO         2382    i.UART_RxISR_16BIT  stm32f0xx_hal_uart.o
    0x0000221e   0x0000221e   0x000000ce   Code   RO         2383    i.UART_RxISR_8BIT   stm32f0xx_hal_uart.o
    0x000022ec   0x000022ec   0x0000011c   Code   RO         2384    i.UART_SetConfig    stm32f0xx_hal_uart.o
    0x00002408   0x00002408   0x000000b0   Code   RO         2386    i.UART_Start_Receive_IT  stm32f0xx_hal_uart.o
    0x000024b8   0x000024b8   0x00000096   Code   RO         2389    i.UART_WaitOnFlagUntilTimeout  stm32f0xx_hal_uart.o
    0x0000254e   0x0000254e   0x00000002   PAD
    0x00002550   0x00002550   0x00000010   Code   RO          682    i.USART1_IRQHandler  stm32f0xx_it.o
    0x00002560   0x00002560   0x00000024   Code   RO          593    i.WeightCalibration_ApplySegmentCalibrationX10  weight_calibration.o
    0x00002584   0x00002584   0x000000b0   Code   RO          594    i.WeightCalibration_ApplyTableX10  weight_calibration.o
    0x00002634   0x00002634   0x0000003c   Code   RO          595    i.WeightCalibration_ClearRuntimeTable  weight_calibration.o
    0x00002670   0x00002670   0x00000028   Code   RO          596    i.WeightCalibration_CopyRuntimeTable  weight_calibration.o
    0x00002698   0x00002698   0x0000000c   Code   RO          597    i.WeightCalibration_GetRuntimePointCount  weight_calibration.o
    0x000026a4   0x000026a4   0x00000014   Code   RO          598    i.WeightCalibration_HasRuntimeTable  weight_calibration.o
    0x000026b8   0x000026b8   0x00000074   Code   RO          599    i.WeightCalibration_InterpolateSegmentX10  weight_calibration.o
    0x0000272c   0x0000272c   0x00000038   Code   RO          600    i.WeightCalibration_IsValidTable  weight_calibration.o
    0x00002764   0x00002764   0x0000004c   Code   RO          601    i.WeightCalibration_LoadRuntimeFromFlash  weight_calibration.o
    0x000027b0   0x000027b0   0x00000044   Code   RO          602    i.WeightCalibration_MakeCheck  weight_calibration.o
    0x000027f4   0x000027f4   0x00000014   Code   RO          603    i.WeightCalibration_MixCheck  weight_calibration.o
    0x00002808   0x00002808   0x000000a8   Code   RO          604    i.WeightCalibration_SaveRuntimeTable  weight_calibration.o
    0x000028b0   0x000028b0   0x00000030   Code   RO         1033    i.__ARM_common_ll_muluu  stm32f0xx_hal_rcc.o
    0x000028e0   0x000028e0   0x00000044   Code   RO         1907    i.__NVIC_SetPriority  stm32f0xx_hal_cortex.o
    0x00002924   0x00002924   0x00000178   Code   RO           14    i.main              main.o
    0x00002a9c   0x00002a9c   0x00000030   Data   RO          606    .constdata          weight_calibration.o
    0x00002acc   0x00002acc   0x00000020   Data   RO          959    .constdata          stm32f0xx_hal_rcc.o
    0x00002aec   0x00002aec   0x00000010   Data   RO         2758    .constdata          system_stm32f0xx.o
    0x00002afc   0x00002afc   0x00000008   Data   RO         2759    .constdata          system_stm32f0xx.o
    0x00002b04   0x00002b04   0x00000020   Data   RO         2979    Region$$Table       anon$$obj.o


    Execution Region RW_IRAM1 (Exec base: 0x20000000, Load base: 0x00002b24, Size: 0x00000870, Max: 0x00020000, ABSOLUTE)

    Exec Addr    Load Addr    Size         Type   Attr      Idx    E Section Name        Object

    0x20000000   0x00002b24   0x00000002   Data   RW           15    .data               main.o
    0x20000002   0x00002b26   0x00000002   PAD
    0x20000004   0x00002b28   0x0000000c   Data   RW          294    .data               cs1237.o
    0x20000010   0x00002b34   0x0000000c   Data   RW          480    .data               calibration_protocol.o
    0x2000001c   0x00002b40   0x00000002   Data   RW          547    .data               pressure_threshold_store.o
    0x2000001e   0x00002b42   0x00000001   Data   RW          607    .data               weight_calibration.o
    0x2000001f   0x00002b43   0x00000001   PAD
    0x20000020   0x00002b44   0x0000000c   Data   RW         1096    .data               stm32f0xx_hal.o
    0x2000002c   0x00002b50   0x00000004   Data   RW         2760    .data               system_stm32f0xx.o
    0x20000030        -       0x00000088   Zero   RW          235    .bss                usart.o
    0x200000b8        -       0x000000f8   Zero   RW          479    .bss                calibration_protocol.o
    0x200001b0        -       0x00000040   Zero   RW          605    .bss                weight_calibration.o
    0x200001f0        -       0x00000020   Zero   RW         2103    .bss                stm32f0xx_hal_flash.o
    0x20000210        -       0x00000060   Zero   RW         2852    .bss                c_p.l(libspace.o)
    0x20000270        -       0x00000200   Zero   RW            2    HEAP                startup_stm32f030x6.o
    0x20000470        -       0x00000400   Zero   RW            1    STACK               startup_stm32f030x6.o


==============================================================================

Image component sizes


      Code (inc. data)   RO Data    RW Data    ZI Data      Debug   Object Name

       764         62          0         12        248       8579   calibration_protocol.o
       900         46          0         12          0      10557   cs1237.o
       116          6          0          0          0        823   gpio.o
       490         12          0          2          0     245648   main.o
       304         66          0          2          0       4394   pressure_threshold_store.o
       210         10          0          0          0       3571   protocol.o
        56         26        176          0       1536        620   startup_stm32f030x6.o
       164         30          0         12          0       7681   stm32f0xx_hal.o
       148         24          0          0          0      10225   stm32f0xx_hal_cortex.o
       136          0          0          0          0       1691   stm32f0xx_hal_dma.o
       352         56          0          0         32       4590   stm32f0xx_hal_flash.o
       232         30          0          0          0       2965   stm32f0xx_hal_flash_ex.o
       442         24          0          0          0       2683   stm32f0xx_hal_gpio.o
        40          6          0          0          0        790   stm32f0xx_hal_msp.o
      1332         64         32          0          0       4513   stm32f0xx_hal_rcc.o
       232         14          0          0          0       1328   stm32f0xx_hal_rcc_ex.o
      2586         48          0          0          0      20152   stm32f0xx_hal_uart.o
        32          6          0          0          0       2487   stm32f0xx_it.o
         2          0         24          4          0       1063   system_stm32f0xx.o
       172         18          0          0        136       1574   usart.o
       848         70         48          1         64       9584   weight_calibration.o

    ----------------------------------------------------------------------
      9566        618        312         48       2016     345518   Object Totals
         0          0         32          0          0          0   (incl. Generated)
         8          0          0          3          0          0   (incl. Padding)

    ----------------------------------------------------------------------

      Code (inc. data)   RO Data    RW Data    ZI Data      Debug   Library Member Name

         8          0          0          0          0         68   __main.o
         0          0          0          0          0          0   __rtentry.o
        12          0          0          0          0          0   __rtentry2.o
         6          0          0          0          0          0   __rtentry4.o
        60          8          0          0          0          0   __scatter.o
        26          0          0          0          0          0   __scatter_copy.o
        28          0          0          0          0          0   __scatter_zi.o
       346          0          0          0          0         92   aeabi_sdiv.o
        16          0          0          0          0         68   exit.o
         6          0          0          0          0        136   heapauxi.o
         0          0          0          0          0          0   indicate_semi.o
         2          0          0          0          0          0   libinit.o
         2          0          0          0          0          0   libinit2.o
         2          0          0          0          0          0   libshutdown.o
         2          0          0          0          0          0   libshutdown2.o
         8          4          0          0         96         68   libspace.o
        48          0          0          0          0         72   llmul.o
       112          0          0          0          0         72   llsdiv.o
       258          0          0          0          0         88   lludiv.o
        34          0          0          0          0         68   llushr.o
        64          0          0          0          0        108   rt_memclr.o
         2          0          0          0          0          0   rtexit.o
        10          0          0          0          0          0   rtexit2.o
        12          4          0          0          0         60   sys_exit.o
        62          0          0          0          0         80   sys_stackheap_outer.o
        34          0          0          0          0         60   uread4.o
         2          0          0          0          0         68   use_no_semi.o

    ----------------------------------------------------------------------
      1166         16          0          0         96       1108   Library Totals
         4          0          0          0          0          0   (incl. Padding)

    ----------------------------------------------------------------------

      Code (inc. data)   RO Data    RW Data    ZI Data      Debug   Library Name

      1162         16          0          0         96       1108   c_p.l

    ----------------------------------------------------------------------
      1166         16          0          0         96       1108   Library Totals

    ----------------------------------------------------------------------

==============================================================================


      Code (inc. data)   RO Data    RW Data    ZI Data      Debug   

     10732        634        312         48       2112     341598   Grand Totals
     10732        634        312         48       2112     341598   ELF Image Totals
     10732        634        312         48          0          0   ROM Totals

==============================================================================

    Total RO  Size (Code + RO Data)                11044 (  10.79kB)
    Total RW  Size (RW Data + ZI Data)              2160 (   2.11kB)
    Total ROM Size (Code + RO Data + RW Data)      11092 (  10.83kB)

==============================================================================

